Archive member included to satisfy reference by file (symbol)

d:/st/stm32cubeide_1.0.0/stm32cubeide/plugins/com.st.stm32cube.ide.mcu.externaltools.gnu-tools-for-stm32.9-2020-q2-update.win32_1.5.0.202011040924/tools/bin/../lib/gcc/arm-none-eabi/9.3.1/../../../../arm-none-eabi/lib/thumb/v7e-m+fp/hard\libc_nano.a(lib_a-ctype_.o)
                              Src/files.o (_ctype_)
d:/st/stm32cubeide_1.0.0/stm32cubeide/plugins/com.st.stm32cube.ide.mcu.externaltools.gnu-tools-for-stm32.9-2020-q2-update.win32_1.5.0.202011040924/tools/bin/../lib/gcc/arm-none-eabi/9.3.1/../../../../arm-none-eabi/lib/thumb/v7e-m+fp/hard\libc_nano.a(lib_a-errno.o)
                              Src/syscalls.o (__errno)
d:/st/stm32cubeide_1.0.0/stm32cubeide/plugins/com.st.stm32cube.ide.mcu.externaltools.gnu-tools-for-stm32.9-2020-q2-update.win32_1.5.0.202011040924/tools/bin/../lib/gcc/arm-none-eabi/9.3.1/../../../../arm-none-eabi/lib/thumb/v7e-m+fp/hard\libc_nano.a(lib_a-exit.o)
                              d:/st/stm32cubeide_1.0.0/stm32cubeide/plugins/com.st.stm32cube.ide.mcu.externaltools.gnu-tools-for-stm32.9-2020-q2-update.win32_1.5.0.202011040924/tools/bin/../lib/gcc/arm-none-eabi/9.3.1/../../../../arm-none-eabi/lib/thumb/v7e-m+fp/hard/crt0.o (exit)
d:/st/stm32cubeide_1.0.0/stm32cubeide/plugins/com.st.stm32cube.ide.mcu.externaltools.gnu-tools-for-stm32.9-2020-q2-update.win32_1.5.0.202011040924/tools/bin/../lib/gcc/arm-none-eabi/9.3.1/../../../../arm-none-eabi/lib/thumb/v7e-m+fp/hard\libc_nano.a(lib_a-impure.o)
                              d:/st/stm32cubeide_1.0.0/stm32cubeide/plugins/com.st.stm32cube.ide.mcu.externaltools.gnu-tools-for-stm32.9-2020-q2-update.win32_1.5.0.202011040924/tools/bin/../lib/gcc/arm-none-eabi/9.3.1/../../../../arm-none-eabi/lib/thumb/v7e-m+fp/hard\libc_nano.a(lib_a-exit.o) (_global_impure_ptr)
d:/st/stm32cubeide_1.0.0/stm32cubeide/plugins/com.st.stm32cube.ide.mcu.externaltools.gnu-tools-for-stm32.9-2020-q2-update.win32_1.5.0.202011040924/tools/bin/../lib/gcc/arm-none-eabi/9.3.1/../../../../arm-none-eabi/lib/thumb/v7e-m+fp/hard\libc_nano.a(lib_a-init.o)
                              d:/st/stm32cubeide_1.0.0/stm32cubeide/plugins/com.st.stm32cube.ide.mcu.externaltools.gnu-tools-for-stm32.9-2020-q2-update.win32_1.5.0.202011040924/tools/bin/../lib/gcc/arm-none-eabi/9.3.1/../../../../arm-none-eabi/lib/thumb/v7e-m+fp/hard/crt0.o (__libc_init_array)
d:/st/stm32cubeide_1.0.0/stm32cubeide/plugins/com.st.stm32cube.ide.mcu.externaltools.gnu-tools-for-stm32.9-2020-q2-update.win32_1.5.0.202011040924/tools/bin/../lib/gcc/arm-none-eabi/9.3.1/../../../../arm-none-eabi/lib/thumb/v7e-m+fp/hard\libc_nano.a(lib_a-malloc.o)
                              Middlewares/ST/STM32_USB_Device_Library/Class/CDC/Src/usbd_cdc.o (malloc)
d:/st/stm32cubeide_1.0.0/stm32cubeide/plugins/com.st.stm32cube.ide.mcu.externaltools.gnu-tools-for-stm32.9-2020-q2-update.win32_1.5.0.202011040924/tools/bin/../lib/gcc/arm-none-eabi/9.3.1/../../../../arm-none-eabi/lib/thumb/v7e-m+fp/hard\libc_nano.a(lib_a-memcmp.o)
                              Src/cue_sheet.o (memcmp)
d:/st/stm32cubeide_1.0.0/stm32cubeide/plugins/com.st.stm32cube.ide.mcu.externaltools.gnu-tools-for-stm32.9-2020-q2-update.win32_1.5.0.202011040924/tools/bin/../lib/gcc/arm-none-eabi/9.3.1/../../../../arm-none-eabi/lib/thumb/v7e-m+fp/hard\libc_nano.a(lib_a-memcpy-stub.o)
                              Src/files.o (memcpy)
d:/st/stm32cubeide_1.0.0/stm32cubeide/plugins/com.st.stm32cube.ide.mcu.externaltools.gnu-tools-for-stm32.9-2020-q2-update.win32_1.5.0.202011040924/tools/bin/../lib/gcc/arm-none-eabi/9.3.1/../../../../arm-none-eabi/lib/thumb/v7e-m+fp/hard\libc_nano.a(lib_a-memset.o)
                              d:/st/stm32cubeide_1.0.0/stm32cubeide/plugins/com.st.stm32cube.ide.mcu.externaltools.gnu-tools-for-stm32.9-2020-q2-update.win32_1.5.0.202011040924/tools/bin/../lib/gcc/arm-none-eabi/9.3.1/../../../../arm-none-eabi/lib/thumb/v7e-m+fp/hard/crt0.o (memset)
d:/st/stm32cubeide_1.0.0/stm32cubeide/plugins/com.st.stm32cube.ide.mcu.externaltools.gnu-tools-for-stm32.9-2020-q2-update.win32_1.5.0.202011040924/tools/bin/../lib/gcc/arm-none-eabi/9.3.1/../../../../arm-none-eabi/lib/thumb/v7e-m+fp/hard\libc_nano.a(lib_a-nano-freer.o)
                              d:/st/stm32cubeide_1.0.0/stm32cubeide/plugins/com.st.stm32cube.ide.mcu.externaltools.gnu-tools-for-stm32.9-2020-q2-update.win32_1.5.0.202011040924/tools/bin/../lib/gcc/arm-none-eabi/9.3.1/../../../../arm-none-eabi/lib/thumb/v7e-m+fp/hard\libc_nano.a(lib_a-malloc.o) (_free_r)
d:/st/stm32cubeide_1.0.0/stm32cubeide/plugins/com.st.stm32cube.ide.mcu.externaltools.gnu-tools-for-stm32.9-2020-q2-update.win32_1.5.0.202011040924/tools/bin/../lib/gcc/arm-none-eabi/9.3.1/../../../../arm-none-eabi/lib/thumb/v7e-m+fp/hard\libc_nano.a(lib_a-nano-mallocr.o)
[...]
Memory Configuration

Name             Origin             Length             Attributes
FLASH            0x0000000008004000 0x000000000000c000 xr
RAM              0x0000000020000000 0x0000000000040000 xrw
*default*        0x0000000000000000 0xffffffffffffffff

Linker script and memory map

LOAD d:/st/stm32cubeide_1.0.0/stm32cubeide/plugins/com.st.stm32cube.ide.mcu.externaltools.gnu-tools-for-stm32.9-2020-q2-update.win32_1.5.0.202011040924/tools/bin/../lib/gcc/arm-none-eabi/9.3.1/thumb/v7e-m+fp/hard/crti.o
LOAD d:/st/stm32cubeide_1.0.0/stm32cubeide/plugins/com.st.stm32cube.ide.mcu.externaltools.gnu-tools-for-stm32.9-2020-q2-update.win32_1.5.0.202011040924/tools/bin/../lib/gcc/arm-none-eabi/9.3.1/thumb/v7e-m+fp/hard/crtbegin.o
LOAD d:/st/stm32cubeide_1.0.0/stm32cubeide/plugins/com.st.stm32cube.ide.mcu.externaltools.gnu-tools-for-stm32.9-2020-q2-update.win32_1.5.0.202011040924/tools/bin/../lib/gcc/arm-none-eabi/9.3.1/../../../../arm-none-eabi/lib/thumb/v7e-m+fp/hard/crt0.o
LOAD Drivers/STM32F7xx_HAL_Driver/Src/stm32f7xx_hal.o
LOAD Drivers/STM32F7xx_HAL_Driver/Src/stm32f7xx_hal_cortex.o
LOAD Drivers/STM32F7xx_HAL_Driver/Src/stm32f7xx_hal_dma.o
LOAD Drivers/STM32F7xx_HAL_Driver/Src/stm32f7xx_hal_dma_ex.o
LOAD Drivers/STM32F7xx_HAL_Driver/Src/stm32f7xx_hal_exti.o
LOAD Drivers/STM32F7xx_HAL_Driver/Src/stm32f7xx_hal_flash.o
LOAD Drivers/STM32F7xx_HAL_Driver/Src/stm32f7xx_hal_flash_ex.o
LOAD Drivers/STM32F7xx_HAL_Driver/Src/stm32f7xx_hal_gpio.o
LOAD Drivers/STM32F7xx_HAL_Driver/Src/stm32f7xx_hal_i2c.o
LOAD Drivers/STM32F7xx_HAL_Driver/Src/stm32f7xx_hal_i2c_ex.o
LOAD Drivers/STM32F7xx_HAL_Driver/Src/stm32f7xx_hal_i2s.o
LOAD Drivers/STM32F7xx_HAL_Driver/Src/stm32f7xx_hal_pcd.o
LOAD Drivers/STM32F7xx_HAL_Driver/Src/stm32f7xx_hal_pcd_ex.o
LOAD Drivers/STM32F7xx_HAL_Driver/Src/stm32f7xx_hal_pwr.o
LOAD Drivers/STM32F7xx_HAL_Driver/Src/stm32f7xx_hal_pwr_ex.o
LOAD Drivers/STM32F7xx_HAL_Driver/Src/stm32f7xx_hal_rcc.o
LOAD Drivers/STM32F7xx_HAL_Driver/Src/stm32f7xx_hal_rcc_ex.o
LOAD Drivers/STM32F7xx_HAL_Driver/Src/stm32f7xx_hal_tim.o
LOAD Drivers/STM32F7xx_HAL_Driver/Src/stm32f7xx_hal_tim_ex.o
LOAD Drivers/STM32F7xx_HAL_Driver/Src/stm32f7xx_ll_dma.o
LOAD Drivers/STM32F7xx_HAL_Driver/Src/stm32f7xx_ll_exti.o
LOAD Drivers/STM32F7xx_HAL_Driver/Src/stm32f7xx_ll_gpio.o
LOAD Drivers/STM32F7xx_HAL_Driver/Src/stm32f7xx_ll_rcc.o
LOAD Drivers/STM32F7xx_HAL_Driver/Src/stm32f7xx_ll_spi.o
LOAD Drivers/STM32F7xx_HAL_Driver/Src/stm32f7xx_ll_usb.o
LOAD Drivers/STM32F7xx_HAL_Driver/Src/stm32f7xx_ll_utils.o
LOAD Middlewares/ST/STM32_USB_Device_Library/Class/CDC/Src/usbd_cdc.o
LOAD Middlewares/ST/STM32_USB_Device_Library/Core/Src/usbd_core.o
LOAD Middlewares/ST/STM32_USB_Device_Library/Core/Src/usbd_ctlreq.o
LOAD Middlewares/ST/STM32_USB_Device_Library/Core/Src/usbd_ioreq.o
LOAD Middlewares/Third_Party/FatFs/src/diskio.o
LOAD Middlewares/Third_Party/FatFs/src/ff.o
LOAD Middlewares/Third_Party/FatFs/src/ff_gen_drv.o
LOAD Middlewares/Third_Party/FatFs/src/option/syscall.o
LOAD Src/cdda.o
LOAD Src/console_cmd.o
LOAD Src/cpld_comm.o
LOAD Src/cue_sheet.o
LOAD Src/fatfs.o
LOAD Src/files.o
LOAD Src/flash.o
LOAD Src/init_clocks.o
LOAD Src/init_gpio.o
LOAD Src/init_spi.o
LOAD Src/jtag.o
LOAD Src/leds.o
LOAD Src/main.o
LOAD Src/sd.o
LOAD Src/stm32f7xx_it.o
LOAD Src/syscalls.o
LOAD Src/sysmem.o
LOAD Src/system_stm32f7xx.o
LOAD Src/update.o
LOAD Src/usb_device.o
LOAD Src/usbd_cdc_if.o
LOAD Src/usbd_conf.o
LOAD Src/usbd_desc.o
LOAD Src/user_diskio.o
LOAD Src/util.o
LOAD Src/xmodem.o
LOAD Startup/startup_stm32f730r8tx.o
START GROUP
LOAD d:/st/stm32cubeide_1.0.0/stm32cubeide/plugins/com.st.stm32cube.ide.mcu.externaltools.gnu-tools-for-stm32.9-2020-q2-update.win32_1.5.0.202011040924/tools/bin/../lib/gcc/arm-none-eabi/9.3.1/../../../../arm-none-eabi/lib/thumb/v7e-m+fp/hard\libc_nano.a
LOAD d:/st/stm32cubeide_1.0.0/stm32cubeide/plugins/com.st.stm32cube.ide.mcu.externaltools.gnu-tools-for-stm32.9-2020-q2-update.win32_1.5.0.202011040924/tools/bin/../lib/gcc/arm-none-eabi/9.3.1/../../../../arm-none-eabi/lib/thumb/v7e-m+fp/hard\libm.a
END GROUP
START GROUP
LOAD d:/st/stm32cubeide_1.0.0/stm32cubeide/plugins/com.st.stm32cube.ide.mcu.externaltools.gnu-tools-for-stm32.9-2020-q2-update.win32_1.5.0.202011040924/tools/bin/../lib/gcc/arm-none-eabi/9.3.1/thumb/v7e-m+fp/hard\libgcc.a
LOAD d:/st/stm32cubeide_1.0.0/stm32cubeide/plugins/com.st.stm32cube.ide.mcu.externaltools.gnu-tools-for-stm32.9-2020-q2-update.win32_1.5.0.202011040924/tools/bin/../lib/gcc/arm-none-eabi/9.3.1/../../../../arm-none-eabi/lib/thumb/v7e-m+fp/hard\libc_nano.a
END GROUP
START GROUP
LOAD d:/st/stm32cubeide_1.0.0/stm32cubeide/plugins/com.st.stm32cube.ide.mcu.externaltools.gnu-tools-for-stm32.9-2020-q2-update.win32_1.5.0.202011040924/tools/bin/../lib/gcc/arm-none-eabi/9.3.1/thumb/v7e-m+fp/hard\libgcc.a
LOAD d:/st/stm32cubeide_1.0.0/stm32cubeide/plugins/com.st.stm32cube.ide.mcu.externaltools.gnu-tools-for-stm32.9-2020-q2-update.win32_1.5.0.202011040924/tools/bin/../lib/gcc/arm-none-eabi/9.3.1/../../../../arm-none-eabi/lib/thumb/v7e-m+fp/hard\libc_nano.a
LOAD d:/st/stm32cubeide_1.0.0/stm32cubeide/plugins/com.st.stm32cube.ide.mcu.externaltools.gnu-tools-for-stm32.9-2020-q2-update.win32_1.5.0.202011040924/tools/bin/../lib/gcc/arm-none-eabi/9.3.1/../../../../arm-none-eabi/lib/thumb/v7e-m+fp/hard\libnosys.a
END GROUP
START GROUP
LOAD d:/st/stm32cubeide_1.0.0/stm32cubeide/plugins/com.st.stm32cube.ide.mcu.externaltools.gnu-tools-for-stm32.9-2020-q2-update.win32_1.5.0.202011040924/tools/bin/../lib/gcc/arm-none-eabi/9.3.1/thumb/v7e-m+fp/hard\libgcc.a
LOAD d:/st/stm32cubeide_1.0.0/stm32cubeide/plugins/com.st.stm32cube.ide.mcu.externaltools.gnu-tools-for-stm32.9-2020-q2-update.win32_1.5.0.202011040924/tools/bin/../lib/gcc/arm-none-eabi/9.3.1/../../../../arm-none-eabi/lib/thumb/v7e-m+fp/hard\libc_nano.a
LOAD d:/st/stm32cubeide_1.0.0/stm32cubeide/plugins/com.st.stm32cube.ide.mcu.externaltools.gnu-tools-for-stm32.9-2020-q2-update.win32_1.5.0.202011040924/tools/bin/../lib/gcc/arm-none-eabi/9.3.1/../../../../arm-none-eabi/lib/thumb/v7e-m+fp/hard\libnosys.a
END GROUP
LOAD d:/st/stm32cubeide_1.0.0/stm32cubeide/plugins/com.st.stm32cube.ide.mcu.externaltools.gnu-tools-for-stm32.9-2020-q2-update.win32_1.5.0.202011040924/tools/bin/../lib/gcc/arm-none-eabi/9.3.1/thumb/v7e-m+fp/hard/crtend.o
LOAD d:/st/stm32cubeide_1.0.0/stm32cubeide/plugins/com.st.stm32cube.ide.mcu.externaltools.gnu-tools-for-stm32.9-2020-q2-update.win32_1.5.0.202011040924/tools/bin/../lib/gcc/arm-none-eabi/9.3.1/thumb/v7e-m+fp/hard/crtn.o
                0x000000002003ffff                _estack = 0x2003ffff
                0x0000000000000200                _Min_Heap_Size = 0x200
                0x0000000000000400                _Min_Stack_Size = 0x400

.isr_vector     0x0000000008004000      0x1e0
                0x0000000008004000                . = ALIGN (0x4)
 *(.isr_vector)
 .isr_vector    0x0000000008004000      0x1e0 Startup/startup_stm32f730r8tx.o
                0x0000000008004000                g_pfnVectors
                0x00000000080041e0                . = ALIGN (0x4)

.text           0x00000000080041e0     0x8d04
                0x00000000080041e0                . = ALIGN (0x4)
 *(.text)
 .text          0x00000000080041e0       0x40 d:/st/stm32cubeide_1.0.0/stm32cubeide/plugins/com.st.stm32cube.ide.mcu.externaltools.gnu-tools-for-stm32.9-2020-q2-update.win32_1.5.0.202011040924/tools/bin/../lib/gcc/arm-none-eabi/9.3.1/thumb/v7e-m+fp/hard/crtbegin.o
 .text          0x0000000008004220       0x10 d:/st/stm32cubeide_1.0.0/stm32cubeide/plugins/com.st.stm32cube.ide.mcu.externaltools.gnu-tools-for-stm32.9-2020-q2-update.win32_1.5.0.202011040924/tools/bin/../lib/gcc/arm-none-eabi/9.3.1/../../../../arm-none-eabi/lib/thumb/v7e-m+fp/hard\libc_nano.a(lib_a-strlen.o)
                0x0000000008004220                strlen
 .text          0x0000000008004230       0xa0 d:/st/stm32cubeide_1.0.0/stm32cubeide/plugins/com.st.stm32cube.ide.mcu.externaltools.gnu-tools-for-stm32.9-2020-q2-update.win32_1.5.0.202011040924/tools/bin/../lib/gcc/arm-none-eabi/9.3.1/../../../../arm-none-eabi/lib/thumb/v7e-m+fp/hard\libc_nano.a(lib_a-memchr.o)
                0x0000000008004230                memchr
 *(.text*)
 .text.HAL_MspInit
                0x00000000080042d0        0x4 Drivers/STM32F7xx_HAL_Driver/Src/stm32f7xx_hal.o
                0x00000000080042d0                HAL_MspInit
 .text.HAL_InitTick
                0x00000000080042d4       0x48 Drivers/STM32F7xx_HAL_Driver/Src/stm32f7xx_hal.o
                0x00000000080042d4                HAL_InitTick
 .text.HAL_Init
                0x000000000800431c       0x18 Drivers/STM32F7xx_HAL_Driver/Src/stm32f7xx_hal.o
                0x000000000800431c                HAL_Init
 .text.HAL_IncTick
                0x0000000008004334       0x18 Drivers/STM32F7xx_HAL_Driver/Src/stm32f7xx_hal.o
                0x0000000008004334                HAL_IncTick
 .text.HAL_NVIC_SetPriorityGrouping
                0x000000000800434c       0x28 Drivers/STM32F7xx_HAL_Driver/Src/stm32f7xx_hal_cortex.o
                0x000000000800434c                HAL_NVIC_SetPriorityGrouping
 .text.HAL_NVIC_SetPriority
                0x0000000008004374       0x74 Drivers/STM32F7xx_HAL_Driver/Src/stm32f7xx_hal_cortex.o
                0x0000000008004374                HAL_NVIC_SetPriority
 .text.HAL_SYSTICK_Config
                0x00000000080043e8       0x30 Drivers/STM32F7xx_HAL_Driver/Src/stm32f7xx_hal_cortex.o
                0x00000000080043e8                HAL_SYSTICK_Config
 .text.HAL_I2S_MspDeInit
                0x0000000008004418        0x4 Drivers/STM32F7xx_HAL_Driver/Src/stm32f7xx_hal_i2s.o
                0x0000000008004418                HAL_I2S_MspDeInit
 .text.HAL_I2S_DeInit
                0x000000000800441c       0x30 Drivers/STM32F7xx_HAL_Driver/Src/stm32f7xx_hal_i2s.o
                0x000000000800441c                HAL_I2S_DeInit
 .text.HAL_TIM_Base_MspInit
                0x000000000800444c        0x4 Drivers/STM32F7xx_HAL_Driver/Src/stm32f7xx_hal_tim.o
                0x000000000800444c                HAL_TIM_Base_MspInit
 .text.HAL_TIM_Base_Init
                0x0000000008004450      0x128 Drivers/STM32F7xx_HAL_Driver/Src/stm32f7xx_hal_tim.o
                0x0000000008004450                HAL_TIM_Base_Init
 .text.HAL_TIM_Base_Start
                0x0000000008004578       0x38 Drivers/STM32F7xx_HAL_Driver/Src/stm32f7xx_hal_tim.o
                0x0000000008004578                HAL_TIM_Base_Start
 .text.LL_EXTI_Init
                0x00000000080045b0       0xc4 Drivers/STM32F7xx_HAL_Driver/Src/stm32f7xx_ll_exti.o
                0x00000000080045b0                LL_EXTI_Init
 .text.LL_GPIO_Init
                0x0000000008004674      0x168 Drivers/STM32F7xx_HAL_Driver/Src/stm32f7xx_ll_gpio.o
                0x0000000008004674                LL_GPIO_Init
 .text.LL_mDelay
                0x00000000080047dc       0x24 Drivers/STM32F7xx_HAL_Driver/Src/stm32f7xx_ll_utils.o
                0x00000000080047dc                LL_mDelay
 .text.disk_status
                0x0000000008004800       0x14 Middlewares/Third_Party/FatFs/src/diskio.o
                0x0000000008004800                disk_status
 .text.disk_initialize
                0x0000000008004814       0x28 Middlewares/Third_Party/FatFs/src/diskio.o
                0x0000000008004814                disk_initialize
 .text.disk_read
                0x000000000800483c       0x1c Middlewares/Third_Party/FatFs/src/diskio.o
                0x000000000800483c                disk_read
 .text.disk_write
                0x0000000008004858       0x1c Middlewares/Third_Party/FatFs/src/diskio.o
                0x0000000008004858                disk_write
 .text.disk_ioctl
                0x0000000008004874       0x1c Middlewares/Third_Party/FatFs/src/diskio.o
                0x0000000008004874                disk_ioctl
 .text.get_fileinfo
                0x0000000008004890      0x10c Middlewares/Third_Party/FatFs/src/ff.o
 .text.move_window.part.0
                0x000000000800499c       0x74 Middlewares/Third_Party/FatFs/src/ff.o
 .text.put_fat.part.0
                0x0000000008004a10      0x13c Middlewares/Third_Party/FatFs/src/ff.o
 .text.get_fat.isra.0
                0x0000000008004b4c       0xd8 Middlewares/Third_Party/FatFs/src/ff.o
 .text.dir_next.constprop.0
                0x0000000008004c24       0x88 Middlewares/Third_Party/FatFs/src/ff.o
 .text.dir_read.constprop.0
                0x0000000008004cac      0x4e0 Middlewares/Third_Party/FatFs/src/ff.o
 .text.sync_fs  0x000000000800518c       0xe4 Middlewares/Third_Party/FatFs/src/ff.o
 .text.create_chain
                0x0000000008005270      0x1b0 Middlewares/Third_Party/FatFs/src/ff.o
 .text.check_fs
                0x0000000008005420       0xac Middlewares/Third_Party/FatFs/src/ff.o
 .text.find_volume
                0x00000000080054cc      0x3e4 Middlewares/Third_Party/FatFs/src/ff.o
 .text.dir_sdi  0x00000000080058b0      0x18c Middlewares/Third_Party/FatFs/src/ff.o
 .text.dir_remove
                0x0000000008005a3c      0x134 Middlewares/Third_Party/FatFs/src/ff.o
 .text.dir_find
                0x0000000008005b70      0x36c Middlewares/Third_Party/FatFs/src/ff.o
 .text.follow_path
                0x0000000008005edc      0x338 Middlewares/Third_Party/FatFs/src/ff.o
 .text.remove_chain
                0x0000000008006214      0x150 Middlewares/Third_Party/FatFs/src/ff.o
 .text.dir_register
                0x0000000008006364      0xb10 Middlewares/Third_Party/FatFs/src/ff.o
 .text.f_mount  0x0000000008006e74       0x90 Middlewares/Third_Party/FatFs/src/ff.o
                0x0000000008006e74                f_mount
 .text.f_open   0x0000000008006f04      0x3fc Middlewares/Third_Party/FatFs/src/ff.o
                0x0000000008006f04                f_open
 .text.f_read   0x0000000008007300      0x26c Middlewares/Third_Party/FatFs/src/ff.o
                0x0000000008007300                f_read
 .text.f_write  0x000000000800756c      0x2c0 Middlewares/Third_Party/FatFs/src/ff.o
                0x000000000800756c                f_write
 .text.f_close  0x000000000800782c      0x118 Middlewares/Third_Party/FatFs/src/ff.o
                0x000000000800782c                f_close
 .text.f_lseek  0x0000000008007944      0x394 Middlewares/Third_Party/FatFs/src/ff.o
                0x0000000008007944                f_lseek
 .text.f_opendir
                0x0000000008007cd8      0x100 Middlewares/Third_Party/FatFs/src/ff.o
                0x0000000008007cd8                f_opendir
 .text.f_closedir
                0x0000000008007dd8       0x68 Middlewares/Third_Party/FatFs/src/ff.o
                0x0000000008007dd8                f_closedir
 .text.f_readdir
                0x0000000008007e40       0x5c Middlewares/Third_Party/FatFs/src/ff.o
                0x0000000008007e40                f_readdir
 .text.f_unlink
                0x0000000008007e9c       0xdc Middlewares/Third_Party/FatFs/src/ff.o
                0x0000000008007e9c                f_unlink
 .text.FATFS_LinkDriver
                0x0000000008007f78       0x48 Middlewares/Third_Party/FatFs/src/ff_gen_drv.o
                0x0000000008007f78                FATFS_LinkDriver
 .text.CDDA_Stop.part.0
                0x0000000008007fc0       0xa8 Src/cdda.o
 .text.CDDA_Stop
                0x0000000008008068       0x14 Src/cdda.o
                0x0000000008008068                CDDA_Stop
 .text.CDDA_Refill
                0x000000000800807c      0x110 Src/cdda.o
                0x000000000800807c                CDDA_Refill
 .text.CDDA_Play
                0x000000000800818c      0x190 Src/cdda.o
                0x000000000800818c                CDDA_Play
 .text.load_CD_sector
                0x000000000800831c       0x88 Src/console_cmd.o
                0x000000000800831c                load_CD_sector
 .text.ExecCmd  0x00000000080083a4      0x818 Src/console_cmd.o
                0x00000000080083a4                ExecCmd
 .text.TickMCUCLK
                0x0000000008008bbc       0x24 Src/cpld_comm.o
                0x0000000008008bbc                TickMCUCLK
 .text.SetMCUData
                0x0000000008008be0        0xc Src/cpld_comm.o
                0x0000000008008be0                SetMCUData
 .text.ReadCPLDData
                0x0000000008008bec       0x5c Src/cpld_comm.o
                0x0000000008008bec                ReadCPLDData
 .text.WriteCPLDData
                0x0000000008008c48       0x78 Src/cpld_comm.o
                0x0000000008008c48                WriteCPLDData
 .text.SetMCUBusInput
                0x0000000008008cc0        0xc Src/cpld_comm.o
                0x0000000008008cc0                SetMCUBusInput
 .text.SetMCUBusOutput
                0x0000000008008ccc       0x10 Src/cpld_comm.o
                0x0000000008008ccc                SetMCUBusOutput
 .text.SetRunLoader
                0x0000000008008cdc       0x58 Src/cpld_comm.o
                0x0000000008008cdc                SetRunLoader
 .text.SetRunStock
                0x0000000008008d34       0x74 Src/cpld_comm.o
                0x0000000008008d34                SetRunStock
 .text.ParseCueSheet
                0x0000000008008da8      0x2b4 Src/cue_sheet.o
                0x0000000008008da8                ParseCueSheet
 .text.OpenDataTrack
                0x000000000800905c       0x80 Src/cue_sheet.o
                0x000000000800905c                OpenDataTrack
 .text.OpenAudioTrack
                0x00000000080090dc       0x7c Src/cue_sheet.o
                0x00000000080090dc                OpenAudioTrack
 .text.MX_FATFS_Init
                0x0000000008009158       0x1c Src/fatfs.o
                0x0000000008009158                MX_FATFS_Init
 .text.ASCIICompare
                0x0000000008009174       0x6c Src/files.o
                0x0000000008009174                ASCIICompare
 .text.search_ext
                0x00000000080091e0       0xa0 Src/files.o
                0x00000000080091e0                search_ext
 .text.listfiles
                0x0000000008009280      0x314 Src/files.o
                0x0000000008009280                listfiles
 .text.CmdFlash
                0x0000000008009594       0xe8 Src/flash.o
                0x0000000008009594                CmdFlash
 .text.WriteFlash
                0x000000000800967c       0x5c Src/flash.o
                0x000000000800967c                WriteFlash
 .text.ReadMem  0x00000000080096d8       0x74 Src/flash.o
                0x00000000080096d8                ReadMem
 .text.EraseFlash
                0x000000000800974c       0x8c Src/flash.o
                0x000000000800974c                EraseFlash
 .text.SystemClock_Config
                0x00000000080097d8      0x114 Src/init_clocks.o
                0x00000000080097d8                SystemClock_Config
 .text.I2SOutputEnable
                0x00000000080098ec       0x2c Src/init_gpio.o
                0x00000000080098ec                I2SOutputEnable
 .text.I2SOutputDisable
                0x0000000008009918       0x28 Src/init_gpio.o
                0x0000000008009918                I2SOutputDisable
 .text.MX_GPIO_Init
                0x0000000008009940      0x190 Src/init_gpio.o
                0x0000000008009940                MX_GPIO_Init
 .text.MX_I2S1_Init
                0x0000000008009ad0       0x48 Src/init_spi.o
                0x0000000008009ad0                MX_I2S1_Init
 .text.MX_SPI2_Init
                0x0000000008009b18       0xac Src/init_spi.o
                0x0000000008009b18                MX_SPI2_Init
 .text.JTAG_SIR.constprop.0
                0x0000000008009bc4      0x124 Src/jtag.o
 .text.JTAG_SDR.constprop.2
                0x0000000008009ce8       0xf4 Src/jtag.o
 .text.JTAG_Reset
                0x0000000008009ddc       0xa4 Src/jtag.o
                0x0000000008009ddc                JTAG_Reset
 .text.JTAG_SetAddress
                0x0000000008009e80      0x128 Src/jtag.o
                0x0000000008009e80                JTAG_SetAddress
 .text.JTAG_Code
                0x0000000008009fa8      0x198 Src/jtag.o
                0x0000000008009fa8                JTAG_Code
 .text.JTAG_Erase
                0x000000000800a140       0x58 Src/jtag.o
                0x000000000800a140                JTAG_Erase
 .text.JTAG_Enable
                0x000000000800a198       0x1c Src/jtag.o
                0x000000000800a198                JTAG_Enable
 .text.JTAG_Disable
                0x000000000800a1b4       0x30 Src/jtag.o
                0x000000000800a1b4                JTAG_Disable
 .text.JTAG_StartProgram
                0x000000000800a1e4       0x20 Src/jtag.o
                0x000000000800a1e4                JTAG_StartProgram
 .text.JTAG_Program
                0x000000000800a204      0x12c Src/jtag.o
                0x000000000800a204                JTAG_Program
 .text.JTAG_StartRead
                0x000000000800a330       0x20 Src/jtag.o
                0x000000000800a330                JTAG_StartRead
 .text.JTAG_Verify
                0x000000000800a350      0x134 Src/jtag.o
                0x000000000800a350                JTAG_Verify
 .text.JTAG_ProgramDone
                0x000000000800a484       0x70 Src/jtag.o
                0x000000000800a484                JTAG_ProgramDone
 .text.setLED   0x000000000800a4f4       0x18 Src/leds.o
                0x000000000800a4f4                setLED
 .text.blink_code
                0x000000000800a50c       0x4c Src/leds.o
                0x000000000800a50c                blink_code
 .text.startup.main
                0x000000000800a558      0x36c Src/main.o
                0x000000000800a558                main
 .text.Error_Handler
                0x000000000800a8c4        0x4 Src/main.o
                0x000000000800a8c4                Error_Handler
 .text.SPI_Send
                0x000000000800a8c8       0x1c Src/sd.o
                0x000000000800a8c8                SPI_Send
 .text.SD_WaitNotBusy
                0x000000000800a8e4       0x50 Src/sd.o
                0x000000000800a8e4                SD_WaitNotBusy
 .text.SD_Cmd   0x000000000800a934      0x198 Src/sd.o
                0x000000000800a934                SD_Cmd
 .text.SD_Init  0x000000000800aacc      0x59c Src/sd.o
                0x000000000800aacc                SD_Init
 .text.NMI_Handler
                0x000000000800b068        0x4 Src/stm32f7xx_it.o
                0x000000000800b068                NMI_Handler
 .text.HardFault_Handler
                0x000000000800b06c        0x4 Src/stm32f7xx_it.o
                0x000000000800b06c                HardFault_Handler
 .text.MemManage_Handler
                0x000000000800b070        0x4 Src/stm32f7xx_it.o
                0x000000000800b070                MemManage_Handler
 .text.BusFault_Handler
                0x000000000800b074        0x4 Src/stm32f7xx_it.o
                0x000000000800b074                BusFault_Handler
 .text.UsageFault_Handler
                0x000000000800b078        0x4 Src/stm32f7xx_it.o
                0x000000000800b078                UsageFault_Handler
 .text.SVC_Handler
                0x000000000800b07c        0x4 Src/stm32f7xx_it.o
                0x000000000800b07c                SVC_Handler
 .text.DebugMon_Handler
                0x000000000800b080        0x4 Src/stm32f7xx_it.o
                0x000000000800b080                DebugMon_Handler
 .text.PendSV_Handler
                0x000000000800b084        0x4 Src/stm32f7xx_it.o
                0x000000000800b084                PendSV_Handler
 .text.SysTick_Handler
                0x000000000800b088        0x4 Src/stm32f7xx_it.o
                0x000000000800b088                SysTick_Handler
 .text.EXTI9_5_IRQHandler
                0x000000000800b08c      0x180 Src/stm32f7xx_it.o
                0x000000000800b08c                EXTI9_5_IRQHandler
 .text.DMA2_Stream3_IRQHandler
                0x000000000800b20c       0x34 Src/stm32f7xx_it.o
                0x000000000800b20c                DMA2_Stream3_IRQHandler
 .text._sbrk    0x000000000800b240       0x40 Src/sysmem.o
                0x000000000800b240                _sbrk
 .text.SystemInit
                0x000000000800b280       0x50 Src/system_stm32f7xx.o
                0x000000000800b280                SystemInit
 .text.SystemCoreClockUpdate
                0x000000000800b2d0       0x70 Src/system_stm32f7xx.o
                0x000000000800b2d0                SystemCoreClockUpdate
 .text.CheckUpdateFile
                0x000000000800b340       0xc0 Src/update.o
                0x000000000800b340                CheckUpdateFile
 .text.CPLDUpdate
                0x000000000800b400       0xa8 Src/update.o
                0x000000000800b400                CPLDUpdate
 .text.DumpSystemROM
                0x000000000800b4a8       0xec Src/update.o
                0x000000000800b4a8                DumpSystemROM
 .text.DoUpdate
                0x000000000800b594      0x298 Src/update.o
                0x000000000800b594                DoUpdate
 .text.USER_status
                0x000000000800b82c       0x10 Src/user_diskio.o
                0x000000000800b82c                USER_status
 .text.USER_ioctl
                0x000000000800b83c        0x4 Src/user_diskio.o
                0x000000000800b83c                USER_ioctl
 .text.USER_initialize
                0x000000000800b840       0x14 Src/user_diskio.o
                0x000000000800b840                USER_initialize
 .text.USER_read
                0x000000000800b854      0x124 Src/user_diskio.o
                0x000000000800b854                USER_read
 .text.USER_write
                0x000000000800b978       0xb0 Src/user_diskio.o
                0x000000000800b978                USER_write
 .text.ff_convert
                0x000000000800ba28        0x8 Src/user_diskio.o
                0x000000000800ba28                ff_convert
 .text.ff_wtoupper
                0x000000000800ba30       0x18 Src/user_diskio.o
                0x000000000800ba30                ff_wtoupper
 .text.DMAResetRegisters
                0x000000000800ba48       0x14 Src/util.o
                0x000000000800ba48                DMAResetRegisters
 .text.SetMode  0x000000000800ba5c      0x130 Src/util.o
                0x000000000800ba5c                SetMode
 .text.delay_us
                0x000000000800bb8c       0x14 Src/util.o
                0x000000000800bb8c                delay_us
 .text.BCDtoHex
                0x000000000800bba0       0x10 Src/util.o
                0x000000000800bba0                BCDtoHex
 .text.Reset_Handler
                0x000000000800bbb0       0x50 Startup/startup_stm32f730r8tx.o
                0x000000000800bbb0                Reset_Handler
 .text.Default_Handler
                0x000000000800bc00        0x2 Startup/startup_stm32f730r8tx.o
                0x000000000800bc00                RTC_Alarm_IRQHandler
                0x000000000800bc00                EXTI2_IRQHandler
                0x000000000800bc00                TIM8_CC_IRQHandler
                0x000000000800bc00                UART8_IRQHandler
                0x000000000800bc00                SPI4_IRQHandler
                0x000000000800bc00                TIM1_CC_IRQHandler
                0x000000000800bc00                DMA2_Stream5_IRQHandler
                0x000000000800bc00                DMA1_Stream5_IRQHandler
                0x000000000800bc00                PVD_IRQHandler
                0x000000000800bc00                TAMP_STAMP_IRQHandler
                0x000000000800bc00                EXTI3_IRQHandler
                0x000000000800bc00                TIM8_TRG_COM_TIM14_IRQHandler
                0x000000000800bc00                TIM1_UP_TIM10_IRQHandler
                0x000000000800bc00                TIM8_UP_TIM13_IRQHandler
                0x000000000800bc00                I2C3_ER_IRQHandler
                0x000000000800bc00                EXTI0_IRQHandler
                0x000000000800bc00                I2C2_EV_IRQHandler
                0x000000000800bc00                DMA1_Stream2_IRQHandler
                0x000000000800bc00                CAN1_RX0_IRQHandler
                0x000000000800bc00                FPU_IRQHandler
                0x000000000800bc00                OTG_HS_WKUP_IRQHandler
                0x000000000800bc00                DMA2_Stream2_IRQHandler
                0x000000000800bc00                SPI1_IRQHandler
                0x000000000800bc00                TIM6_DAC_IRQHandler
                0x000000000800bc00                TIM1_BRK_TIM9_IRQHandler
                0x000000000800bc00                SAI2_IRQHandler
                0x000000000800bc00                USART6_IRQHandler
                0x000000000800bc00                USART3_IRQHandler
                0x000000000800bc00                CAN1_RX1_IRQHandler
                0x000000000800bc00                UART5_IRQHandler
                0x000000000800bc00                DMA2_Stream0_IRQHandler
                0x000000000800bc00                TIM4_IRQHandler
                0x000000000800bc00                QUADSPI_IRQHandler
                0x000000000800bc00                I2C1_EV_IRQHandler
                0x000000000800bc00                DMA1_Stream6_IRQHandler
                0x000000000800bc00                DMA1_Stream1_IRQHandler
                0x000000000800bc00                UART4_IRQHandler
                0x000000000800bc00                TIM3_IRQHandler
                0x000000000800bc00                RCC_IRQHandler
                0x000000000800bc00                TIM8_BRK_TIM12_IRQHandler
                0x000000000800bc00                Default_Handler
                0x000000000800bc00                EXTI15_10_IRQHandler
                0x000000000800bc00                ADC_IRQHandler
                0x000000000800bc00                DMA1_Stream7_IRQHandler
                0x000000000800bc00                SPI5_IRQHandler
                0x000000000800bc00                TIM7_IRQHandler
                0x000000000800bc00                SDMMC1_IRQHandler
                0x000000000800bc00                TIM5_IRQHandler
                0x000000000800bc00                DMA2_Stream7_IRQHandler
                0x000000000800bc00                I2C3_EV_IRQHandler
                0x000000000800bc00                RTC_WKUP_IRQHandler
                0x000000000800bc00                SPI2_IRQHandler
                0x000000000800bc00                OTG_HS_EP1_IN_IRQHandler
                0x000000000800bc00                DMA1_Stream0_IRQHandler
                0x000000000800bc00                CAN1_TX_IRQHandler
                0x000000000800bc00                EXTI4_IRQHandler
                0x000000000800bc00                RNG_IRQHandler
                0x000000000800bc00                OTG_HS_EP1_OUT_IRQHandler
                0x000000000800bc00                WWDG_IRQHandler
                0x000000000800bc00                TIM2_IRQHandler
                0x000000000800bc00                OTG_FS_WKUP_IRQHandler
                0x000000000800bc00                TIM1_TRG_COM_TIM11_IRQHandler
                0x000000000800bc00                OTG_HS_IRQHandler
                0x000000000800bc00                EXTI1_IRQHandler
                0x000000000800bc00                SDMMC2_IRQHandler
                0x000000000800bc00                AES_IRQHandler
                0x000000000800bc00                UART7_IRQHandler
                0x000000000800bc00                USART2_IRQHandler
                0x000000000800bc00                I2C2_ER_IRQHandler
                0x000000000800bc00                DMA2_Stream1_IRQHandler
                0x000000000800bc00                CAN1_SCE_IRQHandler
                0x000000000800bc00                FLASH_IRQHandler
                0x000000000800bc00                DMA2_Stream4_IRQHandler
                0x000000000800bc00                USART1_IRQHandler
                0x000000000800bc00                OTG_FS_IRQHandler
                0x000000000800bc00                SPI3_IRQHandler
                0x000000000800bc00                DMA1_Stream4_IRQHandler
                0x000000000800bc00                I2C1_ER_IRQHandler
                0x000000000800bc00                FMC_IRQHandler
                0x000000000800bc00                LPTIM1_IRQHandler
                0x000000000800bc00                DMA2_Stream6_IRQHandler
                0x000000000800bc00                SAI1_IRQHandler
                0x000000000800bc00                DMA1_Stream3_IRQHandler
 *fill*         0x000000000800bc02        0x2 
 .text.__errno  0x000000000800bc04        0xc d:/st/stm32cubeide_1.0.0/stm32cubeide/plugins/com.st.stm32cube.ide.mcu.externaltools.gnu-tools-for-stm32.9-2020-q2-update.win32_1.5.0.202011040924/tools/bin/../lib/gcc/arm-none-eabi/9.3.1/../../../../arm-none-eabi/lib/thumb/v7e-m+fp/hard\libc_nano.a(lib_a-errno.o)
                0x000000000800bc04                __errno
 .text.__libc_init_array
                0x000000000800bc10       0x48 d:/st/stm32cubeide_1.0.0/stm32cubeide/plugins/com.st.stm32cube.ide.mcu.externaltools.gnu-tools-for-stm32.9-2020-q2-update.win32_1.5.0.202011040924/tools/bin/../lib/gcc/arm-none-eabi/9.3.1/../../../../arm-none-eabi/lib/thumb/v7e-m+fp/hard\libc_nano.a(lib_a-init.o)
                0x000000000800bc10                __libc_init_array
 .text.memcmp   0x000000000800bc58       0x1c d:/st/stm32cubeide_1.0.0/stm32cubeide/plugins/com.st.stm32cube.ide.mcu.externaltools.gnu-tools-for-stm32.9-2020-q2-update.win32_1.5.0.202011040924/tools/bin/../lib/gcc/arm-none-eabi/9.3.1/../../../../arm-none-eabi/lib/thumb/v7e-m+fp/hard\libc_nano.a(lib_a-memcmp.o)
                0x000000000800bc58                memcmp
 .text.memcpy   0x000000000800bc74       0x1c d:/st/stm32cubeide_1.0.0/stm32cubeide/plugins/com.st.stm32cube.ide.mcu.externaltools.gnu-tools-for-stm32.9-2020-q2-update.win32_1.5.0.202011040924/tools/bin/../lib/gcc/arm-none-eabi/9.3.1/../../../../arm-none-eabi/lib/thumb/v7e-m+fp/hard\libc_nano.a(lib_a-memcpy-stub.o)
                0x000000000800bc74                memcpy
 .text.memset   0x000000000800bc90       0x10 d:/st/stm32cubeide_1.0.0/stm32cubeide/plugins/com.st.stm32cube.ide.mcu.externaltools.gnu-tools-for-stm32.9-2020-q2-update.win32_1.5.0.202011040924/tools/bin/../lib/gcc/arm-none-eabi/9.3.1/../../../../arm-none-eabi/lib/thumb/v7e-m+fp/hard\libc_nano.a(lib_a-memset.o)
                0x000000000800bc90                memset
 .text._free_r  0x000000000800bca0       0xa0 d:/st/stm32cubeide_1.0.0/stm32cubeide/plugins/com.st.stm32cube.ide.mcu.externaltools.gnu-tools-for-stm32.9-2020-q2-update.win32_1.5.0.202011040924/tools/bin/../lib/gcc/arm-none-eabi/9.3.1/../../../../arm-none-eabi/lib/thumb/v7e-m+fp/hard\libc_nano.a(lib_a-nano-freer.o)
                0x000000000800bca0                _free_r
 .text._malloc_r
                0x000000000800bd40       0xb4 d:/st/stm32cubeide_1.0.0/stm32cubeide/plugins/com.st.stm32cube.ide.mcu.externaltools.gnu-tools-for-stm32.9-2020-q2-update.win32_1.5.0.202011040924/tools/bin/../lib/gcc/arm-none-eabi/9.3.1/../../../../arm-none-eabi/lib/thumb/v7e-m+fp/hard\libc_nano.a(lib_a-nano-mallocr.o)
                0x000000000800bd40                _malloc_r
 .text._sbrk_r  0x000000000800bdf4       0x20 d:/st/stm32cubeide_1.0.0/stm32cubeide/plugins/com.st.stm32cube.ide.mcu.externaltools.gnu-tools-for-stm32.9-2020-q2-update.win32_1.5.0.202011040924/tools/bin/../lib/gcc/arm-none-eabi/9.3.1/../../../../arm-none-eabi/lib/thumb/v7e-m+fp/hard\libc_nano.a(lib_a-sbrkr.o)
                0x000000000800bdf4                _sbrk_r
 .text.sprintf  0x000000000800be14       0x40 d:/st/stm32cubeide_1.0.0/stm32cubeide/plugins/com.st.stm32cube.ide.mcu.externaltools.gnu-tools-for-stm32.9-2020-q2-update.win32_1.5.0.202011040924/tools/bin/../lib/gcc/arm-none-eabi/9.3.1/../../../../arm-none-eabi/lib/thumb/v7e-m+fp/hard\libc_nano.a(lib_a-sprintf.o)
                0x000000000800be14                siprintf
                0x000000000800be14                sprintf
 .text.sscanf   0x000000000800be54       0x58 d:/st/stm32cubeide_1.0.0/stm32cubeide/plugins/com.st.stm32cube.ide.mcu.externaltools.gnu-tools-for-stm32.9-2020-q2-update.win32_1.5.0.202011040924/tools/bin/../lib/gcc/arm-none-eabi/9.3.1/../../../../arm-none-eabi/lib/thumb/v7e-m+fp/hard\libc_nano.a(lib_a-sscanf.o)
                0x000000000800be54                siscanf
                0x000000000800be54                sscanf
 .text.__seofread
                0x000000000800beac        0x4 d:/st/stm32cubeide_1.0.0/stm32cubeide/plugins/com.st.stm32cube.ide.mcu.externaltools.gnu-tools-for-stm32.9-2020-q2-update.win32_1.5.0.202011040924/tools/bin/../lib/gcc/arm-none-eabi/9.3.1/../../../../arm-none-eabi/lib/thumb/v7e-m+fp/hard\libc_nano.a(lib_a-stdio.o)
                0x000000000800beac                __seofread
 .text.stpcpy   0x000000000800beb0       0x12 d:/st/stm32cubeide_1.0.0/stm32cubeide/plugins/com.st.stm32cube.ide.mcu.externaltools.gnu-tools-for-stm32.9-2020-q2-update.win32_1.5.0.202011040924/tools/bin/../lib/gcc/arm-none-eabi/9.3.1/../../../../arm-none-eabi/lib/thumb/v7e-m+fp/hard\libc_nano.a(lib_a-stpcpy.o)
                0x000000000800beb0                stpcpy
 .text.strchr   0x000000000800bec2       0x1a d:/st/stm32cubeide_1.0.0/stm32cubeide/plugins/com.st.stm32cube.ide.mcu.externaltools.gnu-tools-for-stm32.9-2020-q2-update.win32_1.5.0.202011040924/tools/bin/../lib/gcc/arm-none-eabi/9.3.1/../../../../arm-none-eabi/lib/thumb/v7e-m+fp/hard\libc_nano.a(lib_a-strchr.o)
                0x000000000800bec2                strchr
 .text.strcpy   0x000000000800bedc       0x10 d:/st/stm32cubeide_1.0.0/stm32cubeide/plugins/com.st.stm32cube.ide.mcu.externaltools.gnu-tools-for-stm32.9-2020-q2-update.win32_1.5.0.202011040924/tools/bin/../lib/gcc/arm-none-eabi/9.3.1/../../../../arm-none-eabi/lib/thumb/v7e-m+fp/hard\libc_nano.a(lib_a-strcpy.o)
                0x000000000800bedc                strcpy
 .text.strncpy  0x000000000800beec       0x26 d:/st/stm32cubeide_1.0.0/stm32cubeide/plugins/com.st.stm32cube.ide.mcu.externaltools.gnu-tools-for-stm32.9-2020-q2-update.win32_1.5.0.202011040924/tools/bin/../lib/gcc/arm-none-eabi/9.3.1/../../../../arm-none-eabi/lib/thumb/v7e-m+fp/hard\libc_nano.a(lib_a-strncpy.o)
                0x000000000800beec                strncpy
 *fill*         0x000000000800bf12        0x2 
 .text.__malloc_lock
                0x000000000800bf14        0xc d:/st/stm32cubeide_1.0.0/stm32cubeide/plugins/com.st.stm32cube.ide.mcu.externaltools.gnu-tools-for-stm32.9-2020-q2-update.win32_1.5.0.202011040924/tools/bin/../lib/gcc/arm-none-eabi/9.3.1/../../../../arm-none-eabi/lib/thumb/v7e-m+fp/hard\libc_nano.a(lib_a-mlock.o)
                0x000000000800bf14                __malloc_lock
 .text.__malloc_unlock
                0x000000000800bf20        0xc d:/st/stm32cubeide_1.0.0/stm32cubeide/plugins/com.st.stm32cube.ide.mcu.externaltools.gnu-tools-for-stm32.9-2020-q2-update.win32_1.5.0.202011040924/tools/bin/../lib/gcc/arm-none-eabi/9.3.1/../../../../arm-none-eabi/lib/thumb/v7e-m+fp/hard\libc_nano.a(lib_a-mlock.o)
                0x000000000800bf20                __malloc_unlock
 .text.__ssputs_r
                0x000000000800bf2c       0xb6 d:/st/stm32cubeide_1.0.0/stm32cubeide/plugins/com.st.stm32cube.ide.mcu.externaltools.gnu-tools-for-stm32.9-2020-q2-update.win32_1.5.0.202011040924/tools/bin/../lib/gcc/arm-none-eabi/9.3.1/../../../../arm-none-eabi/lib/thumb/v7e-m+fp/hard\libc_nano.a(lib_a-nano-svfprintf.o)
                0x000000000800bf2c                __ssputs_r
 *fill*         0x000000000800bfe2        0x2 
 .text._svfprintf_r
                0x000000000800bfe4      0x200 d:/st/stm32cubeide_1.0.0/stm32cubeide/plugins/com.st.stm32cube.ide.mcu.externaltools.gnu-tools-for-stm32.9-2020-q2-update.win32_1.5.0.202011040924/tools/bin/../lib/gcc/arm-none-eabi/9.3.1/../../../../arm-none-eabi/lib/thumb/v7e-m+fp/hard\libc_nano.a(lib_a-nano-svfprintf.o)
                0x000000000800bfe4                _svfiprintf_r
                0x000000000800bfe4                _svfprintf_r
 .text._sungetc_r
                0x000000000800c1e4       0x7a d:/st/stm32cubeide_1.0.0/stm32cubeide/plugins/com.st.stm32cube.ide.mcu.externaltools.gnu-tools-for-stm32.9-2020-q2-update.win32_1.5.0.202011040924/tools/bin/../lib/gcc/arm-none-eabi/9.3.1/../../../../arm-none-eabi/lib/thumb/v7e-m+fp/hard\libc_nano.a(lib_a-nano-svfscanf.o)
                0x000000000800c1e4                _sungetc_r
 .text.__ssrefill_r
                0x000000000800c25e       0x3a d:/st/stm32cubeide_1.0.0/stm32cubeide/plugins/com.st.stm32cube.ide.mcu.externaltools.gnu-tools-for-stm32.9-2020-q2-update.win32_1.5.0.202011040924/tools/bin/../lib/gcc/arm-none-eabi/9.3.1/../../../../arm-none-eabi/lib/thumb/v7e-m+fp/hard\libc_nano.a(lib_a-nano-svfscanf.o)
                0x000000000800c25e                __ssrefill_r
 .text.__ssvfscanf_r
                0x000000000800c298      0x2f0 d:/st/stm32cubeide_1.0.0/stm32cubeide/plugins/com.st.stm32cube.ide.mcu.externaltools.gnu-tools-for-stm32.9-2020-q2-update.win32_1.5.0.202011040924/tools/bin/../lib/gcc/arm-none-eabi/9.3.1/../../../../arm-none-eabi/lib/thumb/v7e-m+fp/hard\libc_nano.a(lib_a-nano-svfscanf.o)
                0x000000000800c298                __ssvfiscanf_r
                0x000000000800c298                __ssvfscanf_r
 .text._printf_common
                0x000000000800c588       0xda d:/st/stm32cubeide_1.0.0/stm32cubeide/plugins/com.st.stm32cube.ide.mcu.externaltools.gnu-tools-for-stm32.9-2020-q2-update.win32_1.5.0.202011040924/tools/bin/../lib/gcc/arm-none-eabi/9.3.1/../../../../arm-none-eabi/lib/thumb/v7e-m+fp/hard\libc_nano.a(lib_a-nano-vfprintf_i.o)
                0x000000000800c588                _printf_common
 *fill*         0x000000000800c662        0x2 
 .text._printf_i
                0x000000000800c664      0x24c d:/st/stm32cubeide_1.0.0/stm32cubeide/plugins/com.st.stm32cube.ide.mcu.externaltools.gnu-tools-for-stm32.9-2020-q2-update.win32_1.5.0.202011040924/tools/bin/../lib/gcc/arm-none-eabi/9.3.1/../../../../arm-none-eabi/lib/thumb/v7e-m+fp/hard\libc_nano.a(lib_a-nano-vfprintf_i.o)
                0x000000000800c664                _printf_i
 .text._scanf_chars
                0x000000000800c8b0       0xb0 d:/st/stm32cubeide_1.0.0/stm32cubeide/plugins/com.st.stm32cube.ide.mcu.externaltools.gnu-tools-for-stm32.9-2020-q2-update.win32_1.5.0.202011040924/tools/bin/../lib/gcc/arm-none-eabi/9.3.1/../../../../arm-none-eabi/lib/thumb/v7e-m+fp/hard\libc_nano.a(lib_a-nano-vfscanf_i.o)
                0x000000000800c8b0                _scanf_chars
 .text._scanf_i
                0x000000000800c960      0x1e8 d:/st/stm32cubeide_1.0.0/stm32cubeide/plugins/com.st.stm32cube.ide.mcu.externaltools.gnu-tools-for-stm32.9-2020-q2-update.win32_1.5.0.202011040924/tools/bin/../lib/gcc/arm-none-eabi/9.3.1/../../../../arm-none-eabi/lib/thumb/v7e-m+fp/hard\libc_nano.a(lib_a-nano-vfscanf_i.o)
                0x000000000800c960                _scanf_i
 .text.__sccl   0x000000000800cb48       0x74 d:/st/stm32cubeide_1.0.0/stm32cubeide/plugins/com.st.stm32cube.ide.mcu.externaltools.gnu-tools-for-stm32.9-2020-q2-update.win32_1.5.0.202011040924/tools/bin/../lib/gcc/arm-none-eabi/9.3.1/../../../../arm-none-eabi/lib/thumb/v7e-m+fp/hard\libc_nano.a(lib_a-sccl.o)
                0x000000000800cb48                __sccl
 .text._strtol_l.isra.0
                0x000000000800cbbc      0x108 d:/st/stm32cubeide_1.0.0/stm32cubeide/plugins/com.st.stm32cube.ide.mcu.externaltools.gnu-tools-for-stm32.9-2020-q2-update.win32_1.5.0.202011040924/tools/bin/../lib/gcc/arm-none-eabi/9.3.1/../../../../arm-none-eabi/lib/thumb/v7e-m+fp/hard\libc_nano.a(lib_a-strtol.o)
 .text._strtol_r
                0x000000000800ccc4        0x4 d:/st/stm32cubeide_1.0.0/stm32cubeide/plugins/com.st.stm32cube.ide.mcu.externaltools.gnu-tools-for-stm32.9-2020-q2-update.win32_1.5.0.202011040924/tools/bin/../lib/gcc/arm-none-eabi/9.3.1/../../../../arm-none-eabi/lib/thumb/v7e-m+fp/hard\libc_nano.a(lib_a-strtol.o)
                0x000000000800ccc4                _strtol_r
 .text._strtoul_l.isra.0
                0x000000000800ccc8       0xf8 d:/st/stm32cubeide_1.0.0/stm32cubeide/plugins/com.st.stm32cube.ide.mcu.externaltools.gnu-tools-for-stm32.9-2020-q2-update.win32_1.5.0.202011040924/tools/bin/../lib/gcc/arm-none-eabi/9.3.1/../../../../arm-none-eabi/lib/thumb/v7e-m+fp/hard\libc_nano.a(lib_a-strtoul.o)
 .text._strtoul_r
                0x000000000800cdc0        0x4 d:/st/stm32cubeide_1.0.0/stm32cubeide/plugins/com.st.stm32cube.ide.mcu.externaltools.gnu-tools-for-stm32.9-2020-q2-update.win32_1.5.0.202011040924/tools/bin/../lib/gcc/arm-none-eabi/9.3.1/../../../../arm-none-eabi/lib/thumb/v7e-m+fp/hard\libc_nano.a(lib_a-strtoul.o)
                0x000000000800cdc0                _strtoul_r
 .text.__submore
                0x000000000800cdc4       0x74 d:/st/stm32cubeide_1.0.0/stm32cubeide/plugins/com.st.stm32cube.ide.mcu.externaltools.gnu-tools-for-stm32.9-2020-q2-update.win32_1.5.0.202011040924/tools/bin/../lib/gcc/arm-none-eabi/9.3.1/../../../../arm-none-eabi/lib/thumb/v7e-m+fp/hard\libc_nano.a(lib_a-ungetc.o)
                0x000000000800cdc4                __submore
 .text.__retarget_lock_acquire_recursive
                0x000000000800ce38        0x2 d:/st/stm32cubeide_1.0.0/stm32cubeide/plugins/com.st.stm32cube.ide.mcu.externaltools.gnu-tools-for-stm32.9-2020-q2-update.win32_1.5.0.202011040924/tools/bin/../lib/gcc/arm-none-eabi/9.3.1/../../../../arm-none-eabi/lib/thumb/v7e-m+fp/hard\libc_nano.a(lib_a-lock.o)
                0x000000000800ce38                __retarget_lock_acquire_recursive
 .text.__retarget_lock_release_recursive
                0x000000000800ce3a        0x2 d:/st/stm32cubeide_1.0.0/stm32cubeide/plugins/com.st.stm32cube.ide.mcu.externaltools.gnu-tools-for-stm32.9-2020-q2-update.win32_1.5.0.202011040924/tools/bin/../lib/gcc/arm-none-eabi/9.3.1/../../../../arm-none-eabi/lib/thumb/v7e-m+fp/hard\libc_nano.a(lib_a-lock.o)
                0x000000000800ce3a                __retarget_lock_release_recursive
 .text.memmove  0x000000000800ce3c       0x34 d:/st/stm32cubeide_1.0.0/stm32cubeide/plugins/com.st.stm32cube.ide.mcu.externaltools.gnu-tools-for-stm32.9-2020-q2-update.win32_1.5.0.202011040924/tools/bin/../lib/gcc/arm-none-eabi/9.3.1/../../../../arm-none-eabi/lib/thumb/v7e-m+fp/hard\libc_nano.a(lib_a-memmove.o)
                0x000000000800ce3c                memmove
 .text._realloc_r
                0x000000000800ce70       0x4c d:/st/stm32cubeide_1.0.0/stm32cubeide/plugins/com.st.stm32cube.ide.mcu.externaltools.gnu-tools-for-stm32.9-2020-q2-update.win32_1.5.0.202011040924/tools/bin/../lib/gcc/arm-none-eabi/9.3.1/../../../../arm-none-eabi/lib/thumb/v7e-m+fp/hard\libc_nano.a(lib_a-nano-reallocr.o)
                0x000000000800ce70                _realloc_r
 .text._malloc_usable_size_r
                0x000000000800cebc       0x10 d:/st/stm32cubeide_1.0.0/stm32cubeide/plugins/com.st.stm32cube.ide.mcu.externaltools.gnu-tools-for-stm32.9-2020-q2-update.win32_1.5.0.202011040924/tools/bin/../lib/gcc/arm-none-eabi/9.3.1/../../../../arm-none-eabi/lib/thumb/v7e-m+fp/hard\libc_nano.a(lib_a-nano-msizer.o)
                0x000000000800cebc                _malloc_usable_size_r
 *(.glue_7)
 .glue_7        0x000000000800cecc        0x0 linker stubs
 *(.glue_7t)
 .glue_7t       0x000000000800cecc        0x0 linker stubs
 *(.eh_frame)
 .eh_frame      0x000000000800cecc        0x0 d:/st/stm32cubeide_1.0.0/stm32cubeide/plugins/com.st.stm32cube.ide.mcu.externaltools.gnu-tools-for-stm32.9-2020-q2-update.win32_1.5.0.202011040924/tools/bin/../lib/gcc/arm-none-eabi/9.3.1/thumb/v7e-m+fp/hard/crtbegin.o
 *(.init)
 .init          0x000000000800cecc        0x4 d:/st/stm32cubeide_1.0.0/stm32cubeide/plugins/com.st.stm32cube.ide.mcu.externaltools.gnu-tools-for-stm32.9-2020-q2-update.win32_1.5.0.202011040924/tools/bin/../lib/gcc/arm-none-eabi/9.3.1/thumb/v7e-m+fp/hard/crti.o
                0x000000000800cecc                _init
 .init          0x000000000800ced0        0x8 d:/st/stm32cubeide_1.0.0/stm32cubeide/plugins/com.st.stm32cube.ide.mcu.externaltools.gnu-tools-for-stm32.9-2020-q2-update.win32_1.5.0.202011040924/tools/bin/../lib/gcc/arm-none-eabi/9.3.1/thumb/v7e-m+fp/hard/crtn.o
 *(.fini)
 .fini          0x000000000800ced8        0x4 d:/st/stm32cubeide_1.0.0/stm32cubeide/plugins/com.st.stm32cube.ide.mcu.externaltools.gnu-tools-for-stm32.9-2020-q2-update.win32_1.5.0.202011040924/tools/bin/../lib/gcc/arm-none-eabi/9.3.1/thumb/v7e-m+fp/hard/crti.o
                0x000000000800ced8                _fini
 .fini          0x000000000800cedc        0x8 d:/st/stm32cubeide_1.0.0/stm32cubeide/plugins/com.st.stm32cube.ide.mcu.externaltools.gnu-tools-for-stm32.9-2020-q2-update.win32_1.5.0.202011040924/tools/bin/../lib/gcc/arm-none-eabi/9.3.1/thumb/v7e-m+fp/hard/crtn.o
                0x000000000800cee4                . = ALIGN (0x4)
                0x000000000800cee4                _etext = .

.vfp11_veneer   0x000000000800cee4        0x0
 .vfp11_veneer  0x000000000800cee4        0x0 linker stubs

.v4_bx          0x000000000800cee4        0x0
 .v4_bx         0x000000000800cee4        0x0 linker stubs

.iplt           0x000000000800cee4        0x0
 .iplt          0x000000000800cee4        0x0 d:/st/stm32cubeide_1.0.0/stm32cubeide/plugins/com.st.stm32cube.ide.mcu.externaltools.gnu-tools-for-stm32.9-2020-q2-update.win32_1.5.0.202011040924/tools/bin/../lib/gcc/arm-none-eabi/9.3.1/thumb/v7e-m+fp/hard/crtbegin.o

.rodata         0x000000000800cee4      0x45c
                0x000000000800cee4                . = ALIGN (0x4)
 *(.rodata)
 .rodata        0x000000000800cee4       0x30 Src/update.o
 .rodata        0x000000000800cf14        0xc d:/st/stm32cubeide_1.0.0/stm32cubeide/plugins/com.st.stm32cube.ide.mcu.externaltools.gnu-tools-for-stm32.9-2020-q2-update.win32_1.5.0.202011040924/tools/bin/../lib/gcc/arm-none-eabi/9.3.1/../../../../arm-none-eabi/lib/thumb/v7e-m+fp/hard\libc_nano.a(lib_a-nano-vfscanf_i.o)
 *(.rodata*)
 .rodata.follow_path.str1.4
                0x000000000800cf20       0x13 Middlewares/Third_Party/FatFs/src/ff.o
 *fill*         0x000000000800cf33        0x1 
 .rodata.ExCvt  0x000000000800cf34       0x80 Middlewares/Third_Party/FatFs/src/ff.o
 .rodata.LfnOfs
                0x000000000800cfb4        0xd Middlewares/Third_Party/FatFs/src/ff.o
 *fill*         0x000000000800cfc1        0x3 
 .rodata.ExecCmd.str1.4
                0x000000000800cfc4       0x16 Src/console_cmd.o
 *fill*         0x000000000800cfda        0x2 
 .rodata.ParseCueSheet.str1.4
                0x000000000800cfdc       0x80 Src/cue_sheet.o
 .rodata.OpenDataTrack.str1.4
                0x000000000800d05c        0x6 Src/cue_sheet.o
 .rodata.listfiles.str1.4
                0x000000000800d05c        0xc Src/files.o
                                         0x15 (size before relaxing)
 .rodata.main.str1.4
                0x000000000800d068        0x3 Src/main.o
 .rodata.crc7_syndrome_table
                0x000000000800d068      0x100 Src/sd.o
 .rodata.AHBPrescTable
                0x000000000800d168       0x10 Src/system_stm32f7xx.o
                0x000000000800d168                AHBPrescTable
 .rodata.find_update.str1.4
                0x000000000800d178        0x4 Src/update.o
                                          0x8 (size before relaxing)
 .rodata.DumpSystemROM.str1.4
                0x000000000800d17c        0xc Src/update.o
 .rodata.DoUpdate.str1.4
                0x000000000800d188        0x9 Src/update.o
 .rodata._ctype_
                0x000000000800d191      0x101 d:/st/stm32cubeide_1.0.0/stm32cubeide/plugins/com.st.stm32cube.ide.mcu.externaltools.gnu-tools-for-stm32.9-2020-q2-update.win32_1.5.0.202011040924/tools/bin/../lib/gcc/arm-none-eabi/9.3.1/../../../../arm-none-eabi/lib/thumb/v7e-m+fp/hard\libc_nano.a(lib_a-ctype_.o)
                0x000000000800d191                _ctype_
 .rodata._svfprintf_r.str1.1
                0x000000000800d292       0x11 d:/st/stm32cubeide_1.0.0/stm32cubeide/plugins/com.st.stm32cube.ide.mcu.externaltools.gnu-tools-for-stm32.9-2020-q2-update.win32_1.5.0.202011040924/tools/bin/../lib/gcc/arm-none-eabi/9.3.1/../../../../arm-none-eabi/lib/thumb/v7e-m+fp/hard\libc_nano.a(lib_a-nano-svfprintf.o)
 .rodata.__ssvfscanf_r.str1.1
                0x000000000800d2a3        0x4 d:/st/stm32cubeide_1.0.0/stm32cubeide/plugins/com.st.stm32cube.ide.mcu.externaltools.gnu-tools-for-stm32.9-2020-q2-update.win32_1.5.0.202011040924/tools/bin/../lib/gcc/arm-none-eabi/9.3.1/../../../../arm-none-eabi/lib/thumb/v7e-m+fp/hard\libc_nano.a(lib_a-nano-svfscanf.o)
 .rodata._printf_i.str1.1
                0x000000000800d2a3       0x22 d:/st/stm32cubeide_1.0.0/stm32cubeide/plugins/com.st.stm32cube.ide.mcu.externaltools.gnu-tools-for-stm32.9-2020-q2-update.win32_1.5.0.202011040924/tools/bin/../lib/gcc/arm-none-eabi/9.3.1/../../../../arm-none-eabi/lib/thumb/v7e-m+fp/hard\libc_nano.a(lib_a-nano-vfprintf_i.o)
 .rodata.str1.1
                0x000000000800d2c5        0x9 d:/st/stm32cubeide_1.0.0/stm32cubeide/plugins/com.st.stm32cube.ide.mcu.externaltools.gnu-tools-for-stm32.9-2020-q2-update.win32_1.5.0.202011040924/tools/bin/../lib/gcc/arm-none-eabi/9.3.1/../../../../arm-none-eabi/lib/thumb/v7e-m+fp/hard\libc_nano.a(lib_a-nano-vfscanf_i.o)
 .rodata._scanf_i.str1.1
                0x000000000800d2ce       0x12 d:/st/stm32cubeide_1.0.0/stm32cubeide/plugins/com.st.stm32cube.ide.mcu.externaltools.gnu-tools-for-stm32.9-2020-q2-update.win32_1.5.0.202011040924/tools/bin/../lib/gcc/arm-none-eabi/9.3.1/../../../../arm-none-eabi/lib/thumb/v7e-m+fp/hard\libc_nano.a(lib_a-nano-vfscanf_i.o)
 .rodata.__sf_fake_stderr
                0x000000000800d2e0       0x20 d:/st/stm32cubeide_1.0.0/stm32cubeide/plugins/com.st.stm32cube.ide.mcu.externaltools.gnu-tools-for-stm32.9-2020-q2-update.win32_1.5.0.202011040924/tools/bin/../lib/gcc/arm-none-eabi/9.3.1/../../../../arm-none-eabi/lib/thumb/v7e-m+fp/hard\libc_nano.a(lib_a-findfp.o)
                0x000000000800d2e0                __sf_fake_stderr
 .rodata.__sf_fake_stdin
                0x000000000800d300       0x20 d:/st/stm32cubeide_1.0.0/stm32cubeide/plugins/com.st.stm32cube.ide.mcu.externaltools.gnu-tools-for-stm32.9-2020-q2-update.win32_1.5.0.202011040924/tools/bin/../lib/gcc/arm-none-eabi/9.3.1/../../../../arm-none-eabi/lib/thumb/v7e-m+fp/hard\libc_nano.a(lib_a-findfp.o)
                0x000000000800d300                __sf_fake_stdin
 .rodata.__sf_fake_stdout
                0x000000000800d320       0x20 d:/st/stm32cubeide_1.0.0/stm32cubeide/plugins/com.st.stm32cube.ide.mcu.externaltools.gnu-tools-for-stm32.9-2020-q2-update.win32_1.5.0.202011040924/tools/bin/../lib/gcc/arm-none-eabi/9.3.1/../../../../arm-none-eabi/lib/thumb/v7e-m+fp/hard\libc_nano.a(lib_a-findfp.o)
                0x000000000800d320                __sf_fake_stdout
                0x000000000800d340                . = ALIGN (0x4)

.rel.dyn        0x000000000800d340        0x0
 .rel.iplt      0x000000000800d340        0x0 d:/st/stm32cubeide_1.0.0/stm32cubeide/plugins/com.st.stm32cube.ide.mcu.externaltools.gnu-tools-for-stm32.9-2020-q2-update.win32_1.5.0.202011040924/tools/bin/../lib/gcc/arm-none-eabi/9.3.1/thumb/v7e-m+fp/hard/crtbegin.o

.ARM.extab      0x000000000800d340        0x0
                0x000000000800d340                . = ALIGN (0x4)
 *(.ARM.extab* .gnu.linkonce.armextab.*)
                0x000000000800d340                . = ALIGN (0x4)

.ARM            0x000000000800d340        0x0
                0x000000000800d340                . = ALIGN (0x4)
                0x000000000800d340                __exidx_start = .
 *(.ARM.exidx*)
                0x000000000800d340                __exidx_end = .
                0x000000000800d340                . = ALIGN (0x4)

.preinit_array  0x000000000800d340        0x0
                0x000000000800d340                . = ALIGN (0x4)
                0x000000000800d340                PROVIDE (__preinit_array_start = .)
 *(.preinit_array*)
                0x000000000800d340                PROVIDE (__preinit_array_end = .)
                0x000000000800d340                . = ALIGN (0x4)

.init_array     0x000000000800d340        0x4
                0x000000000800d340                . = ALIGN (0x4)
                0x000000000800d340                PROVIDE (__init_array_start = .)
 *(SORT_BY_NAME(.init_array.*))
 *(.init_array*)
 .init_array    0x000000000800d340        0x4 d:/st/stm32cubeide_1.0.0/stm32cubeide/plugins/com.st.stm32cube.ide.mcu.externaltools.gnu-tools-for-stm32.9-2020-q2-update.win32_1.5.0.202011040924/tools/bin/../lib/gcc/arm-none-eabi/9.3.1/thumb/v7e-m+fp/hard/crtbegin.o
                0x000000000800d344                PROVIDE (__init_array_end = .)
                0x000000000800d344                . = ALIGN (0x4)

.fini_array     0x000000000800d344        0x4
                0x000000000800d344                . = ALIGN (0x4)
                [!provide]                        PROVIDE (__fini_array_start = .)
 *(SORT_BY_NAME(.fini_array.*))
 *(.fini_array*)
 .fini_array    0x000000000800d344        0x4 d:/st/stm32cubeide_1.0.0/stm32cubeide/plugins/com.st.stm32cube.ide.mcu.externaltools.gnu-tools-for-stm32.9-2020-q2-update.win32_1.5.0.202011040924/tools/bin/../lib/gcc/arm-none-eabi/9.3.1/thumb/v7e-m+fp/hard/crtbegin.o
                [!provide]                        PROVIDE (__fini_array_end = .)
                0x000000000800d348                . = ALIGN (0x4)
                0x000000000800d348                _sidata = LOADADDR (.data)

.data           0x0000000020000000       0x94 load address 0x000000000800d348
                0x0000000020000000                . = ALIGN (0x4)
                0x0000000020000000                _sdata = .
 *(.data)
 *(.data*)
 .data.uwTickFreq
                0x0000000020000000        0x1 Drivers/STM32F7xx_HAL_Driver/Src/stm32f7xx_hal.o
                0x0000000020000000                uwTickFreq
 *fill*         0x0000000020000001        0x3 
 .data.uwTickPrio
                0x0000000020000004        0x4 Drivers/STM32F7xx_HAL_Driver/Src/stm32f7xx_hal.o
                0x0000000020000004                uwTickPrio
 .data.led_color_idle
                0x0000000020000008        0x1 Src/leds.o
                0x0000000020000008                led_color_idle
 .data.led_color_load
                0x0000000020000009        0x1 Src/leds.o
                0x0000000020000009                led_color_load
 *fill*         0x000000002000000a        0x2 
 .data.prev_CD_LBA
                0x000000002000000c        0x4 Src/main.o
                0x000000002000000c                prev_CD_LBA
 .data.reply_buff_ptr
                0x0000000020000010        0x4 Src/main.o
                0x0000000020000010                reply_buff_ptr
 .data.SystemCoreClock
                0x0000000020000014        0x4 Src/system_stm32f7xx.o
                0x0000000020000014                SystemCoreClock
 .data.Stat     0x0000000020000018        0x1 Src/user_diskio.o
 *fill*         0x0000000020000019        0x3 
 .data.USER_Driver
                0x000000002000001c       0x14 Src/user_diskio.o
                0x000000002000001c                USER_Driver
 .data._impure_ptr
                0x0000000020000030        0x4 d:/st/stm32cubeide_1.0.0/stm32cubeide/plugins/com.st.stm32cube.ide.mcu.externaltools.gnu-tools-for-stm32.9-2020-q2-update.win32_1.5.0.202011040924/tools/bin/../lib/gcc/arm-none-eabi/9.3.1/../../../../arm-none-eabi/lib/thumb/v7e-m+fp/hard\libc_nano.a(lib_a-impure.o)
                0x0000000020000030                _impure_ptr
 .data.impure_data
                0x0000000020000034       0x60 d:/st/stm32cubeide_1.0.0/stm32cubeide/plugins/com.st.stm32cube.ide.mcu.externaltools.gnu-tools-for-stm32.9-2020-q2-update.win32_1.5.0.202011040924/tools/bin/../lib/gcc/arm-none-eabi/9.3.1/../../../../arm-none-eabi/lib/thumb/v7e-m+fp/hard\libc_nano.a(lib_a-impure.o)
                0x0000000020000094                . = ALIGN (0x4)
                0x0000000020000094                _edata = .

.igot.plt       0x0000000020000094        0x0 load address 0x000000000800d3dc
 .igot.plt      0x0000000020000094        0x0 d:/st/stm32cubeide_1.0.0/stm32cubeide/plugins/com.st.stm32cube.ide.mcu.externaltools.gnu-tools-for-stm32.9-2020-q2-update.win32_1.5.0.202011040924/tools/bin/../lib/gcc/arm-none-eabi/9.3.1/thumb/v7e-m+fp/hard/crtbegin.o
                0x0000000020000094                . = ALIGN (0x4)

.bss            0x0000000020000094    0x152c8 load address 0x000000000800d3dc
                0x0000000020000094                _sbss = .
                0x0000000020000094                __bss_start__ = _sbss
 *(.bss)
 .bss           0x0000000020000094       0x1c d:/st/stm32cubeide_1.0.0/stm32cubeide/plugins/com.st.stm32cube.ide.mcu.externaltools.gnu-tools-for-stm32.9-2020-q2-update.win32_1.5.0.202011040924/tools/bin/../lib/gcc/arm-none-eabi/9.3.1/thumb/v7e-m+fp/hard/crtbegin.o
 *(.bss*)
 .bss.FatFs     0x00000000200000b0        0x4 Middlewares/Third_Party/FatFs/src/ff.o
 .bss.Files     0x00000000200000b4       0x20 Middlewares/Third_Party/FatFs/src/ff.o
 .bss.Fsid      0x00000000200000d4        0x2 Middlewares/Third_Party/FatFs/src/ff.o
 *fill*         0x00000000200000d6        0x2 
 .bss.LfnBuf    0x00000000200000d8      0x200 Middlewares/Third_Party/FatFs/src/ff.o
 .bss.disk      0x00000000200002d8        0xc Middlewares/Third_Party/FatFs/src/ff_gen_drv.o
                0x00000000200002d8                disk
 .bss.cmd_buffer
                0x00000000200002e4       0x44 Src/console_cmd.o
                0x00000000200002e4                cmd_buffer
 .bss.last_file_count
                0x0000000020000328        0x4 Src/files.o
                0x0000000020000328                last_file_count
 .bss.last_filetype_listed
                0x000000002000032c        0x1 Src/files.o
                0x000000002000032c                last_filetype_listed
 *fill*         0x000000002000032d        0x3 
 .bss.audio_pos
                0x0000000020000330        0x4 Src/main.o
                0x0000000020000330                audio_pos
 .bss.audio_start
                0x0000000020000334        0x4 Src/main.o
                0x0000000020000334                audio_start
 .bss.audio_stop
                0x0000000020000338        0x4 Src/main.o
                0x0000000020000338                audio_stop
 .bss.card_type
                0x000000002000033c        0x4 Src/main.o
                0x000000002000033c                card_type
 .bss.cdda_loop
                0x0000000020000340        0x4 Src/main.o
                0x0000000020000340                cdda_loop
 .bss.current_mode
                0x0000000020000344        0x4 Src/main.o
                0x0000000020000344                current_mode
 .bss.data_mode
                0x0000000020000348        0x4 Src/main.o
                0x0000000020000348                data_mode
 .bss.flag_console_write
                0x000000002000034c        0x4 Src/main.o
                0x000000002000034c                flag_console_write
 .bss.flag_exec
                0x0000000020000350        0x4 Src/main.o
                0x0000000020000350                flag_exec
 .bss.flag_refill
                0x0000000020000354        0x4 Src/main.o
                0x0000000020000354                flag_refill
 .bss.game_index
                0x0000000020000358        0x4 Src/main.o
                0x0000000020000358                game_index
 .bss.reply_idx
                0x000000002000035c        0x4 Src/main.o
                0x000000002000035c                reply_idx
 .bss.stat_card_event
                0x0000000020000360        0x1 Src/main.o
                0x0000000020000360                stat_card_event
 .bss.stat_card_inserted
                0x0000000020000361        0x1 Src/main.o
                0x0000000020000361                stat_card_inserted
 *fill*         0x0000000020000362        0x2 
 .bss.storing_error
                0x0000000020000364        0x4 Src/main.o
                0x0000000020000364                storing_error
 .bss.storing_mode
                0x0000000020000368        0x4 Src/main.o
                0x0000000020000368                storing_mode
 .bss.storing_word_count
                0x000000002000036c        0x4 Src/main.o
                0x000000002000036c                storing_word_count
 .bss.storing_word_max
                0x0000000020000370        0x4 Src/main.o
                0x0000000020000370                storing_word_max
 .bss.heap_end.6585
                0x0000000020000374        0x4 Src/sysmem.o
 .bss.fil_update
                0x0000000020000378      0x230 Src/update.o
 .bss.__malloc_free_list
                0x00000000200005a8        0x4 d:/st/stm32cubeide_1.0.0/stm32cubeide/plugins/com.st.stm32cube.ide.mcu.externaltools.gnu-tools-for-stm32.9-2020-q2-update.win32_1.5.0.202011040924/tools/bin/../lib/gcc/arm-none-eabi/9.3.1/../../../../arm-none-eabi/lib/thumb/v7e-m+fp/hard\libc_nano.a(lib_a-nano-mallocr.o)
                0x00000000200005a8                __malloc_free_list
 .bss.__malloc_sbrk_start
                0x00000000200005ac        0x4 d:/st/stm32cubeide_1.0.0/stm32cubeide/plugins/com.st.stm32cube.ide.mcu.externaltools.gnu-tools-for-stm32.9-2020-q2-update.win32_1.5.0.202011040924/tools/bin/../lib/gcc/arm-none-eabi/9.3.1/../../../../arm-none-eabi/lib/thumb/v7e-m+fp/hard\libc_nano.a(lib_a-nano-mallocr.o)
                0x00000000200005ac                __malloc_sbrk_start
 *(COMMON)
 COMMON         0x00000000200005b0        0x4 Drivers/STM32F7xx_HAL_Driver/Src/stm32f7xx_hal.o
                0x00000000200005b0                uwTick
 COMMON         0x00000000200005b4     0x4004 Src/cdda.o
                0x00000000200005b4                cdda_buffer
                0x00000000200045b4                last_track
 COMMON         0x00000000200045b8      0x200 Src/cue_sheet.o
                0x00000000200045b8                cue_sheet_path
 COMMON         0x00000000200047b8      0x46c Src/fatfs.o
                0x00000000200047b8                USERPath
                0x00000000200047bc                retUSER
                0x00000000200047c0                USERFile
                0x00000000200049f0                USERFatFS
 COMMON         0x0000000020004c24    0x106cc Src/main.o
                0x0000000020004c24                current_ngh
                0x0000000020004c28                cdda_pause
                0x0000000020004c2c                audio_track_format
                0x0000000020004c30                buffer_temp
                0x0000000020004e30                buffer_write
                0x0000000020005030                SDFatFs
                0x0000000020005264                reply_buff_b
                0x0000000020006d08                reply_buff_a
                0x00000000200087ac                fil_data
                0x00000000200089dc                data_sector_size
                0x00000000200089e0                hi2s1
                0x0000000020008a20                CD_LBA
                0x0000000020008a24                file_list
                0x00000000200152ec                buffer_write_count
 COMMON         0x00000000200152f0       0x1c Src/update.o
                0x00000000200152f0                wad_filename
                0x0000000020015300                update_entry_count
                0x0000000020015304                update_dir_ptr
                0x0000000020015308                lump_cpld_ptr
 COMMON         0x000000002001530c       0x40 Src/util.o
                0x000000002001530c                s_TimerInstance
 COMMON         0x000000002001534c        0x4 d:/st/stm32cubeide_1.0.0/stm32cubeide/plugins/com.st.stm32cube.ide.mcu.externaltools.gnu-tools-for-stm32.9-2020-q2-update.win32_1.5.0.202011040924/tools/bin/../lib/gcc/arm-none-eabi/9.3.1/../../../../arm-none-eabi/lib/thumb/v7e-m+fp/hard\libc_nano.a(lib_a-reent.o)
                0x000000002001534c                errno
 COMMON         0x0000000020015350        0x9 d:/st/stm32cubeide_1.0.0/stm32cubeide/plugins/com.st.stm32cube.ide.mcu.externaltools.gnu-tools-for-stm32.9-2020-q2-update.win32_1.5.0.202011040924/tools/bin/../lib/gcc/arm-none-eabi/9.3.1/../../../../arm-none-eabi/lib/thumb/v7e-m+fp/hard\libc_nano.a(lib_a-lock.o)
                0x0000000020015350                __lock___atexit_recursive_mutex
                0x0000000020015351                __lock___arc4random_mutex
                0x0000000020015352                __lock___env_recursive_mutex
                0x0000000020015353                __lock___sinit_recursive_mutex
                0x0000000020015354                __lock___malloc_recursive_mutex
                0x0000000020015355                __lock___at_quick_exit_mutex
                0x0000000020015356                __lock___dd_hash_mutex
                0x0000000020015357                __lock___tz_mutex
                0x0000000020015358                __lock___sfp_recursive_mutex
                0x000000002001535c                . = ALIGN (0x4)
 *fill*         0x0000000020015359        0x3 
                0x000000002001535c                _ebss = .
                0x000000002001535c                __bss_end__ = _ebss

._user_heap_stack
                0x000000002001535c      0x604 load address 0x000000000800d3dc
                0x0000000020015360                . = ALIGN (0x8)
 *fill*         0x000000002001535c        0x4 
                0x0000000020015360                PROVIDE (end = .)
                [!provide]                        PROVIDE (_end = .)
                0x0000000020015560                . = (. + _Min_Heap_Size)
 *fill*         0x0000000020015360      0x200 
                0x0000000020015960                . = (. + _Min_Stack_Size)
 *fill*         0x0000000020015560      0x400 
                0x0000000020015960                . = ALIGN (0x8)

/DISCARD/
 libc.a(*)
 libm.a(*)
 libgcc.a(*)

.ARM.attributes
                0x0000000000000000       0x30
 *(.ARM.attributes)
 .ARM.attributes
                0x0000000000000000       0x1e d:/st/stm32cubeide_1.0.0/stm32cubeide/plugins/com.st.stm32cube.ide.mcu.externaltools.gnu-tools-for-stm32.9-2020-q2-update.win32_1.5.0.202011040924/tools/bin/../lib/gcc/arm-none-eabi/9.3.1/thumb/v7e-m+fp/hard/crti.o
 .ARM.attributes
                0x000000000000001e       0x34 d:/st/stm32cubeide_1.0.0/stm32cubeide/plugins/com.st.stm32cube.ide.mcu.externaltools.gnu-tools-for-stm32.9-2020-q2-update.win32_1.5.0.202011040924/tools/bin/../lib/gcc/arm-none-eabi/9.3.1/thumb/v7e-m+fp/hard/crtbegin.o
 .ARM.attributes
                0x0000000000000052       0x34 Drivers/STM32F7xx_HAL_Driver/Src/stm32f7xx_hal.o
 .ARM.attributes
                0x0000000000000086       0x34 Drivers/STM32F7xx_HAL_Driver/Src/stm32f7xx_hal_cortex.o
 .ARM.attributes
                0x00000000000000ba       0x34 Drivers/STM32F7xx_HAL_Driver/Src/stm32f7xx_hal_i2s.o
 .ARM.attributes
                0x00000000000000ee       0x34 Drivers/STM32F7xx_HAL_Driver/Src/stm32f7xx_hal_tim.o
 .ARM.attributes
                0x0000000000000122       0x34 Drivers/STM32F7xx_HAL_Driver/Src/stm32f7xx_ll_exti.o
 .ARM.attributes
                0x0000000000000156       0x34 Drivers/STM32F7xx_HAL_Driver/Src/stm32f7xx_ll_gpio.o
 .ARM.attributes
                0x000000000000018a       0x34 Drivers/STM32F7xx_HAL_Driver/Src/stm32f7xx_ll_utils.o
 .ARM.attributes
                0x00000000000001be       0x34 Middlewares/Third_Party/FatFs/src/diskio.o
 .ARM.attributes
                0x00000000000001f2       0x34 Middlewares/Third_Party/FatFs/src/ff.o
 .ARM.attributes
                0x0000000000000226       0x34 Middlewares/Third_Party/FatFs/src/ff_gen_drv.o
 .ARM.attributes
                0x000000000000025a       0x34 Src/cdda.o
 .ARM.attributes
                0x000000000000028e       0x34 Src/console_cmd.o
 .ARM.attributes
                0x00000000000002c2       0x34 Src/cpld_comm.o
 .ARM.attributes
                0x00000000000002f6       0x34 Src/cue_sheet.o
 .ARM.attributes
                0x000000000000032a       0x34 Src/fatfs.o
 .ARM.attributes
                0x000000000000035e       0x34 Src/files.o
 .ARM.attributes
                0x0000000000000392       0x34 Src/flash.o
 .ARM.attributes
                0x00000000000003c6       0x34 Src/init_clocks.o
 .ARM.attributes
                0x00000000000003fa       0x34 Src/init_gpio.o
 .ARM.attributes
                0x000000000000042e       0x34 Src/init_spi.o
 .ARM.attributes
                0x0000000000000462       0x34 Src/jtag.o
 .ARM.attributes
                0x0000000000000496       0x34 Src/leds.o
 .ARM.attributes
                0x00000000000004ca       0x34 Src/main.o
 .ARM.attributes
                0x00000000000004fe       0x34 Src/sd.o
 .ARM.attributes
                0x0000000000000532       0x34 Src/stm32f7xx_it.o
 .ARM.attributes
                0x0000000000000566       0x34 Src/sysmem.o
 .ARM.attributes
                0x000000000000059a       0x34 Src/system_stm32f7xx.o
 .ARM.attributes
                0x00000000000005ce       0x34 Src/update.o
 .ARM.attributes
                0x0000000000000602       0x34 Src/user_diskio.o
 .ARM.attributes
                0x0000000000000636       0x34 Src/util.o
 .ARM.attributes
                0x000000000000066a       0x21 Startup/startup_stm32f730r8tx.o
 .ARM.attributes
                0x000000000000068b       0x32 d:/st/stm32cubeide_1.0.0/stm32cubeide/plugins/com.st.stm32cube.ide.mcu.externaltools.gnu-tools-for-stm32.9-2020-q2-update.win32_1.5.0.202011040924/tools/bin/../lib/gcc/arm-none-eabi/9.3.1/../../../../arm-none-eabi/lib/thumb/v7e-m+fp/hard\libc_nano.a(lib_a-ctype_.o)
 .ARM.attributes
                0x00000000000006bd       0x34 d:/st/stm32cubeide_1.0.0/stm32cubeide/plugins/com.st.stm32cube.ide.mcu.externaltools.gnu-tools-for-stm32.9-2020-q2-update.win32_1.5.0.202011040924/tools/bin/../lib/gcc/arm-none-eabi/9.3.1/../../../../arm-none-eabi/lib/thumb/v7e-m+fp/hard\libc_nano.a(lib_a-errno.o)
 .ARM.attributes
                0x00000000000006f1       0x32 d:/st/stm32cubeide_1.0.0/stm32cubeide/plugins/com.st.stm32cube.ide.mcu.externaltools.gnu-tools-for-stm32.9-2020-q2-update.win32_1.5.0.202011040924/tools/bin/../lib/gcc/arm-none-eabi/9.3.1/../../../../arm-none-eabi/lib/thumb/v7e-m+fp/hard\libc_nano.a(lib_a-impure.o)
 .ARM.attributes
                0x0000000000000723       0x34 d:/st/stm32cubeide_1.0.0/stm32cubeide/plugins/com.st.stm32cube.ide.mcu.externaltools.gnu-tools-for-stm32.9-2020-q2-update.win32_1.5.0.202011040924/tools/bin/../lib/gcc/arm-none-eabi/9.3.1/../../../../arm-none-eabi/lib/thumb/v7e-m+fp/hard\libc_nano.a(lib_a-init.o)
 .ARM.attributes
                0x0000000000000757       0x34 d:/st/stm32cubeide_1.0.0/stm32cubeide/plugins/com.st.stm32cube.ide.mcu.externaltools.gnu-tools-for-stm32.9-2020-q2-update.win32_1.5.0.202011040924/tools/bin/../lib/gcc/arm-none-eabi/9.3.1/../../../../arm-none-eabi/lib/thumb/v7e-m+fp/hard\libc_nano.a(lib_a-memcmp.o)
 .ARM.attributes
                0x000000000000078b       0x34 d:/st/stm32cubeide_1.0.0/stm32cubeide/plugins/com.st.stm32cube.ide.mcu.externaltools.gnu-tools-for-stm32.9-2020-q2-update.win32_1.5.0.202011040924/tools/bin/../lib/gcc/arm-none-eabi/9.3.1/../../../../arm-none-eabi/lib/thumb/v7e-m+fp/hard\libc_nano.a(lib_a-memcpy-stub.o)
 .ARM.attributes
                0x00000000000007bf       0x34 d:/st/stm32cubeide_1.0.0/stm32cubeide/plugins/com.st.stm32cube.ide.mcu.externaltools.gnu-tools-for-stm32.9-2020-q2-update.win32_1.5.0.202011040924/tools/bin/../lib/gcc/arm-none-eabi/9.3.1/../../../../arm-none-eabi/lib/thumb/v7e-m+fp/hard\libc_nano.a(lib_a-memset.o)
 .ARM.attributes
                0x00000000000007f3       0x34 d:/st/stm32cubeide_1.0.0/stm32cubeide/plugins/com.st.stm32cube.ide.mcu.externaltools.gnu-tools-for-stm32.9-2020-q2-update.win32_1.5.0.202011040924/tools/bin/../lib/gcc/arm-none-eabi/9.3.1/../../../../arm-none-eabi/lib/thumb/v7e-m+fp/hard\libc_nano.a(lib_a-nano-freer.o)
 .ARM.attributes
                0x0000000000000827       0x34 d:/st/stm32cubeide_1.0.0/stm32cubeide/plugins/com.st.stm32cube.ide.mcu.externaltools.gnu-tools-for-stm32.9-2020-q2-update.win32_1.5.0.202011040924/tools/bin/../lib/gcc/arm-none-eabi/9.3.1/../../../../arm-none-eabi/lib/thumb/v7e-m+fp/hard\libc_nano.a(lib_a-nano-mallocr.o)
 .ARM.attributes
                0x000000000000085b       0x34 d:/st/stm32cubeide_1.0.0/stm32cubeide/plugins/com.st.stm32cube.ide.mcu.externaltools.gnu-tools-for-stm32.9-2020-q2-update.win32_1.5.0.202011040924/tools/bin/../lib/gcc/arm-none-eabi/9.3.1/../../../../arm-none-eabi/lib/thumb/v7e-m+fp/hard\libc_nano.a(lib_a-sbrkr.o)
 .ARM.attributes
                0x000000000000088f       0x34 d:/st/stm32cubeide_1.0.0/stm32cubeide/plugins/com.st.stm32cube.ide.mcu.externaltools.gnu-tools-for-stm32.9-2020-q2-update.win32_1.5.0.202011040924/tools/bin/../lib/gcc/arm-none-eabi/9.3.1/../../../../arm-none-eabi/lib/thumb/v7e-m+fp/hard\libc_nano.a(lib_a-sprintf.o)
 .ARM.attributes
                0x00000000000008c3       0x34 d:/st/stm32cubeide_1.0.0/stm32cubeide/plugins/com.st.stm32cube.ide.mcu.externaltools.gnu-tools-for-stm32.9-2020-q2-update.win32_1.5.0.202011040924/tools/bin/../lib/gcc/arm-none-eabi/9.3.1/../../../../arm-none-eabi/lib/thumb/v7e-m+fp/hard\libc_nano.a(lib_a-sscanf.o)
 .ARM.attributes
                0x00000000000008f7       0x34 d:/st/stm32cubeide_1.0.0/stm32cubeide/plugins/com.st.stm32cube.ide.mcu.externaltools.gnu-tools-for-stm32.9-2020-q2-update.win32_1.5.0.202011040924/tools/bin/../lib/gcc/arm-none-eabi/9.3.1/../../../../arm-none-eabi/lib/thumb/v7e-m+fp/hard\libc_nano.a(lib_a-stdio.o)
 .ARM.attributes
                0x000000000000092b       0x34 d:/st/stm32cubeide_1.0.0/stm32cubeide/plugins/com.st.stm32cube.ide.mcu.externaltools.gnu-tools-for-stm32.9-2020-q2-update.win32_1.5.0.202011040924/tools/bin/../lib/gcc/arm-none-eabi/9.3.1/../../../../arm-none-eabi/lib/thumb/v7e-m+fp/hard\libc_nano.a(lib_a-stpcpy.o)
 .ARM.attributes
                0x000000000000095f       0x34 d:/st/stm32cubeide_1.0.0/stm32cubeide/plugins/com.st.stm32cube.ide.mcu.externaltools.gnu-tools-for-stm32.9-2020-q2-update.win32_1.5.0.202011040924/tools/bin/../lib/gcc/arm-none-eabi/9.3.1/../../../../arm-none-eabi/lib/thumb/v7e-m+fp/hard\libc_nano.a(lib_a-strchr.o)
 .ARM.attributes
                0x0000000000000993       0x34 d:/st/stm32cubeide_1.0.0/stm32cubeide/plugins/com.st.stm32cube.ide.mcu.externaltools.gnu-tools-for-stm32.9-2020-q2-update.win32_1.5.0.202011040924/tools/bin/../lib/gcc/arm-none-eabi/9.3.1/../../../../arm-none-eabi/lib/thumb/v7e-m+fp/hard\libc_nano.a(lib_a-strcpy.o)
 .ARM.attributes
                0x00000000000009c7       0x17 d:/st/stm32cubeide_1.0.0/stm32cubeide/plugins/com.st.stm32cube.ide.mcu.externaltools.gnu-tools-for-stm32.9-2020-q2-update.win32_1.5.0.202011040924/tools/bin/../lib/gcc/arm-none-eabi/9.3.1/../../../../arm-none-eabi/lib/thumb/v7e-m+fp/hard\libc_nano.a(lib_a-strlen.o)
 .ARM.attributes
                0x00000000000009de       0x34 d:/st/stm32cubeide_1.0.0/stm32cubeide/plugins/com.st.stm32cube.ide.mcu.externaltools.gnu-tools-for-stm32.9-2020-q2-update.win32_1.5.0.202011040924/tools/bin/../lib/gcc/arm-none-eabi/9.3.1/../../../../arm-none-eabi/lib/thumb/v7e-m+fp/hard\libc_nano.a(lib_a-strncpy.o)
 .ARM.attributes
                0x0000000000000a12       0x34 d:/st/stm32cubeide_1.0.0/stm32cubeide/plugins/com.st.stm32cube.ide.mcu.externaltools.gnu-tools-for-stm32.9-2020-q2-update.win32_1.5.0.202011040924/tools/bin/../lib/gcc/arm-none-eabi/9.3.1/../../../../arm-none-eabi/lib/thumb/v7e-m+fp/hard\libc_nano.a(lib_a-mlock.o)
 .ARM.attributes
                0x0000000000000a46       0x34 d:/st/stm32cubeide_1.0.0/stm32cubeide/plugins/com.st.stm32cube.ide.mcu.externaltools.gnu-tools-for-stm32.9-2020-q2-update.win32_1.5.0.202011040924/tools/bin/../lib/gcc/arm-none-eabi/9.3.1/../../../../arm-none-eabi/lib/thumb/v7e-m+fp/hard\libc_nano.a(lib_a-nano-svfprintf.o)
 .ARM.attributes
                0x0000000000000a7a       0x34 d:/st/stm32cubeide_1.0.0/stm32cubeide/plugins/com.st.stm32cube.ide.mcu.externaltools.gnu-tools-for-stm32.9-2020-q2-update.win32_1.5.0.202011040924/tools/bin/../lib/gcc/arm-none-eabi/9.3.1/../../../../arm-none-eabi/lib/thumb/v7e-m+fp/hard\libc_nano.a(lib_a-nano-svfscanf.o)
 .ARM.attributes
                0x0000000000000aae       0x34 d:/st/stm32cubeide_1.0.0/stm32cubeide/plugins/com.st.stm32cube.ide.mcu.externaltools.gnu-tools-for-stm32.9-2020-q2-update.win32_1.5.0.202011040924/tools/bin/../lib/gcc/arm-none-eabi/9.3.1/../../../../arm-none-eabi/lib/thumb/v7e-m+fp/hard\libc_nano.a(lib_a-nano-vfprintf_i.o)
 .ARM.attributes
                0x0000000000000ae2       0x34 d:/st/stm32cubeide_1.0.0/stm32cubeide/plugins/com.st.stm32cube.ide.mcu.externaltools.gnu-tools-for-stm32.9-2020-q2-update.win32_1.5.0.202011040924/tools/bin/../lib/gcc/arm-none-eabi/9.3.1/../../../../arm-none-eabi/lib/thumb/v7e-m+fp/hard\libc_nano.a(lib_a-nano-vfscanf_i.o)
 .ARM.attributes
                0x0000000000000b16       0x34 d:/st/stm32cubeide_1.0.0/stm32cubeide/plugins/com.st.stm32cube.ide.mcu.externaltools.gnu-tools-for-stm32.9-2020-q2-update.win32_1.5.0.202011040924/tools/bin/../lib/gcc/arm-none-eabi/9.3.1/../../../../arm-none-eabi/lib/thumb/v7e-m+fp/hard\libc_nano.a(lib_a-reent.o)
 .ARM.attributes
                0x0000000000000b4a       0x34 d:/st/stm32cubeide_1.0.0/stm32cubeide/plugins/com.st.stm32cube.ide.mcu.externaltools.gnu-tools-for-stm32.9-2020-q2-update.win32_1.5.0.202011040924/tools/bin/../lib/gcc/arm-none-eabi/9.3.1/../../../../arm-none-eabi/lib/thumb/v7e-m+fp/hard\libc_nano.a(lib_a-sccl.o)
 .ARM.attributes
                0x0000000000000b7e       0x34 d:/st/stm32cubeide_1.0.0/stm32cubeide/plugins/com.st.stm32cube.ide.mcu.externaltools.gnu-tools-for-stm32.9-2020-q2-update.win32_1.5.0.202011040924/tools/bin/../lib/gcc/arm-none-eabi/9.3.1/../../../../arm-none-eabi/lib/thumb/v7e-m+fp/hard\libc_nano.a(lib_a-strtol.o)
 .ARM.attributes
                0x0000000000000bb2       0x34 d:/st/stm32cubeide_1.0.0/stm32cubeide/plugins/com.st.stm32cube.ide.mcu.externaltools.gnu-tools-for-stm32.9-2020-q2-update.win32_1.5.0.202011040924/tools/bin/../lib/gcc/arm-none-eabi/9.3.1/../../../../arm-none-eabi/lib/thumb/v7e-m+fp/hard\libc_nano.a(lib_a-strtoul.o)
 .ARM.attributes
                0x0000000000000be6       0x34 d:/st/stm32cubeide_1.0.0/stm32cubeide/plugins/com.st.stm32cube.ide.mcu.externaltools.gnu-tools-for-stm32.9-2020-q2-update.win32_1.5.0.202011040924/tools/bin/../lib/gcc/arm-none-eabi/9.3.1/../../../../arm-none-eabi/lib/thumb/v7e-m+fp/hard\libc_nano.a(lib_a-ungetc.o)
 .ARM.attributes
                0x0000000000000c1a       0x34 d:/st/stm32cubeide_1.0.0/stm32cubeide/plugins/com.st.stm32cube.ide.mcu.externaltools.gnu-tools-for-stm32.9-2020-q2-update.win32_1.5.0.202011040924/tools/bin/../lib/gcc/arm-none-eabi/9.3.1/../../../../arm-none-eabi/lib/thumb/v7e-m+fp/hard\libc_nano.a(lib_a-findfp.o)
 .ARM.attributes
                0x0000000000000c4e       0x34 d:/st/stm32cubeide_1.0.0/stm32cubeide/plugins/com.st.stm32cube.ide.mcu.externaltools.gnu-tools-for-stm32.9-2020-q2-update.win32_1.5.0.202011040924/tools/bin/../lib/gcc/arm-none-eabi/9.3.1/../../../../arm-none-eabi/lib/thumb/v7e-m+fp/hard\libc_nano.a(lib_a-lock.o)
 .ARM.attributes
                0x0000000000000c82       0x1c d:/st/stm32cubeide_1.0.0/stm32cubeide/plugins/com.st.stm32cube.ide.mcu.externaltools.gnu-tools-for-stm32.9-2020-q2-update.win32_1.5.0.202011040924/tools/bin/../lib/gcc/arm-none-eabi/9.3.1/../../../../arm-none-eabi/lib/thumb/v7e-m+fp/hard\libc_nano.a(lib_a-memchr.o)
 .ARM.attributes
                0x0000000000000c9e       0x34 d:/st/stm32cubeide_1.0.0/stm32cubeide/plugins/com.st.stm32cube.ide.mcu.externaltools.gnu-tools-for-stm32.9-2020-q2-update.win32_1.5.0.202011040924/tools/bin/../lib/gcc/arm-none-eabi/9.3.1/../../../../arm-none-eabi/lib/thumb/v7e-m+fp/hard\libc_nano.a(lib_a-memmove.o)
 .ARM.attributes
                0x0000000000000cd2       0x34 d:/st/stm32cubeide_1.0.0/stm32cubeide/plugins/com.st.stm32cube.ide.mcu.externaltools.gnu-tools-for-stm32.9-2020-q2-update.win32_1.5.0.202011040924/tools/bin/../lib/gcc/arm-none-eabi/9.3.1/../../../../arm-none-eabi/lib/thumb/v7e-m+fp/hard\libc_nano.a(lib_a-nano-reallocr.o)
 .ARM.attributes
                0x0000000000000d06       0x34 d:/st/stm32cubeide_1.0.0/stm32cubeide/plugins/com.st.stm32cube.ide.mcu.externaltools.gnu-tools-for-stm32.9-2020-q2-update.win32_1.5.0.202011040924/tools/bin/../lib/gcc/arm-none-eabi/9.3.1/../../../../arm-none-eabi/lib/thumb/v7e-m+fp/hard\libc_nano.a(lib_a-nano-msizer.o)
 .ARM.attributes
                0x0000000000000d3a       0x1e d:/st/stm32cubeide_1.0.0/stm32cubeide/plugins/com.st.stm32cube.ide.mcu.externaltools.gnu-tools-for-stm32.9-2020-q2-update.win32_1.5.0.202011040924/tools/bin/../lib/gcc/arm-none-eabi/9.3.1/thumb/v7e-m+fp/hard/crtn.o
OUTPUT(ProdApp011.elf elf32-littlearm)
LOAD linker stubs
LOAD d:/st/stm32cubeide_1.0.0/stm32cubeide/plugins/com.st.stm32cube.ide.mcu.externaltools.gnu-tools-for-stm32.9-2020-q2-update.win32_1.5.0.202011040924/tools/bin/../lib/gcc/arm-none-eabi/9.3.1/../../../../arm-none-eabi/lib/thumb/v7e-m+fp/hard\libc.a
LOAD d:/st/stm32cubeide_1.0.0/stm32cubeide/plugins/com.st.stm32cube.ide.mcu.externaltools.gnu-tools-for-stm32.9-2020-q2-update.win32_1.5.0.202011040924/tools/bin/../lib/gcc/arm-none-eabi/9.3.1/../../../../arm-none-eabi/lib/thumb/v7e-m+fp/hard\libm.a
LOAD d:/st/stm32cubeide_1.0.0/stm32cubeide/plugins/com.st.stm32cube.ide.mcu.externaltools.gnu-tools-for-stm32.9-2020-q2-update.win32_1.5.0.202011040924/tools/bin/../lib/gcc/arm-none-eabi/9.3.1/thumb/v7e-m+fp/hard\libgcc.a

.comment        0x0000000000000000       0x53
 .comment       0x0000000000000000       0x53 Drivers/STM32F7xx_HAL_Driver/Src/stm32f7xx_hal.o
                                         0x54 (size before relaxing)
 .comment       0x0000000000000053       0x54 Drivers/STM32F7xx_HAL_Driver/Src/stm32f7xx_hal_cortex.o
 .comment       0x0000000000000053       0x54 Drivers/STM32F7xx_HAL_Driver/Src/stm32f7xx_hal_i2s.o
 .comment       0x0000000000000053       0x54 Drivers/STM32F7xx_HAL_Driver/Src/stm32f7xx_hal_tim.o
 .comment       0x0000000000000053       0x54 Drivers/STM32F7xx_HAL_Driver/Src/stm32f7xx_ll_exti.o
 .comment       0x0000000000000053       0x54 Drivers/STM32F7xx_HAL_Driver/Src/stm32f7xx_ll_gpio.o
 .comment       0x0000000000000053       0x54 Drivers/STM32F7xx_HAL_Driver/Src/stm32f7xx_ll_utils.o
 .comment       0x0000000000000053       0x54 Middlewares/Third_Party/FatFs/src/diskio.o
 .comment       0x0000000000000053       0x54 Middlewares/Third_Party/FatFs/src/ff.o
 .comment       0x0000000000000053       0x54 Middlewares/Third_Party/FatFs/src/ff_gen_drv.o
 .comment       0x0000000000000053       0x54 Src/cdda.o
 .comment       0x0000000000000053       0x54 Src/console_cmd.o
 .comment       0x0000000000000053       0x54 Src/cpld_comm.o
 .comment       0x0000000000000053       0x54 Src/cue_sheet.o
 .comment       0x0000000000000053       0x54 Src/fatfs.o
 .comment       0x0000000000000053       0x54 Src/files.o
 .comment       0x0000000000000053       0x54 Src/flash.o
 .comment       0x0000000000000053       0x54 Src/init_clocks.o
 .comment       0x0000000000000053       0x54 Src/init_gpio.o
 .comment       0x0000000000000053       0x54 Src/init_spi.o
 .comment       0x0000000000000053       0x54 Src/jtag.o
 .comment       0x0000000000000053       0x54 Src/leds.o
 .comment       0x0000000000000053       0x54 Src/main.o
 .comment       0x0000000000000053       0x54 Src/sd.o
 .comment       0x0000000000000053       0x54 Src/stm32f7xx_it.o
 .comment       0x0000000000000053       0x54 Src/sysmem.o
 .comment       0x0000000000000053       0x54 Src/system_stm32f7xx.o
 .comment       0x0000000000000053       0x54 Src/update.o
 .comment       0x0000000000000053       0x54 Src/user_diskio.o
 .comment       0x0000000000000053       0x54 Src/util.o

.debug_frame    0x0000000000000000      0x970
 .debug_frame   0x0000000000000000       0x20 d:/st/stm32cubeide_1.0.0/stm32cubeide/plugins/com.st.stm32cube.ide.mcu.externaltools.gnu-tools-for-stm32.9-2020-q2-update.win32_1.5.0.202011040924/tools/bin/../lib/gcc/arm-none-eabi/9.3.1/../../../../arm-none-eabi/lib/thumb/v7e-m+fp/hard\libc_nano.a(lib_a-errno.o)
 .debug_frame   0x0000000000000020       0x2c d:/st/stm32cubeide_1.0.0/stm32cubeide/plugins/com.st.stm32cube.ide.mcu.externaltools.gnu-tools-for-stm32.9-2020-q2-update.win32_1.5.0.202011040924/tools/bin/../lib/gcc/arm-none-eabi/9.3.1/../../../../arm-none-eabi/lib/thumb/v7e-m+fp/hard\libc_nano.a(lib_a-init.o)
 .debug_frame   0x000000000000004c       0x2c d:/st/stm32cubeide_1.0.0/stm32cubeide/plugins/com.st.stm32cube.ide.mcu.externaltools.gnu-tools-for-stm32.9-2020-q2-update.win32_1.5.0.202011040924/tools/bin/../lib/gcc/arm-none-eabi/9.3.1/../../../../arm-none-eabi/lib/thumb/v7e-m+fp/hard\libc_nano.a(lib_a-memcmp.o)
 .debug_frame   0x0000000000000078       0x28 d:/st/stm32cubeide_1.0.0/stm32cubeide/plugins/com.st.stm32cube.ide.mcu.externaltools.gnu-tools-for-stm32.9-2020-q2-update.win32_1.5.0.202011040924/tools/bin/../lib/gcc/arm-none-eabi/9.3.1/../../../../arm-none-eabi/lib/thumb/v7e-m+fp/hard\libc_nano.a(lib_a-memcpy-stub.o)
 .debug_frame   0x00000000000000a0       0x20 d:/st/stm32cubeide_1.0.0/stm32cubeide/plugins/com.st.stm32cube.ide.mcu.externaltools.gnu-tools-for-stm32.9-2020-q2-update.win32_1.5.0.202011040924/tools/bin/../lib/gcc/arm-none-eabi/9.3.1/../../../../arm-none-eabi/lib/thumb/v7e-m+fp/hard\libc_nano.a(lib_a-memset.o)
 .debug_frame   0x00000000000000c0       0x38 d:/st/stm32cubeide_1.0.0/stm32cubeide/plugins/com.st.stm32cube.ide.mcu.externaltools.gnu-tools-for-stm32.9-2020-q2-update.win32_1.5.0.202011040924/tools/bin/../lib/gcc/arm-none-eabi/9.3.1/../../../../arm-none-eabi/lib/thumb/v7e-m+fp/hard\libc_nano.a(lib_a-nano-freer.o)
 .debug_frame   0x00000000000000f8       0x30 d:/st/stm32cubeide_1.0.0/stm32cubeide/plugins/com.st.stm32cube.ide.mcu.externaltools.gnu-tools-for-stm32.9-2020-q2-update.win32_1.5.0.202011040924/tools/bin/../lib/gcc/arm-none-eabi/9.3.1/../../../../arm-none-eabi/lib/thumb/v7e-m+fp/hard\libc_nano.a(lib_a-nano-mallocr.o)
 .debug_frame   0x0000000000000128       0x2c d:/st/stm32cubeide_1.0.0/stm32cubeide/plugins/com.st.stm32cube.ide.mcu.externaltools.gnu-tools-for-stm32.9-2020-q2-update.win32_1.5.0.202011040924/tools/bin/../lib/gcc/arm-none-eabi/9.3.1/../../../../arm-none-eabi/lib/thumb/v7e-m+fp/hard\libc_nano.a(lib_a-sbrkr.o)
 .debug_frame   0x0000000000000154       0x6c d:/st/stm32cubeide_1.0.0/stm32cubeide/plugins/com.st.stm32cube.ide.mcu.externaltools.gnu-tools-for-stm32.9-2020-q2-update.win32_1.5.0.202011040924/tools/bin/../lib/gcc/arm-none-eabi/9.3.1/../../../../arm-none-eabi/lib/thumb/v7e-m+fp/hard\libc_nano.a(lib_a-sprintf.o)
 .debug_frame   0x00000000000001c0       0x78 d:/st/stm32cubeide_1.0.0/stm32cubeide/plugins/com.st.stm32cube.ide.mcu.externaltools.gnu-tools-for-stm32.9-2020-q2-update.win32_1.5.0.202011040924/tools/bin/../lib/gcc/arm-none-eabi/9.3.1/../../../../arm-none-eabi/lib/thumb/v7e-m+fp/hard\libc_nano.a(lib_a-sscanf.o)
 .debug_frame   0x0000000000000238       0x88 d:/st/stm32cubeide_1.0.0/stm32cubeide/plugins/com.st.stm32cube.ide.mcu.externaltools.gnu-tools-for-stm32.9-2020-q2-update.win32_1.5.0.202011040924/tools/bin/../lib/gcc/arm-none-eabi/9.3.1/../../../../arm-none-eabi/lib/thumb/v7e-m+fp/hard\libc_nano.a(lib_a-stdio.o)
 .debug_frame   0x00000000000002c0       0x20 d:/st/stm32cubeide_1.0.0/stm32cubeide/plugins/com.st.stm32cube.ide.mcu.externaltools.gnu-tools-for-stm32.9-2020-q2-update.win32_1.5.0.202011040924/tools/bin/../lib/gcc/arm-none-eabi/9.3.1/../../../../arm-none-eabi/lib/thumb/v7e-m+fp/hard\libc_nano.a(lib_a-stpcpy.o)
 .debug_frame   0x00000000000002e0       0x20 d:/st/stm32cubeide_1.0.0/stm32cubeide/plugins/com.st.stm32cube.ide.mcu.externaltools.gnu-tools-for-stm32.9-2020-q2-update.win32_1.5.0.202011040924/tools/bin/../lib/gcc/arm-none-eabi/9.3.1/../../../../arm-none-eabi/lib/thumb/v7e-m+fp/hard\libc_nano.a(lib_a-strchr.o)
 .debug_frame   0x0000000000000300       0x20 d:/st/stm32cubeide_1.0.0/stm32cubeide/plugins/com.st.stm32cube.ide.mcu.externaltools.gnu-tools-for-stm32.9-2020-q2-update.win32_1.5.0.202011040924/tools/bin/../lib/gcc/arm-none-eabi/9.3.1/../../../../arm-none-eabi/lib/thumb/v7e-m+fp/hard\libc_nano.a(lib_a-strcpy.o)
 .debug_frame   0x0000000000000320       0x28 d:/st/stm32cubeide_1.0.0/stm32cubeide/plugins/com.st.stm32cube.ide.mcu.externaltools.gnu-tools-for-stm32.9-2020-q2-update.win32_1.5.0.202011040924/tools/bin/../lib/gcc/arm-none-eabi/9.3.1/../../../../arm-none-eabi/lib/thumb/v7e-m+fp/hard\libc_nano.a(lib_a-strncpy.o)
 .debug_frame   0x0000000000000348       0x30 d:/st/stm32cubeide_1.0.0/stm32cubeide/plugins/com.st.stm32cube.ide.mcu.externaltools.gnu-tools-for-stm32.9-2020-q2-update.win32_1.5.0.202011040924/tools/bin/../lib/gcc/arm-none-eabi/9.3.1/../../../../arm-none-eabi/lib/thumb/v7e-m+fp/hard\libc_nano.a(lib_a-mlock.o)
 .debug_frame   0x0000000000000378       0x90 d:/st/stm32cubeide_1.0.0/stm32cubeide/plugins/com.st.stm32cube.ide.mcu.externaltools.gnu-tools-for-stm32.9-2020-q2-update.win32_1.5.0.202011040924/tools/bin/../lib/gcc/arm-none-eabi/9.3.1/../../../../arm-none-eabi/lib/thumb/v7e-m+fp/hard\libc_nano.a(lib_a-nano-svfprintf.o)
 .debug_frame   0x0000000000000408       0x78 d:/st/stm32cubeide_1.0.0/stm32cubeide/plugins/com.st.stm32cube.ide.mcu.externaltools.gnu-tools-for-stm32.9-2020-q2-update.win32_1.5.0.202011040924/tools/bin/../lib/gcc/arm-none-eabi/9.3.1/../../../../arm-none-eabi/lib/thumb/v7e-m+fp/hard\libc_nano.a(lib_a-nano-svfscanf.o)
 .debug_frame   0x0000000000000480       0x60 d:/st/stm32cubeide_1.0.0/stm32cubeide/plugins/com.st.stm32cube.ide.mcu.externaltools.gnu-tools-for-stm32.9-2020-q2-update.win32_1.5.0.202011040924/tools/bin/../lib/gcc/arm-none-eabi/9.3.1/../../../../arm-none-eabi/lib/thumb/v7e-m+fp/hard\libc_nano.a(lib_a-nano-vfprintf_i.o)
 .debug_frame   0x00000000000004e0       0x64 d:/st/stm32cubeide_1.0.0/stm32cubeide/plugins/com.st.stm32cube.ide.mcu.externaltools.gnu-tools-for-stm32.9-2020-q2-update.win32_1.5.0.202011040924/tools/bin/../lib/gcc/arm-none-eabi/9.3.1/../../../../arm-none-eabi/lib/thumb/v7e-m+fp/hard\libc_nano.a(lib_a-nano-vfscanf_i.o)
 .debug_frame   0x0000000000000544       0x5c d:/st/stm32cubeide_1.0.0/stm32cubeide/plugins/com.st.stm32cube.ide.mcu.externaltools.gnu-tools-for-stm32.9-2020-q2-update.win32_1.5.0.202011040924/tools/bin/../lib/gcc/arm-none-eabi/9.3.1/../../../../arm-none-eabi/lib/thumb/v7e-m+fp/hard\libc_nano.a(lib_a-reent.o)
 .debug_frame   0x00000000000005a0       0x2c d:/st/stm32cubeide_1.0.0/stm32cubeide/plugins/com.st.stm32cube.ide.mcu.externaltools.gnu-tools-for-stm32.9-2020-q2-update.win32_1.5.0.202011040924/tools/bin/../lib/gcc/arm-none-eabi/9.3.1/../../../../arm-none-eabi/lib/thumb/v7e-m+fp/hard\libc_nano.a(lib_a-sccl.o)