Archive member included to satisfy reference by file (symbol)

d:/st/stm32cubeide_1.0.0/stm32cubeide/plugins/com.st.stm32cube.ide.mcu.externaltools.gnu-tools-for-stm32.7-2018-q2-update.win32_1.0.0.201904181610/tools/bin/../lib/gcc/arm-none-eabi/7.3.1/../../../../arm-none-eabi/lib/thumb/v7e-m/fpv4-sp/hard\libc_nano.a(lib_a-errno.o)
                              Src/syscalls.o (__errno)
d:/st/stm32cubeide_1.0.0/stm32cubeide/plugins/com.st.stm32cube.ide.mcu.externaltools.gnu-tools-for-stm32.7-2018-q2-update.win32_1.0.0.201904181610/tools/bin/../lib/gcc/arm-none-eabi/7.3.1/../../../../arm-none-eabi/lib/thumb/v7e-m/fpv4-sp/hard\libc_nano.a(lib_a-exit.o)
                              d:/st/stm32cubeide_1.0.0/stm32cubeide/plugins/com.st.stm32cube.ide.mcu.externaltools.gnu-tools-for-stm32.7-2018-q2-update.win32_1.0.0.201904181610/tools/bin/../lib/gcc/arm-none-eabi/7.3.1/../../../../arm-none-eabi/lib/thumb/v7e-m/fpv4-sp/hard/crt0.o (exit)
d:/st/stm32cubeide_1.0.0/stm32cubeide/plugins/com.st.stm32cube.ide.mcu.externaltools.gnu-tools-for-stm32.7-2018-q2-update.win32_1.0.0.201904181610/tools/bin/../lib/gcc/arm-none-eabi/7.3.1/../../../../arm-none-eabi/lib/thumb/v7e-m/fpv4-sp/hard\libc_nano.a(lib_a-impure.o)
                              d:/st/stm32cubeide_1.0.0/stm32cubeide/plugins/com.st.stm32cube.ide.mcu.externaltools.gnu-tools-for-stm32.7-2018-q2-update.win32_1.0.0.201904181610/tools/bin/../lib/gcc/arm-none-eabi/7.3.1/../../../../arm-none-eabi/lib/thumb/v7e-m/fpv4-sp/hard\libc_nano.a(lib_a-exit.o) (_global_impure_ptr)
d:/st/stm32cubeide_1.0.0/stm32cubeide/plugins/com.st.stm32cube.ide.mcu.externaltools.gnu-tools-for-stm32.7-2018-q2-update.win32_1.0.0.201904181610/tools/bin/../lib/gcc/arm-none-eabi/7.3.1/../../../../arm-none-eabi/lib/thumb/v7e-m/fpv4-sp/hard\libc_nano.a(lib_a-init.o)
                              d:/st/stm32cubeide_1.0.0/stm32cubeide/plugins/com.st.stm32cube.ide.mcu.externaltools.gnu-tools-for-stm32.7-2018-q2-update.win32_1.0.0.201904181610/tools/bin/../lib/gcc/arm-none-eabi/7.3.1/../../../../arm-none-eabi/lib/thumb/v7e-m/fpv4-sp/hard/crt0.o (__libc_init_array)
d:/st/stm32cubeide_1.0.0/stm32cubeide/plugins/com.st.stm32cube.ide.mcu.externaltools.gnu-tools-for-stm32.7-2018-q2-update.win32_1.0.0.201904181610/tools/bin/../lib/gcc/arm-none-eabi/7.3.1/../../../../arm-none-eabi/lib/thumb/v7e-m/fpv4-sp/hard\libc_nano.a(lib_a-memset.o)
                              d:/st/stm32cubeide_1.0.0/stm32cubeide/plugins/com.st.stm32cube.ide.mcu.externaltools.gnu-tools-for-stm32.7-2018-q2-update.win32_1.0.0.201904181610/tools/bin/../lib/gcc/arm-none-eabi/7.3.1/../../../../arm-none-eabi/lib/thumb/v7e-m/fpv4-sp/hard/crt0.o (memset)
d:/st/stm32cubeide_1.0.0/stm32cubeide/plugins/com.st.stm32cube.ide.mcu.externaltools.gnu-tools-for-stm32.7-2018-q2-update.win32_1.0.0.201904181610/tools/bin/../lib/gcc/arm-none-eabi/7.3.1/../../../../arm-none-eabi/lib/thumb/v7e-m/fpv4-sp/hard\libc_nano.a(lib_a-strchr.o)
                              Src/main.o (strchr)
d:/st/stm32cubeide_1.0.0/stm32cubeide/plugins/com.st.stm32cube.ide.mcu.externaltools.gnu-tools-for-stm32.7-2018-q2-update.win32_1.0.0.201904181610/tools/bin/../lib/gcc/arm-none-eabi/7.3.1/../../../../arm-none-eabi/lib/thumb/v7e-m/fpv4-sp/hard\libc_nano.a(lib_a-strncmp.o)
                              Src/main.o (strncmp)
d:/st/stm32cubeide_1.0.0/stm32cubeide/plugins/com.st.stm32cube.ide.mcu.externaltools.gnu-tools-for-stm32.7-2018-q2-update.win32_1.0.0.201904181610/tools/bin/../lib/gcc/arm-none-eabi/7.3.1/../../../../arm-none-eabi/lib/thumb/v7e-m/fpv4-sp/hard\libc_nano.a(lib_a-strstr.o)
                              Src/main.o (strstr)
d:/st/stm32cubeide_1.0.0/stm32cubeide/plugins/com.st.stm32cube.ide.mcu.externaltools.gnu-tools-for-stm32.7-2018-q2-update.win32_1.0.0.201904181610/tools/bin/../lib/gcc/arm-none-eabi/7.3.1/thumb/v7e-m/fpv4-sp/hard\libgcc.a(_aeabi_ldivmod.o)
                              Drivers/STM32F7xx_HAL_Driver/Src/stm32f7xx_hal_rcc.o (__aeabi_ldivmod)
d:/st/stm32cubeide_1.0.0/stm32cubeide/plugins/com.st.stm32cube.ide.mcu.externaltools.gnu-tools-for-stm32.7-2018-q2-update.win32_1.0.0.201904181610/tools/bin/../lib/gcc/arm-none-eabi/7.3.1/thumb/v7e-m/fpv4-sp/hard\libgcc.a(_aeabi_uldivmod.o)
                              Drivers/STM32F7xx_HAL_Driver/Src/stm32f7xx_hal_rcc.o (__aeabi_uldivmod)
d:/st/stm32cubeide_1.0.0/stm32cubeide/plugins/com.st.stm32cube.ide.mcu.externaltools.gnu-tools-for-stm32.7-2018-q2-update.win32_1.0.0.201904181610/tools/bin/../lib/gcc/arm-none-eabi/7.3.1/thumb/v7e-m/fpv4-sp/hard\libgcc.a(_udivmoddi4.o)
                              d:/st/stm32cubeide_1.0.0/stm32cubeide/plugins/com.st.stm32cube.ide.mcu.externaltools.gnu-tools-for-stm32.7-2018-q2-update.win32_1.0.0.201904181610/tools/bin/../lib/gcc/arm-none-eabi/7.3.1/thumb/v7e-m/fpv4-sp/hard\libgcc.a(_aeabi_ldivmod.o) (__udivmoddi4)
[...]
Memory Configuration

Name             Origin             Length             Attributes
FLASH            0x0000000008000000 0x0000000000004000 xr
RAM              0x0000000020000000 0x0000000000040000 xrw
*default*        0x0000000000000000 0xffffffffffffffff

Linker script and memory map

LOAD d:/st/stm32cubeide_1.0.0/stm32cubeide/plugins/com.st.stm32cube.ide.mcu.externaltools.gnu-tools-for-stm32.7-2018-q2-update.win32_1.0.0.201904181610/tools/bin/../lib/gcc/arm-none-eabi/7.3.1/thumb/v7e-m/fpv4-sp/hard/crti.o
LOAD d:/st/stm32cubeide_1.0.0/stm32cubeide/plugins/com.st.stm32cube.ide.mcu.externaltools.gnu-tools-for-stm32.7-2018-q2-update.win32_1.0.0.201904181610/tools/bin/../lib/gcc/arm-none-eabi/7.3.1/thumb/v7e-m/fpv4-sp/hard/crtbegin.o
LOAD d:/st/stm32cubeide_1.0.0/stm32cubeide/plugins/com.st.stm32cube.ide.mcu.externaltools.gnu-tools-for-stm32.7-2018-q2-update.win32_1.0.0.201904181610/tools/bin/../lib/gcc/arm-none-eabi/7.3.1/../../../../arm-none-eabi/lib/thumb/v7e-m/fpv4-sp/hard/crt0.o
LOAD Drivers/STM32F7xx_HAL_Driver/Src/stm32f7xx_hal.o
LOAD Drivers/STM32F7xx_HAL_Driver/Src/stm32f7xx_hal_cortex.o
LOAD Drivers/STM32F7xx_HAL_Driver/Src/stm32f7xx_hal_crc.o
LOAD Drivers/STM32F7xx_HAL_Driver/Src/stm32f7xx_hal_crc_ex.o
LOAD Drivers/STM32F7xx_HAL_Driver/Src/stm32f7xx_hal_dma.o
LOAD Drivers/STM32F7xx_HAL_Driver/Src/stm32f7xx_hal_dma_ex.o
LOAD Drivers/STM32F7xx_HAL_Driver/Src/stm32f7xx_hal_exti.o
LOAD Drivers/STM32F7xx_HAL_Driver/Src/stm32f7xx_hal_flash.o
LOAD Drivers/STM32F7xx_HAL_Driver/Src/stm32f7xx_hal_flash_ex.o
LOAD Drivers/STM32F7xx_HAL_Driver/Src/stm32f7xx_hal_gpio.o
LOAD Drivers/STM32F7xx_HAL_Driver/Src/stm32f7xx_hal_i2c.o
LOAD Drivers/STM32F7xx_HAL_Driver/Src/stm32f7xx_hal_i2c_ex.o
LOAD Drivers/STM32F7xx_HAL_Driver/Src/stm32f7xx_hal_i2s.o
LOAD Drivers/STM32F7xx_HAL_Driver/Src/stm32f7xx_hal_pcd.o
LOAD Drivers/STM32F7xx_HAL_Driver/Src/stm32f7xx_hal_pcd_ex.o
LOAD Drivers/STM32F7xx_HAL_Driver/Src/stm32f7xx_hal_pwr.o
LOAD Drivers/STM32F7xx_HAL_Driver/Src/stm32f7xx_hal_pwr_ex.o
LOAD Drivers/STM32F7xx_HAL_Driver/Src/stm32f7xx_hal_rcc.o
LOAD Drivers/STM32F7xx_HAL_Driver/Src/stm32f7xx_hal_rcc_ex.o
LOAD Drivers/STM32F7xx_HAL_Driver/Src/stm32f7xx_hal_tim.o
LOAD Drivers/STM32F7xx_HAL_Driver/Src/stm32f7xx_hal_tim_ex.o
LOAD Drivers/STM32F7xx_HAL_Driver/Src/stm32f7xx_ll_dma.o
LOAD Drivers/STM32F7xx_HAL_Driver/Src/stm32f7xx_ll_exti.o
LOAD Drivers/STM32F7xx_HAL_Driver/Src/stm32f7xx_ll_gpio.o
LOAD Drivers/STM32F7xx_HAL_Driver/Src/stm32f7xx_ll_rcc.o
LOAD Drivers/STM32F7xx_HAL_Driver/Src/stm32f7xx_ll_spi.o
LOAD Drivers/STM32F7xx_HAL_Driver/Src/stm32f7xx_ll_usb.o
LOAD Drivers/STM32F7xx_HAL_Driver/Src/stm32f7xx_ll_utils.o
LOAD Middlewares/Third_Party/FatFs/src/diskio.o
LOAD Middlewares/Third_Party/FatFs/src/ff.o
LOAD Middlewares/Third_Party/FatFs/src/ff_gen_drv.o
LOAD Middlewares/Third_Party/FatFs/src/option/syscall.o
LOAD Src/fatfs.o
LOAD Src/init_clocks.o
LOAD Src/init_gpio.o
LOAD Src/init_spi.o
LOAD Src/leds.o
LOAD Src/main.o
LOAD Src/sd.o
LOAD Src/stm32f7xx_it.o
LOAD Src/syscalls.o
LOAD Src/sysmem.o
LOAD Src/system_stm32f7xx.o
LOAD Src/user_diskio.o
LOAD Startup/startup_stm32f730r8tx.o
START GROUP
LOAD d:/st/stm32cubeide_1.0.0/stm32cubeide/plugins/com.st.stm32cube.ide.mcu.externaltools.gnu-tools-for-stm32.7-2018-q2-update.win32_1.0.0.201904181610/tools/bin/../lib/gcc/arm-none-eabi/7.3.1/../../../../arm-none-eabi/lib/thumb/v7e-m/fpv4-sp/hard\libc_nano.a
LOAD d:/st/stm32cubeide_1.0.0/stm32cubeide/plugins/com.st.stm32cube.ide.mcu.externaltools.gnu-tools-for-stm32.7-2018-q2-update.win32_1.0.0.201904181610/tools/bin/../lib/gcc/arm-none-eabi/7.3.1/../../../../arm-none-eabi/lib/thumb/v7e-m/fpv4-sp/hard\libm.a
END GROUP
START GROUP
LOAD d:/st/stm32cubeide_1.0.0/stm32cubeide/plugins/com.st.stm32cube.ide.mcu.externaltools.gnu-tools-for-stm32.7-2018-q2-update.win32_1.0.0.201904181610/tools/bin/../lib/gcc/arm-none-eabi/7.3.1/thumb/v7e-m/fpv4-sp/hard\libgcc.a
LOAD d:/st/stm32cubeide_1.0.0/stm32cubeide/plugins/com.st.stm32cube.ide.mcu.externaltools.gnu-tools-for-stm32.7-2018-q2-update.win32_1.0.0.201904181610/tools/bin/../lib/gcc/arm-none-eabi/7.3.1/../../../../arm-none-eabi/lib/thumb/v7e-m/fpv4-sp/hard\libc_nano.a
END GROUP
START GROUP
LOAD d:/st/stm32cubeide_1.0.0/stm32cubeide/plugins/com.st.stm32cube.ide.mcu.externaltools.gnu-tools-for-stm32.7-2018-q2-update.win32_1.0.0.201904181610/tools/bin/../lib/gcc/arm-none-eabi/7.3.1/thumb/v7e-m/fpv4-sp/hard\libgcc.a
LOAD d:/st/stm32cubeide_1.0.0/stm32cubeide/plugins/com.st.stm32cube.ide.mcu.externaltools.gnu-tools-for-stm32.7-2018-q2-update.win32_1.0.0.201904181610/tools/bin/../lib/gcc/arm-none-eabi/7.3.1/../../../../arm-none-eabi/lib/thumb/v7e-m/fpv4-sp/hard\libc_nano.a
LOAD d:/st/stm32cubeide_1.0.0/stm32cubeide/plugins/com.st.stm32cube.ide.mcu.externaltools.gnu-tools-for-stm32.7-2018-q2-update.win32_1.0.0.201904181610/tools/bin/../lib/gcc/arm-none-eabi/7.3.1/../../../../arm-none-eabi/lib/thumb/v7e-m/fpv4-sp/hard\libnosys.a
END GROUP
START GROUP
LOAD d:/st/stm32cubeide_1.0.0/stm32cubeide/plugins/com.st.stm32cube.ide.mcu.externaltools.gnu-tools-for-stm32.7-2018-q2-update.win32_1.0.0.201904181610/tools/bin/../lib/gcc/arm-none-eabi/7.3.1/thumb/v7e-m/fpv4-sp/hard\libgcc.a
LOAD d:/st/stm32cubeide_1.0.0/stm32cubeide/plugins/com.st.stm32cube.ide.mcu.externaltools.gnu-tools-for-stm32.7-2018-q2-update.win32_1.0.0.201904181610/tools/bin/../lib/gcc/arm-none-eabi/7.3.1/../../../../arm-none-eabi/lib/thumb/v7e-m/fpv4-sp/hard\libc_nano.a
LOAD d:/st/stm32cubeide_1.0.0/stm32cubeide/plugins/com.st.stm32cube.ide.mcu.externaltools.gnu-tools-for-stm32.7-2018-q2-update.win32_1.0.0.201904181610/tools/bin/../lib/gcc/arm-none-eabi/7.3.1/../../../../arm-none-eabi/lib/thumb/v7e-m/fpv4-sp/hard\libnosys.a
END GROUP
LOAD d:/st/stm32cubeide_1.0.0/stm32cubeide/plugins/com.st.stm32cube.ide.mcu.externaltools.gnu-tools-for-stm32.7-2018-q2-update.win32_1.0.0.201904181610/tools/bin/../lib/gcc/arm-none-eabi/7.3.1/thumb/v7e-m/fpv4-sp/hard/crtend.o
LOAD d:/st/stm32cubeide_1.0.0/stm32cubeide/plugins/com.st.stm32cube.ide.mcu.externaltools.gnu-tools-for-stm32.7-2018-q2-update.win32_1.0.0.201904181610/tools/bin/../lib/gcc/arm-none-eabi/7.3.1/thumb/v7e-m/fpv4-sp/hard/crtn.o
                0x000000002003ffff                _estack = 0x2003ffff
                0x0000000000000200                _Min_Heap_Size = 0x200
                0x0000000000000400                _Min_Stack_Size = 0x400

.isr_vector     0x0000000008000000      0x1e0
                0x0000000008000000                . = ALIGN (0x4)
 *(.isr_vector)
 .isr_vector    0x0000000008000000      0x1e0 Startup/startup_stm32f730r8tx.o
                0x0000000008000000                g_pfnVectors
                0x00000000080001e0                . = ALIGN (0x4)

.text           0x00000000080001e0     0x38fc
                0x00000000080001e0                . = ALIGN (0x4)
 *(.text)
 .text          0x00000000080001e0       0x40 d:/st/stm32cubeide_1.0.0/stm32cubeide/plugins/com.st.stm32cube.ide.mcu.externaltools.gnu-tools-for-stm32.7-2018-q2-update.win32_1.0.0.201904181610/tools/bin/../lib/gcc/arm-none-eabi/7.3.1/thumb/v7e-m/fpv4-sp/hard/crtbegin.o
 *(.text*)
 .text.HAL_MspInit
                0x0000000008000220        0x4 Drivers/STM32F7xx_HAL_Driver/Src/stm32f7xx_hal.o
                0x0000000008000220                HAL_MspInit
 .text.HAL_MspDeInit
                0x0000000008000224        0x4 Drivers/STM32F7xx_HAL_Driver/Src/stm32f7xx_hal.o
                0x0000000008000224                HAL_MspDeInit
 .text.HAL_DeInit
                0x0000000008000228       0x2c Drivers/STM32F7xx_HAL_Driver/Src/stm32f7xx_hal.o
                0x0000000008000228                HAL_DeInit
 .text.HAL_InitTick
                0x0000000008000254       0x48 Drivers/STM32F7xx_HAL_Driver/Src/stm32f7xx_hal.o
                0x0000000008000254                HAL_InitTick
 .text.HAL_Init
                0x000000000800029c       0x18 Drivers/STM32F7xx_HAL_Driver/Src/stm32f7xx_hal.o
                0x000000000800029c                HAL_Init
 .text.HAL_IncTick
                0x00000000080002b4       0x18 Drivers/STM32F7xx_HAL_Driver/Src/stm32f7xx_hal.o
                0x00000000080002b4                HAL_IncTick
 .text.HAL_GetTick
                0x00000000080002cc        0xc Drivers/STM32F7xx_HAL_Driver/Src/stm32f7xx_hal.o
                0x00000000080002cc                HAL_GetTick
 .text.HAL_NVIC_SetPriorityGrouping
                0x00000000080002d8       0x28 Drivers/STM32F7xx_HAL_Driver/Src/stm32f7xx_hal_cortex.o
                0x00000000080002d8                HAL_NVIC_SetPriorityGrouping
 .text.HAL_NVIC_SetPriority
                0x0000000008000300       0x6c Drivers/STM32F7xx_HAL_Driver/Src/stm32f7xx_hal_cortex.o
                0x0000000008000300                HAL_NVIC_SetPriority
 .text.HAL_SYSTICK_Config
                0x000000000800036c       0x30 Drivers/STM32F7xx_HAL_Driver/Src/stm32f7xx_hal_cortex.o
                0x000000000800036c                HAL_SYSTICK_Config
 .text.CRC_Handle_8
                0x000000000800039c       0x84 Drivers/STM32F7xx_HAL_Driver/Src/stm32f7xx_hal_crc.o
 .text.HAL_CRC_MspInit
                0x0000000008000420        0x4 Drivers/STM32F7xx_HAL_Driver/Src/stm32f7xx_hal_crc.o
                0x0000000008000420                HAL_CRC_MspInit
 .text.HAL_CRC_Init
                0x0000000008000424       0x88 Drivers/STM32F7xx_HAL_Driver/Src/stm32f7xx_hal_crc.o
                0x0000000008000424                HAL_CRC_Init
 .text.HAL_CRC_Calculate
                0x00000000080004ac       0x84 Drivers/STM32F7xx_HAL_Driver/Src/stm32f7xx_hal_crc.o
                0x00000000080004ac                HAL_CRC_Calculate
 .text.HAL_CRCEx_Polynomial_Set
                0x0000000008000530       0x68 Drivers/STM32F7xx_HAL_Driver/Src/stm32f7xx_hal_crc_ex.o
                0x0000000008000530                HAL_CRCEx_Polynomial_Set
 .text.FLASH_SetErrorCode
                0x0000000008000598       0x80 Drivers/STM32F7xx_HAL_Driver/Src/stm32f7xx_hal_flash.o
 .text.HAL_FLASH_Program
                0x0000000008000618      0x164 Drivers/STM32F7xx_HAL_Driver/Src/stm32f7xx_hal_flash.o
                0x0000000008000618                HAL_FLASH_Program
 .text.HAL_FLASH_Unlock
                0x000000000800077c       0x28 Drivers/STM32F7xx_HAL_Driver/Src/stm32f7xx_hal_flash.o
                0x000000000800077c                HAL_FLASH_Unlock
 .text.HAL_FLASH_Lock
                0x00000000080007a4       0x14 Drivers/STM32F7xx_HAL_Driver/Src/stm32f7xx_hal_flash.o
                0x00000000080007a4                HAL_FLASH_Lock
 .text.FLASH_WaitForLastOperation
                0x00000000080007b8       0x60 Drivers/STM32F7xx_HAL_Driver/Src/stm32f7xx_hal_flash.o
                0x00000000080007b8                FLASH_WaitForLastOperation
 .text.HAL_FLASHEx_Erase
                0x0000000008000818      0x10c Drivers/STM32F7xx_HAL_Driver/Src/stm32f7xx_hal_flash_ex.o
                0x0000000008000818                HAL_FLASHEx_Erase
 .text.HAL_RCC_DeInit
                0x0000000008000924      0x134 Drivers/STM32F7xx_HAL_Driver/Src/stm32f7xx_hal_rcc.o
                0x0000000008000924                HAL_RCC_DeInit
 .text.LL_GPIO_Init
                0x0000000008000a58      0x15c Drivers/STM32F7xx_HAL_Driver/Src/stm32f7xx_ll_gpio.o
                0x0000000008000a58                LL_GPIO_Init
 .text.LL_mDelay
                0x0000000008000bb4       0x24 Drivers/STM32F7xx_HAL_Driver/Src/stm32f7xx_ll_utils.o
                0x0000000008000bb4                LL_mDelay
 .text.disk_status
                0x0000000008000bd8       0x14 Middlewares/Third_Party/FatFs/src/diskio.o
                0x0000000008000bd8                disk_status
 .text.disk_initialize
                0x0000000008000bec       0x28 Middlewares/Third_Party/FatFs/src/diskio.o
                0x0000000008000bec                disk_initialize
 .text.disk_read
                0x0000000008000c14       0x1c Middlewares/Third_Party/FatFs/src/diskio.o
                0x0000000008000c14                disk_read
 .text.check_fs
                0x0000000008000c30       0xac Middlewares/Third_Party/FatFs/src/ff.o
 .text.get_fat.isra.6
                0x0000000008000cdc      0x110 Middlewares/Third_Party/FatFs/src/ff.o
 .text.dir_sdi.constprop.9
                0x0000000008000dec      0x19c Middlewares/Third_Party/FatFs/src/ff.o
 .text.follow_path
                0x0000000008000f88      0x2dc Middlewares/Third_Party/FatFs/src/ff.o
 .text.f_mount  0x0000000008001264      0x340 Middlewares/Third_Party/FatFs/src/ff.o
                0x0000000008001264                f_mount
 .text.f_open   0x00000000080015a4      0x394 Middlewares/Third_Party/FatFs/src/ff.o
                0x00000000080015a4                f_open
 .text.f_read   0x0000000008001938      0x274 Middlewares/Third_Party/FatFs/src/ff.o
                0x0000000008001938                f_read
 .text.f_close  0x0000000008001bac       0x30 Middlewares/Third_Party/FatFs/src/ff.o
                0x0000000008001bac                f_close
 .text.f_lseek  0x0000000008001bdc      0x358 Middlewares/Third_Party/FatFs/src/ff.o
                0x0000000008001bdc                f_lseek
 .text.f_opendir
                0x0000000008001f34      0x36c Middlewares/Third_Party/FatFs/src/ff.o
                0x0000000008001f34                f_opendir
 .text.f_closedir
                0x00000000080022a0       0x30 Middlewares/Third_Party/FatFs/src/ff.o
                0x00000000080022a0                f_closedir
 .text.f_readdir
                0x00000000080022d0      0x304 Middlewares/Third_Party/FatFs/src/ff.o
                0x00000000080022d0                f_readdir
 .text.FATFS_LinkDriver
                0x00000000080025d4       0x4c Middlewares/Third_Party/FatFs/src/ff_gen_drv.o
                0x00000000080025d4                FATFS_LinkDriver
 .text.MX_FATFS_Init
                0x0000000008002620       0x1c Src/fatfs.o
                0x0000000008002620                MX_FATFS_Init
 .text.SystemClock_Config
                0x000000000800263c      0x114 Src/init_clocks.o
                0x000000000800263c                SystemClock_Config
 .text.MX_GPIO_Init
                0x0000000008002750      0x120 Src/init_gpio.o
                0x0000000008002750                MX_GPIO_Init
 .text.MX_SPI2_Init
                0x0000000008002870       0xa0 Src/init_spi.o
                0x0000000008002870                MX_SPI2_Init
 .text.setLED   0x0000000008002910       0x18 Src/leds.o
                0x0000000008002910                setLED
 .text.find_update
                0x0000000008002928       0x8c Src/main.o
                0x0000000008002928                find_update
 .text.flash_next
                0x00000000080029b4       0x40 Src/main.o
                0x00000000080029b4                flash_next
 .text.blink_code
                0x00000000080029f4       0x34 Src/main.o
                0x00000000080029f4                blink_code
 .text.do_update
                0x0000000008002a28      0x3d0 Src/main.o
                0x0000000008002a28                do_update
 .text.run_dfu  0x0000000008002df8       0x30 Src/main.o
                0x0000000008002df8                run_dfu
 .text.startup.main
                0x0000000008002e28      0x13c Src/main.o
                0x0000000008002e28                main
 .text.Error_Handler
                0x0000000008002f64        0x4 Src/main.o
                0x0000000008002f64                Error_Handler
 .text.SPI_Send
                0x0000000008002f68       0x1c Src/sd.o
                0x0000000008002f68                SPI_Send
 .text.SD_Cmd   0x0000000008002f84      0x194 Src/sd.o
                0x0000000008002f84                SD_Cmd
 .text.SD_Init  0x0000000008003118      0x67c Src/sd.o
                0x0000000008003118                SD_Init
 .text.NMI_Handler
                0x0000000008003794        0x4 Src/stm32f7xx_it.o
                0x0000000008003794                NMI_Handler
 .text.HardFault_Handler
                0x0000000008003798        0x4 Src/stm32f7xx_it.o
                0x0000000008003798                HardFault_Handler
 .text.MemManage_Handler
                0x000000000800379c        0x4 Src/stm32f7xx_it.o
                0x000000000800379c                MemManage_Handler
 .text.BusFault_Handler
                0x00000000080037a0        0x4 Src/stm32f7xx_it.o
                0x00000000080037a0                BusFault_Handler
 .text.UsageFault_Handler
                0x00000000080037a4        0x4 Src/stm32f7xx_it.o
                0x00000000080037a4                UsageFault_Handler
 .text.SVC_Handler
                0x00000000080037a8        0x4 Src/stm32f7xx_it.o
                0x00000000080037a8                SVC_Handler
 .text.DebugMon_Handler
                0x00000000080037ac        0x4 Src/stm32f7xx_it.o
                0x00000000080037ac                DebugMon_Handler
 .text.PendSV_Handler
                0x00000000080037b0        0x4 Src/stm32f7xx_it.o
                0x00000000080037b0                PendSV_Handler
 .text.SysTick_Handler
                0x00000000080037b4        0x4 Src/stm32f7xx_it.o
                0x00000000080037b4                SysTick_Handler
 .text.SystemInit
                0x00000000080037b8       0x50 Src/system_stm32f7xx.o
                0x00000000080037b8                SystemInit
 .text.SystemCoreClockUpdate
                0x0000000008003808       0x70 Src/system_stm32f7xx.o
                0x0000000008003808                SystemCoreClockUpdate
 .text.USER_status
                0x0000000008003878       0x10 Src/user_diskio.o
                0x0000000008003878                USER_status
 .text.USER_initialize
                0x0000000008003888       0x14 Src/user_diskio.o
                0x0000000008003888                USER_initialize
 .text.USER_read
                0x000000000800389c      0x118 Src/user_diskio.o
                0x000000000800389c                USER_read
 .text.Reset_Handler
                0x00000000080039b4       0x50 Startup/startup_stm32f730r8tx.o
                0x00000000080039b4                Reset_Handler
 .text.Default_Handler
                0x0000000008003a04        0x2 Startup/startup_stm32f730r8tx.o
                0x0000000008003a04                RTC_Alarm_IRQHandler
                0x0000000008003a04                EXTI2_IRQHandler
                0x0000000008003a04                TIM8_CC_IRQHandler
                0x0000000008003a04                UART8_IRQHandler
                0x0000000008003a04                SPI4_IRQHandler
                0x0000000008003a04                TIM1_CC_IRQHandler
                0x0000000008003a04                DMA2_Stream5_IRQHandler
                0x0000000008003a04                DMA1_Stream5_IRQHandler
                0x0000000008003a04                PVD_IRQHandler
                0x0000000008003a04                TAMP_STAMP_IRQHandler
                0x0000000008003a04                EXTI3_IRQHandler
                0x0000000008003a04                TIM8_TRG_COM_TIM14_IRQHandler
                0x0000000008003a04                TIM1_UP_TIM10_IRQHandler
                0x0000000008003a04                TIM8_UP_TIM13_IRQHandler
                0x0000000008003a04                I2C3_ER_IRQHandler
                0x0000000008003a04                EXTI0_IRQHandler
                0x0000000008003a04                I2C2_EV_IRQHandler
                0x0000000008003a04                DMA1_Stream2_IRQHandler
                0x0000000008003a04                CAN1_RX0_IRQHandler
                0x0000000008003a04                FPU_IRQHandler
                0x0000000008003a04                OTG_HS_WKUP_IRQHandler
                0x0000000008003a04                DMA2_Stream2_IRQHandler
                0x0000000008003a04                SPI1_IRQHandler
                0x0000000008003a04                TIM6_DAC_IRQHandler
                0x0000000008003a04                TIM1_BRK_TIM9_IRQHandler
                0x0000000008003a04                DMA2_Stream3_IRQHandler
                0x0000000008003a04                SAI2_IRQHandler
                0x0000000008003a04                USART6_IRQHandler
                0x0000000008003a04                USART3_IRQHandler
                0x0000000008003a04                CAN1_RX1_IRQHandler
                0x0000000008003a04                UART5_IRQHandler
                0x0000000008003a04                DMA2_Stream0_IRQHandler
                0x0000000008003a04                TIM4_IRQHandler
                0x0000000008003a04                QUADSPI_IRQHandler
                0x0000000008003a04                I2C1_EV_IRQHandler
                0x0000000008003a04                DMA1_Stream6_IRQHandler
                0x0000000008003a04                DMA1_Stream1_IRQHandler
                0x0000000008003a04                UART4_IRQHandler
                0x0000000008003a04                TIM3_IRQHandler
                0x0000000008003a04                RCC_IRQHandler
                0x0000000008003a04                TIM8_BRK_TIM12_IRQHandler
                0x0000000008003a04                Default_Handler
                0x0000000008003a04                EXTI15_10_IRQHandler
                0x0000000008003a04                ADC_IRQHandler
                0x0000000008003a04                DMA1_Stream7_IRQHandler
                0x0000000008003a04                SPI5_IRQHandler
                0x0000000008003a04                TIM7_IRQHandler
                0x0000000008003a04                SDMMC1_IRQHandler
                0x0000000008003a04                TIM5_IRQHandler
                0x0000000008003a04                DMA2_Stream7_IRQHandler
                0x0000000008003a04                I2C3_EV_IRQHandler
                0x0000000008003a04                EXTI9_5_IRQHandler
                0x0000000008003a04                RTC_WKUP_IRQHandler
                0x0000000008003a04                SPI2_IRQHandler
                0x0000000008003a04                OTG_HS_EP1_IN_IRQHandler
                0x0000000008003a04                DMA1_Stream0_IRQHandler
                0x0000000008003a04                CAN1_TX_IRQHandler
                0x0000000008003a04                EXTI4_IRQHandler
                0x0000000008003a04                RNG_IRQHandler
                0x0000000008003a04                OTG_HS_EP1_OUT_IRQHandler
                0x0000000008003a04                WWDG_IRQHandler
                0x0000000008003a04                TIM2_IRQHandler
                0x0000000008003a04                OTG_FS_WKUP_IRQHandler
                0x0000000008003a04                TIM1_TRG_COM_TIM11_IRQHandler
                0x0000000008003a04                OTG_HS_IRQHandler
                0x0000000008003a04                EXTI1_IRQHandler
                0x0000000008003a04                SDMMC2_IRQHandler
                0x0000000008003a04                AES_IRQHandler
                0x0000000008003a04                UART7_IRQHandler
                0x0000000008003a04                USART2_IRQHandler
                0x0000000008003a04                I2C2_ER_IRQHandler
                0x0000000008003a04                DMA2_Stream1_IRQHandler
                0x0000000008003a04                CAN1_SCE_IRQHandler
                0x0000000008003a04                FLASH_IRQHandler
                0x0000000008003a04                DMA2_Stream4_IRQHandler
                0x0000000008003a04                USART1_IRQHandler
                0x0000000008003a04                OTG_FS_IRQHandler
                0x0000000008003a04                SPI3_IRQHandler
                0x0000000008003a04                DMA1_Stream4_IRQHandler
                0x0000000008003a04                I2C1_ER_IRQHandler
                0x0000000008003a04                FMC_IRQHandler
                0x0000000008003a04                LPTIM1_IRQHandler
                0x0000000008003a04                DMA2_Stream6_IRQHandler
                0x0000000008003a04                SAI1_IRQHandler
                0x0000000008003a04                DMA1_Stream3_IRQHandler
 *fill*         0x0000000008003a06        0x2 
 .text.__libc_init_array
                0x0000000008003a08       0x48 d:/st/stm32cubeide_1.0.0/stm32cubeide/plugins/com.st.stm32cube.ide.mcu.externaltools.gnu-tools-for-stm32.7-2018-q2-update.win32_1.0.0.201904181610/tools/bin/../lib/gcc/arm-none-eabi/7.3.1/../../../../arm-none-eabi/lib/thumb/v7e-m/fpv4-sp/hard\libc_nano.a(lib_a-init.o)
                0x0000000008003a08                __libc_init_array
 .text.strchr   0x0000000008003a50       0x1a d:/st/stm32cubeide_1.0.0/stm32cubeide/plugins/com.st.stm32cube.ide.mcu.externaltools.gnu-tools-for-stm32.7-2018-q2-update.win32_1.0.0.201904181610/tools/bin/../lib/gcc/arm-none-eabi/7.3.1/../../../../arm-none-eabi/lib/thumb/v7e-m/fpv4-sp/hard\libc_nano.a(lib_a-strchr.o)
                0x0000000008003a50                strchr
 .text.strncmp  0x0000000008003a6a       0x24 d:/st/stm32cubeide_1.0.0/stm32cubeide/plugins/com.st.stm32cube.ide.mcu.externaltools.gnu-tools-for-stm32.7-2018-q2-update.win32_1.0.0.201904181610/tools/bin/../lib/gcc/arm-none-eabi/7.3.1/../../../../arm-none-eabi/lib/thumb/v7e-m/fpv4-sp/hard\libc_nano.a(lib_a-strncmp.o)
                0x0000000008003a6a                strncmp
 .text.strstr   0x0000000008003a8e       0x34 d:/st/stm32cubeide_1.0.0/stm32cubeide/plugins/com.st.stm32cube.ide.mcu.externaltools.gnu-tools-for-stm32.7-2018-q2-update.win32_1.0.0.201904181610/tools/bin/../lib/gcc/arm-none-eabi/7.3.1/../../../../arm-none-eabi/lib/thumb/v7e-m/fpv4-sp/hard\libc_nano.a(lib_a-strstr.o)
                0x0000000008003a8e                strstr
 *(.glue_7)
 .glue_7        0x0000000008003ac2        0x0 linker stubs
 *(.glue_7t)
 .glue_7t       0x0000000008003ac2        0x0 linker stubs
 *(.eh_frame)
 *fill*         0x0000000008003ac2        0x2 
 .eh_frame      0x0000000008003ac4        0x0 d:/st/stm32cubeide_1.0.0/stm32cubeide/plugins/com.st.stm32cube.ide.mcu.externaltools.gnu-tools-for-stm32.7-2018-q2-update.win32_1.0.0.201904181610/tools/bin/../lib/gcc/arm-none-eabi/7.3.1/thumb/v7e-m/fpv4-sp/hard/crtbegin.o
 *(.init)
 .init          0x0000000008003ac4        0x4 d:/st/stm32cubeide_1.0.0/stm32cubeide/plugins/com.st.stm32cube.ide.mcu.externaltools.gnu-tools-for-stm32.7-2018-q2-update.win32_1.0.0.201904181610/tools/bin/../lib/gcc/arm-none-eabi/7.3.1/thumb/v7e-m/fpv4-sp/hard/crti.o
                0x0000000008003ac4                _init
 .init          0x0000000008003ac8        0x8 d:/st/stm32cubeide_1.0.0/stm32cubeide/plugins/com.st.stm32cube.ide.mcu.externaltools.gnu-tools-for-stm32.7-2018-q2-update.win32_1.0.0.201904181610/tools/bin/../lib/gcc/arm-none-eabi/7.3.1/thumb/v7e-m/fpv4-sp/hard/crtn.o
 *(.fini)
 .fini          0x0000000008003ad0        0x4 d:/st/stm32cubeide_1.0.0/stm32cubeide/plugins/com.st.stm32cube.ide.mcu.externaltools.gnu-tools-for-stm32.7-2018-q2-update.win32_1.0.0.201904181610/tools/bin/../lib/gcc/arm-none-eabi/7.3.1/thumb/v7e-m/fpv4-sp/hard/crti.o
                0x0000000008003ad0                _fini
 .fini          0x0000000008003ad4        0x8 d:/st/stm32cubeide_1.0.0/stm32cubeide/plugins/com.st.stm32cube.ide.mcu.externaltools.gnu-tools-for-stm32.7-2018-q2-update.win32_1.0.0.201904181610/tools/bin/../lib/gcc/arm-none-eabi/7.3.1/thumb/v7e-m/fpv4-sp/hard/crtn.o
                0x0000000008003adc                . = ALIGN (0x4)
                0x0000000008003adc                _etext = .

.vfp11_veneer   0x0000000008003adc        0x0
 .vfp11_veneer  0x0000000008003adc        0x0 linker stubs

.v4_bx          0x0000000008003adc        0x0
 .v4_bx         0x0000000008003adc        0x0 linker stubs

.iplt           0x0000000008003adc        0x0
 .iplt          0x0000000008003adc        0x0 d:/st/stm32cubeide_1.0.0/stm32cubeide/plugins/com.st.stm32cube.ide.mcu.externaltools.gnu-tools-for-stm32.7-2018-q2-update.win32_1.0.0.201904181610/tools/bin/../lib/gcc/arm-none-eabi/7.3.1/thumb/v7e-m/fpv4-sp/hard/crtbegin.o

.rodata         0x0000000008003adc      0x22c
                0x0000000008003adc                . = ALIGN (0x4)
 *(.rodata)
 .rodata        0x0000000008003adc       0x60 Src/main.o
 *(.rodata*)
 .rodata.ExCvt  0x0000000008003b3c       0x80 Middlewares/Third_Party/FatFs/src/ff.o
 .rodata.follow_path.str1.4
                0x0000000008003bbc        0xf Middlewares/Third_Party/FatFs/src/ff.o
 *fill*         0x0000000008003bcb        0x1 
 .rodata.do_update.str1.4
                0x0000000008003bcc        0xd Src/main.o
 *fill*         0x0000000008003bd9        0x3 
 .rodata.find_update.str1.4
                0x0000000008003bdc        0x8 Src/main.o
 .rodata.main.str1.4
                0x0000000008003be4       0x14 Src/main.o
                                         0x11 (size before relaxing)
 .rodata.crc7_syndrome_table
                0x0000000008003bf8      0x100 Src/sd.o
 .rodata.AHBPrescTable
                0x0000000008003cf8       0x10 Src/system_stm32f7xx.o
                0x0000000008003cf8                AHBPrescTable
                0x0000000008003d08                . = ALIGN (0x4)

.rel.dyn        0x0000000008003d08        0x0
 .rel.iplt      0x0000000008003d08        0x0 d:/st/stm32cubeide_1.0.0/stm32cubeide/plugins/com.st.stm32cube.ide.mcu.externaltools.gnu-tools-for-stm32.7-2018-q2-update.win32_1.0.0.201904181610/tools/bin/../lib/gcc/arm-none-eabi/7.3.1/thumb/v7e-m/fpv4-sp/hard/crtbegin.o

.ARM.extab      0x0000000008003d08        0x0
                0x0000000008003d08                . = ALIGN (0x4)
 *(.ARM.extab* .gnu.linkonce.armextab.*)
                0x0000000008003d08                . = ALIGN (0x4)

.ARM            0x0000000008003d08        0x0
                0x0000000008003d08                . = ALIGN (0x4)
                0x0000000008003d08                __exidx_start = .
 *(.ARM.exidx*)
                0x0000000008003d08                __exidx_end = .
                0x0000000008003d08                . = ALIGN (0x4)

.preinit_array  0x0000000008003d08        0x0
                0x0000000008003d08                . = ALIGN (0x4)
                0x0000000008003d08                PROVIDE (__preinit_array_start = .)
 *(.preinit_array*)
                0x0000000008003d08                PROVIDE (__preinit_array_end = .)
                0x0000000008003d08                . = ALIGN (0x4)

.init_array     0x0000000008003d08        0x4
                0x0000000008003d08                . = ALIGN (0x4)
                0x0000000008003d08                PROVIDE (__init_array_start = .)
 *(SORT_BY_NAME(.init_array.*))
 *(.init_array*)
 .init_array    0x0000000008003d08        0x4 d:/st/stm32cubeide_1.0.0/stm32cubeide/plugins/com.st.stm32cube.ide.mcu.externaltools.gnu-tools-for-stm32.7-2018-q2-update.win32_1.0.0.201904181610/tools/bin/../lib/gcc/arm-none-eabi/7.3.1/thumb/v7e-m/fpv4-sp/hard/crtbegin.o
                0x0000000008003d0c                PROVIDE (__init_array_end = .)
                0x0000000008003d0c                . = ALIGN (0x4)

.fini_array     0x0000000008003d0c        0x4
                0x0000000008003d0c                . = ALIGN (0x4)
                [!provide]                        PROVIDE (__fini_array_start = .)
 *(SORT_BY_NAME(.fini_array.*))
 *(.fini_array*)
 .fini_array    0x0000000008003d0c        0x4 d:/st/stm32cubeide_1.0.0/stm32cubeide/plugins/com.st.stm32cube.ide.mcu.externaltools.gnu-tools-for-stm32.7-2018-q2-update.win32_1.0.0.201904181610/tools/bin/../lib/gcc/arm-none-eabi/7.3.1/thumb/v7e-m/fpv4-sp/hard/crtbegin.o
                [!provide]                        PROVIDE (__fini_array_end = .)
                0x0000000008003d10                . = ALIGN (0x4)
                0x0000000008003d10                _sidata = LOADADDR (.data)

.data           0x0000000020000000       0x20 load address 0x0000000008003d10
                0x0000000020000000                . = ALIGN (0x4)
                0x0000000020000000                _sdata = .
 *(.data)
 *(.data*)
 .data.uwTickFreq
                0x0000000020000000        0x1 Drivers/STM32F7xx_HAL_Driver/Src/stm32f7xx_hal.o
                0x0000000020000000                uwTickFreq
 *fill*         0x0000000020000001        0x3 
 .data.uwTickPrio
                0x0000000020000004        0x4 Drivers/STM32F7xx_HAL_Driver/Src/stm32f7xx_hal.o
                0x0000000020000004                uwTickPrio
 .data.flash_ptr
                0x0000000020000008        0x4 Src/main.o
 .data.SystemCoreClock
                0x000000002000000c        0x4 Src/system_stm32f7xx.o
                0x000000002000000c                SystemCoreClock
 .data.Stat     0x0000000020000010        0x1 Src/user_diskio.o
 *fill*         0x0000000020000011        0x3 
 .data.USER_Driver
                0x0000000020000014        0xc Src/user_diskio.o
                0x0000000020000014                USER_Driver
                0x0000000020000020                . = ALIGN (0x4)
                0x0000000020000020                _edata = .

.igot.plt       0x0000000020000020        0x0 load address 0x0000000008003d30
 .igot.plt      0x0000000020000020        0x0 d:/st/stm32cubeide_1.0.0/stm32cubeide/plugins/com.st.stm32cube.ide.mcu.externaltools.gnu-tools-for-stm32.7-2018-q2-update.win32_1.0.0.201904181610/tools/bin/../lib/gcc/arm-none-eabi/7.3.1/thumb/v7e-m/fpv4-sp/hard/crtbegin.o
                0x0000000020000020                . = ALIGN (0x4)

.bss            0x0000000020000020      0x91c load address 0x0000000008003d30
                0x0000000020000020                _sbss = .
                0x0000000020000020                __bss_start__ = _sbss
 *(.bss)
 .bss           0x0000000020000020       0x1c d:/st/stm32cubeide_1.0.0/stm32cubeide/plugins/com.st.stm32cube.ide.mcu.externaltools.gnu-tools-for-stm32.7-2018-q2-update.win32_1.0.0.201904181610/tools/bin/../lib/gcc/arm-none-eabi/7.3.1/thumb/v7e-m/fpv4-sp/hard/crtbegin.o
 *(.bss*)
 .bss.FatFs     0x000000002000003c        0x4 Middlewares/Third_Party/FatFs/src/ff.o
 .bss.Fsid      0x0000000020000040        0x2 Middlewares/Third_Party/FatFs/src/ff.o
 *fill*         0x0000000020000042        0x2 
 .bss.disk      0x0000000020000044        0xc Middlewares/Third_Party/FatFs/src/ff_gen_drv.o
                0x0000000020000044                disk
 .bss.card_type
                0x0000000020000050        0x4 Src/main.o
                0x0000000020000050                card_type
 .bss.fno.11401
                0x0000000020000054       0x18 Src/main.o
 *(COMMON)
 COMMON         0x000000002000006c        0x4 Drivers/STM32F7xx_HAL_Driver/Src/stm32f7xx_hal.o
                0x000000002000006c                uwTick
 COMMON         0x0000000020000070       0x1c Drivers/STM32F7xx_HAL_Driver/Src/stm32f7xx_hal_flash.o
                0x0000000020000070                pFlash
 COMMON         0x000000002000008c      0x454 Src/fatfs.o
                0x000000002000008c                USERPath
                0x0000000020000090                retUSER
                0x0000000020000094                USERFile
                0x00000000200002b8                USERFatFS
 COMMON         0x00000000200004e0      0x459 Src/main.o
                0x00000000200004e0                fil_update
                0x0000000020000704                SDFatFs
                0x000000002000092c                wad_file
                0x000000002000093c                . = ALIGN (0x4)
 *fill*         0x0000000020000939        0x3 
                0x000000002000093c                _ebss = .
                0x000000002000093c                __bss_end__ = _ebss

._user_heap_stack
                0x000000002000093c      0x604 load address 0x0000000008003d30
                0x0000000020000940                . = ALIGN (0x8)
 *fill*         0x000000002000093c        0x4 
                0x0000000020000940                PROVIDE (end = .)
                [!provide]                        PROVIDE (_end = .)
                0x0000000020000b40                . = (. + _Min_Heap_Size)
 *fill*         0x0000000020000940      0x200 
                0x0000000020000f40                . = (. + _Min_Stack_Size)
 *fill*         0x0000000020000b40      0x400 
                0x0000000020000f40                . = ALIGN (0x8)

/DISCARD/
 libc.a(*)
 libm.a(*)
 libgcc.a(*)

.ARM.attributes
                0x0000000000000000       0x30
 *(.ARM.attributes)
 .ARM.attributes
                0x0000000000000000       0x22 d:/st/stm32cubeide_1.0.0/stm32cubeide/plugins/com.st.stm32cube.ide.mcu.externaltools.gnu-tools-for-stm32.7-2018-q2-update.win32_1.0.0.201904181610/tools/bin/../lib/gcc/arm-none-eabi/7.3.1/thumb/v7e-m/fpv4-sp/hard/crti.o
 .ARM.attributes
                0x0000000000000022       0x34 d:/st/stm32cubeide_1.0.0/stm32cubeide/plugins/com.st.stm32cube.ide.mcu.externaltools.gnu-tools-for-stm32.7-2018-q2-update.win32_1.0.0.201904181610/tools/bin/../lib/gcc/arm-none-eabi/7.3.1/thumb/v7e-m/fpv4-sp/hard/crtbegin.o
 .ARM.attributes
                0x0000000000000056       0x39 Drivers/STM32F7xx_HAL_Driver/Src/stm32f7xx_hal.o
 .ARM.attributes
                0x000000000000008f       0x39 Drivers/STM32F7xx_HAL_Driver/Src/stm32f7xx_hal_cortex.o
 .ARM.attributes
                0x00000000000000c8       0x39 Drivers/STM32F7xx_HAL_Driver/Src/stm32f7xx_hal_crc.o
 .ARM.attributes
                0x0000000000000101       0x39 Drivers/STM32F7xx_HAL_Driver/Src/stm32f7xx_hal_crc_ex.o
 .ARM.attributes
                0x000000000000013a       0x39 Drivers/STM32F7xx_HAL_Driver/Src/stm32f7xx_hal_flash.o
 .ARM.attributes
                0x0000000000000173       0x39 Drivers/STM32F7xx_HAL_Driver/Src/stm32f7xx_hal_flash_ex.o
 .ARM.attributes
                0x00000000000001ac       0x39 Drivers/STM32F7xx_HAL_Driver/Src/stm32f7xx_hal_rcc.o
 .ARM.attributes
                0x00000000000001e5       0x39 Drivers/STM32F7xx_HAL_Driver/Src/stm32f7xx_ll_gpio.o
 .ARM.attributes
                0x000000000000021e       0x39 Drivers/STM32F7xx_HAL_Driver/Src/stm32f7xx_ll_utils.o
 .ARM.attributes
                0x0000000000000257       0x39 Middlewares/Third_Party/FatFs/src/diskio.o
 .ARM.attributes
                0x0000000000000290       0x39 Middlewares/Third_Party/FatFs/src/ff.o
 .ARM.attributes
                0x00000000000002c9       0x39 Middlewares/Third_Party/FatFs/src/ff_gen_drv.o
 .ARM.attributes
                0x0000000000000302       0x39 Src/fatfs.o
 .ARM.attributes
                0x000000000000033b       0x39 Src/init_clocks.o
 .ARM.attributes
                0x0000000000000374       0x39 Src/init_gpio.o
 .ARM.attributes
                0x00000000000003ad       0x39 Src/init_spi.o
 .ARM.attributes
                0x00000000000003e6       0x39 Src/leds.o
 .ARM.attributes
                0x000000000000041f       0x39 Src/main.o
 .ARM.attributes
                0x0000000000000458       0x39 Src/sd.o
 .ARM.attributes
                0x0000000000000491       0x39 Src/stm32f7xx_it.o
 .ARM.attributes
                0x00000000000004ca       0x39 Src/system_stm32f7xx.o
 .ARM.attributes
                0x0000000000000503       0x39 Src/user_diskio.o
 .ARM.attributes
                0x000000000000053c       0x21 Startup/startup_stm32f730r8tx.o
 .ARM.attributes
                0x000000000000055d       0x34 d:/st/stm32cubeide_1.0.0/stm32cubeide/plugins/com.st.stm32cube.ide.mcu.externaltools.gnu-tools-for-stm32.7-2018-q2-update.win32_1.0.0.201904181610/tools/bin/../lib/gcc/arm-none-eabi/7.3.1/../../../../arm-none-eabi/lib/thumb/v7e-m/fpv4-sp/hard\libc_nano.a(lib_a-init.o)
 .ARM.attributes
                0x0000000000000591       0x34 d:/st/stm32cubeide_1.0.0/stm32cubeide/plugins/com.st.stm32cube.ide.mcu.externaltools.gnu-tools-for-stm32.7-2018-q2-update.win32_1.0.0.201904181610/tools/bin/../lib/gcc/arm-none-eabi/7.3.1/../../../../arm-none-eabi/lib/thumb/v7e-m/fpv4-sp/hard\libc_nano.a(lib_a-strchr.o)
 .ARM.attributes
                0x00000000000005c5       0x34 d:/st/stm32cubeide_1.0.0/stm32cubeide/plugins/com.st.stm32cube.ide.mcu.externaltools.gnu-tools-for-stm32.7-2018-q2-update.win32_1.0.0.201904181610/tools/bin/../lib/gcc/arm-none-eabi/7.3.1/../../../../arm-none-eabi/lib/thumb/v7e-m/fpv4-sp/hard\libc_nano.a(lib_a-strncmp.o)
 .ARM.attributes
                0x00000000000005f9       0x34 d:/st/stm32cubeide_1.0.0/stm32cubeide/plugins/com.st.stm32cube.ide.mcu.externaltools.gnu-tools-for-stm32.7-2018-q2-update.win32_1.0.0.201904181610/tools/bin/../lib/gcc/arm-none-eabi/7.3.1/../../../../arm-none-eabi/lib/thumb/v7e-m/fpv4-sp/hard\libc_nano.a(lib_a-strstr.o)
 .ARM.attributes
                0x000000000000062d       0x22 d:/st/stm32cubeide_1.0.0/stm32cubeide/plugins/com.st.stm32cube.ide.mcu.externaltools.gnu-tools-for-stm32.7-2018-q2-update.win32_1.0.0.201904181610/tools/bin/../lib/gcc/arm-none-eabi/7.3.1/thumb/v7e-m/fpv4-sp/hard/crtn.o
OUTPUT(ProdBoot003.elf elf32-littlearm)

.comment        0x0000000000000000       0x7b
 .comment       0x0000000000000000       0x7b Drivers/STM32F7xx_HAL_Driver/Src/stm32f7xx_hal.o
                                         0x7c (size before relaxing)
 .comment       0x000000000000007b       0x7c Drivers/STM32F7xx_HAL_Driver/Src/stm32f7xx_hal_cortex.o
 .comment       0x000000000000007b       0x7c Drivers/STM32F7xx_HAL_Driver/Src/stm32f7xx_hal_crc.o
 .comment       0x000000000000007b       0x7c Drivers/STM32F7xx_HAL_Driver/Src/stm32f7xx_hal_crc_ex.o
 .comment       0x000000000000007b       0x7c Drivers/STM32F7xx_HAL_Driver/Src/stm32f7xx_hal_flash.o
 .comment       0x000000000000007b       0x7c Drivers/STM32F7xx_HAL_Driver/Src/stm32f7xx_hal_flash_ex.o
 .comment       0x000000000000007b       0x7c Drivers/STM32F7xx_HAL_Driver/Src/stm32f7xx_hal_rcc.o
 .comment       0x000000000000007b       0x7c Drivers/STM32F7xx_HAL_Driver/Src/stm32f7xx_ll_gpio.o
 .comment       0x000000000000007b       0x7c Drivers/STM32F7xx_HAL_Driver/Src/stm32f7xx_ll_utils.o
 .comment       0x000000000000007b       0x7c Middlewares/Third_Party/FatFs/src/diskio.o
 .comment       0x000000000000007b       0x7c Middlewares/Third_Party/FatFs/src/ff.o
 .comment       0x000000000000007b       0x7c Middlewares/Third_Party/FatFs/src/ff_gen_drv.o
 .comment       0x000000000000007b       0x7c Src/fatfs.o
 .comment       0x000000000000007b       0x7c Src/init_clocks.o
 .comment       0x000000000000007b       0x7c Src/init_gpio.o
 .comment       0x000000000000007b       0x7c Src/init_spi.o
 .comment       0x000000000000007b       0x7c Src/leds.o
 .comment       0x000000000000007b       0x7c Src/main.o
 .comment       0x000000000000007b       0x7c Src/sd.o
 .comment       0x000000000000007b       0x7c Src/stm32f7xx_it.o
 .comment       0x000000000000007b       0x7c Src/system_stm32f7xx.o
 .comment       0x000000000000007b       0x7c Src/user_diskio.o

.debug_frame    0x0000000000000000       0xa4
 .debug_frame   0x0000000000000000       0x2c d:/st/stm32cubeide_1.0.0/stm32cubeide/plugins/com.st.stm32cube.ide.mcu.externaltools.gnu-tools-for-stm32.7-2018-q2-update.win32_1.0.0.201904181610/tools/bin/../lib/gcc/arm-none-eabi/7.3.1/../../../../arm-none-eabi/lib/thumb/v7e-m/fpv4-sp/hard\libc_nano.a(lib_a-init.o)
 .debug_frame   0x000000000000002c       0x20 d:/st/stm32cubeide_1.0.0/stm32cubeide/plugins/com.st.stm32cube.ide.mcu.externaltools.gnu-tools-for-stm32.7-2018-q2-update.win32_1.0.0.201904181610/tools/bin/../lib/gcc/arm-none-eabi/7.3.1/../../../../arm-none-eabi/lib/thumb/v7e-m/fpv4-sp/hard\libc_nano.a(lib_a-strchr.o)
 .debug_frame   0x000000000000004c       0x28 d:/st/stm32cubeide_1.0.0/stm32cubeide/plugins/com.st.stm32cube.ide.mcu.externaltools.gnu-tools-for-stm32.7-2018-q2-update.win32_1.0.0.201904181610/tools/bin/../lib/gcc/arm-none-eabi/7.3.1/../../../../arm-none-eabi/lib/thumb/v7e-m/fpv4-sp/hard\libc_nano.a(lib_a-strncmp.o)
 .debug_frame   0x0000000000000074       0x30 d:/st/stm32cubeide_1.0.0/stm32cubeide/plugins/com.st.stm32cube.ide.mcu.externaltools.gnu-tools-for-stm32.7-2018-q2-update.win32_1.0.0.201904181610/tools/bin/../lib/gcc/arm-none-eabi/7.3.1/../../../../arm-none-eabi/lib/thumb/v7e-m/fpv4-sp/hard\libc_nano.a(lib_a-strstr.o)
