usbd_conf.c:36:6:HAL_PCD_MspInit	72	static
usbd_conf.c:58:6:HAL_PCD_MspDeInit	8	static
usbd_conf.c:68:6:HAL_PCD_SetupStageCallback	0	static
usbd_conf.c:72:6:HAL_PCD_DataOutStageCallback	0	static
usbd_conf.c:76:6:HAL_PCD_DataInStageCallback	0	static
usbd_conf.c:80:6:HAL_PCD_SOFCallback	0	static
usbd_conf.c:84:6:HAL_PCD_ResetCallback	8	static
usbd_conf.c:99:6:HAL_PCD_SuspendCallback	8	static
usbd_conf.c:111:6:HAL_PCD_ResumeCallback	0	static
usbd_conf.c:115:6:HAL_PCD_ISOOUTIncompleteCallback	0	static
usbd_conf.c:119:6:HAL_PCD_ISOINIncompleteCallback	0	static
usbd_conf.c:123:6:HAL_PCD_ConnectCallback	0	static
usbd_conf.c:127:6:HAL_PCD_DisconnectCallback	0	static
usbd_conf.c:131:20:USBD_LL_Init	16	static
usbd_conf.c:157:20:USBD_LL_DeInit	8	static
usbd_conf.c:167:20:USBD_LL_Start	8	static
usbd_conf.c:177:20:USBD_LL_Stop	8	static
usbd_conf.c:187:20:USBD_LL_OpenEP	8	static
usbd_conf.c:197:20:USBD_LL_CloseEP	8	static
usbd_conf.c:207:20:USBD_LL_FlushEP	8	static
usbd_conf.c:217:20:USBD_LL_StallEP	8	static
usbd_conf.c:227:20:USBD_LL_ClearStallEP	8	static
usbd_conf.c:237:9:USBD_LL_IsStallEP	0	static
usbd_conf.c:247:20:USBD_LL_SetUSBAddress	8	static
usbd_conf.c:257:20:USBD_LL_Transmit	8	static
usbd_conf.c:267:20:USBD_LL_PrepareReceive	8	static
usbd_conf.c:277:10:USBD_LL_GetRxDataSize	0	static
usbd_conf.c:281:6:USBD_LL_Delay	0	static
usbd_conf.c:289:20:USBD_Get_USB_Status	0	static
