usbd_core.c:88:20:USBD_Init	8	static
usbd_core.c:126:20:USBD_DeInit	8	static
usbd_core.c:150:21:USBD_RegisterClass	0	static
usbd_core.c:176:21:USBD_Start	8	static
usbd_core.c:191:21:USBD_Stop	8	static
usbd_core.c:208:21:USBD_RunTestMode	0	static
usbd_core.c:224:20:USBD_SetClassConfig	8	static
usbd_core.c:247:20:USBD_ClrClassConfig	8	static
usbd_core.c:261:20:USBD_LL_SetupStage	16	static
usbd_core.c:298:20:USBD_LL_DataOutStage	16	static
usbd_core.c:360:20:USBD_LL_DataInStage	16	static
usbd_core.c:440:20:USBD_LL_Reset	16	static
usbd_core.c:473:20:USBD_LL_SetSpeed	0	static
usbd_core.c:486:20:USBD_LL_Suspend	0	static
usbd_core.c:500:20:USBD_LL_Resume	0	static
usbd_core.c:513:20:USBD_LL_SOF	8	static
usbd_core.c:531:20:USBD_LL_IsoINIncomplete	0	static
usbd_core.c:546:20:USBD_LL_IsoOUTIncomplete	0	static
usbd_core.c:561:20:USBD_LL_DevConnected	0	static
usbd_core.c:575:20:USBD_LL_DevDisconnected	8	static
