stm32f7xx_hal_pcd.c:269:13:HAL_PCD_MspInit	0	static
stm32f7xx_hal_pcd.c:123:19:HAL_PCD_Init	64	static
stm32f7xx_hal_pcd.c:284:13:HAL_PCD_MspDeInit	0	static
stm32f7xx_hal_pcd.c:233:19:HAL_PCD_DeInit	16	static
stm32f7xx_hal_pcd.c:906:19:HAL_PCD_Start	8	static
stm32f7xx_hal_pcd.c:920:19:HAL_PCD_Stop	16	static
stm32f7xx_hal_pcd.c:1334:13:HAL_PCD_DataOutStageCallback	0	static
stm32f7xx_hal_pcd.c:1351:13:HAL_PCD_DataInStageCallback	0	static
stm32f7xx_hal_pcd.c:1366:13:HAL_PCD_SetupStageCallback	0	static
stm32f7xx_hal_pcd.c:1381:13:HAL_PCD_SOFCallback	0	static
stm32f7xx_hal_pcd.c:1396:13:HAL_PCD_ResetCallback	0	static
stm32f7xx_hal_pcd.c:1411:13:HAL_PCD_SuspendCallback	0	static
stm32f7xx_hal_pcd.c:1426:13:HAL_PCD_ResumeCallback	0	static
stm32f7xx_hal_pcd.c:1442:13:HAL_PCD_ISOOUTIncompleteCallback	0	static
stm32f7xx_hal_pcd.c:1459:13:HAL_PCD_ISOINIncompleteCallback	0	static
stm32f7xx_hal_pcd.c:1475:13:HAL_PCD_ConnectCallback	0	static
stm32f7xx_hal_pcd.c:1490:13:HAL_PCD_DisconnectCallback	0	static
stm32f7xx_hal_pcd.c:942:6:HAL_PCD_IRQHandler	64	static
stm32f7xx_hal_pcd.c:1524:19:HAL_PCD_DevConnect	8	static
stm32f7xx_hal_pcd.c:1537:19:HAL_PCD_DevDisconnect	8	static
stm32f7xx_hal_pcd.c:1551:19:HAL_PCD_SetAddress	8	static
stm32f7xx_hal_pcd.c:1567:19:HAL_PCD_EP_Open	24	static
stm32f7xx_hal_pcd.c:1611:19:HAL_PCD_EP_Close	8	static
stm32f7xx_hal_pcd.c:1642:19:HAL_PCD_EP_Receive	16	static
stm32f7xx_hal_pcd.c:1678:10:HAL_PCD_EP_GetRxCount	0	static
stm32f7xx_hal_pcd.c:1690:19:HAL_PCD_EP_Transmit	24	static
stm32f7xx_hal_pcd.c:1726:19:HAL_PCD_EP_SetStall	16	static
stm32f7xx_hal_pcd.c:1767:19:HAL_PCD_EP_ClrStall	16	static
stm32f7xx_hal_pcd.c:1803:19:HAL_PCD_EP_Flush	8	static
stm32f7xx_hal_pcd.c:1826:19:HAL_PCD_ActivateRemoteWakeup	0	static
stm32f7xx_hal_pcd.c:1836:19:HAL_PCD_DeActivateRemoteWakeup	0	static
stm32f7xx_hal_pcd.c:1865:18:HAL_PCD_GetState	0	static
