stm32f7xx_hal_tim.c:348:13:HAL_TIM_Base_MspInit	0	static
stm32f7xx_hal_tim.c:260:19:HAL_TIM_Base_Init	24	static
stm32f7xx_hal_tim.c:363:13:HAL_TIM_Base_MspDeInit	0	static
stm32f7xx_hal_tim.c:312:19:HAL_TIM_Base_DeInit	8	static
stm32f7xx_hal_tim.c:379:19:HAL_TIM_Base_Start	4	static
stm32f7xx_hal_tim.c:408:19:HAL_TIM_Base_Stop	4	static
stm32f7xx_hal_tim.c:431:19:HAL_TIM_Base_Start_IT	0	static
stm32f7xx_hal_tim.c:457:19:HAL_TIM_Base_Stop_IT	0	static
stm32f7xx_hal_tim.c:478:19:HAL_TIM_Base_Start_DMA	16	static
stm32f7xx_hal_tim.c:537:19:HAL_TIM_Base_Stop_DMA	8	static
stm32f7xx_hal_tim.c:680:13:HAL_TIM_OC_MspInit	0	static
stm32f7xx_hal_tim.c:592:19:HAL_TIM_OC_Init	24	static
stm32f7xx_hal_tim.c:695:13:HAL_TIM_OC_MspDeInit	0	static
stm32f7xx_hal_tim.c:644:19:HAL_TIM_OC_DeInit	8	static
stm32f7xx_hal_tim.c:718:19:HAL_TIM_OC_Start	4	static
stm32f7xx_hal_tim.c:758:19:HAL_TIM_OC_Stop	8	static
stm32f7xx_hal_tim.c:790:19:HAL_TIM_OC_Start_IT	4	static
stm32f7xx_hal_tim.c:862:19:HAL_TIM_OC_Stop_IT	0	static
stm32f7xx_hal_tim.c:930:19:HAL_TIM_OC_Start_DMA	16	static
stm32f7xx_hal_tim.c:1072:19:HAL_TIM_OC_Stop_DMA	16	static
stm32f7xx_hal_tim.c:1257:13:HAL_TIM_PWM_MspInit	0	static
stm32f7xx_hal_tim.c:1169:19:HAL_TIM_PWM_Init	24	static
stm32f7xx_hal_tim.c:1272:13:HAL_TIM_PWM_MspDeInit	0	static
stm32f7xx_hal_tim.c:1221:19:HAL_TIM_PWM_DeInit	8	static
stm32f7xx_hal_tim.c:1295:19:HAL_TIM_PWM_Start	4	static
stm32f7xx_hal_tim.c:1335:19:HAL_TIM_PWM_Stop	8	static
stm32f7xx_hal_tim.c:1370:19:HAL_TIM_PWM_Start_IT	4	static
stm32f7xx_hal_tim.c:1441:19:HAL_TIM_PWM_Stop_IT	0	static
stm32f7xx_hal_tim.c:1509:19:HAL_TIM_PWM_Start_DMA	16	static
stm32f7xx_hal_tim.c:1650:19:HAL_TIM_PWM_Stop_DMA	16	static
stm32f7xx_hal_tim.c:1835:13:HAL_TIM_IC_MspInit	0	static
stm32f7xx_hal_tim.c:1747:19:HAL_TIM_IC_Init	24	static
stm32f7xx_hal_tim.c:1850:13:HAL_TIM_IC_MspDeInit	0	static
stm32f7xx_hal_tim.c:1799:19:HAL_TIM_IC_DeInit	8	static
stm32f7xx_hal_tim.c:1871:19:HAL_TIM_IC_Start	4	static
stm32f7xx_hal_tim.c:1903:19:HAL_TIM_IC_Stop	8	static
stm32f7xx_hal_tim.c:1929:19:HAL_TIM_IC_Start_IT	0	static
stm32f7xx_hal_tim.c:1994:19:HAL_TIM_IC_Stop_IT	4	static
stm32f7xx_hal_tim.c:2056:19:HAL_TIM_IC_Start_DMA	16	static
stm32f7xx_hal_tim.c:2191:19:HAL_TIM_IC_Stop_DMA	16	static
stm32f7xx_hal_tim.c:2381:13:HAL_TIM_OnePulse_MspInit	0	static
stm32f7xx_hal_tim.c:2286:19:HAL_TIM_OnePulse_Init	24	static
stm32f7xx_hal_tim.c:2396:13:HAL_TIM_OnePulse_MspDeInit	0	static
stm32f7xx_hal_tim.c:2345:19:HAL_TIM_OnePulse_DeInit	8	static
stm32f7xx_hal_tim.c:2415:19:HAL_TIM_OnePulse_Start	0	static
stm32f7xx_hal_tim.c:2451:19:HAL_TIM_OnePulse_Stop	0	static
stm32f7xx_hal_tim.c:2487:19:HAL_TIM_OnePulse_Start_IT	0	static
stm32f7xx_hal_tim.c:2529:19:HAL_TIM_OnePulse_Stop_IT	0	static
stm32f7xx_hal_tim.c:2740:13:HAL_TIM_Encoder_MspInit	0	static
stm32f7xx_hal_tim.c:2599:19:HAL_TIM_Encoder_Init	32	static
stm32f7xx_hal_tim.c:2755:13:HAL_TIM_Encoder_MspDeInit	0	static
stm32f7xx_hal_tim.c:2704:19:HAL_TIM_Encoder_DeInit	8	static
stm32f7xx_hal_tim.c:2775:19:HAL_TIM_Encoder_Start	0	static
stm32f7xx_hal_tim.c:2819:19:HAL_TIM_Encoder_Stop	0	static
stm32f7xx_hal_tim.c:2865:19:HAL_TIM_Encoder_Start_IT	0	static
stm32f7xx_hal_tim.c:2915:19:HAL_TIM_Encoder_Stop_IT	0	static
stm32f7xx_hal_tim.c:2969:19:HAL_TIM_Encoder_Start_DMA	32	static
stm32f7xx_hal_tim.c:3103:19:HAL_TIM_Encoder_Stop_DMA	8	static
stm32f7xx_hal_tim.c:3399:19:HAL_TIM_OC_ConfigChannel	16	static
stm32f7xx_hal_tim.c:3499:19:HAL_TIM_IC_ConfigChannel	16	static
stm32f7xx_hal_tim.c:3598:19:HAL_TIM_PWM_ConfigChannel	16	static
stm32f7xx_hal_tim.c:3743:19:HAL_TIM_OnePulse_ConfigChannel	36	static
stm32f7xx_hal_tim.c:3888:19:HAL_TIM_DMABurst_WriteStart	24	static
stm32f7xx_hal_tim.c:4051:19:HAL_TIM_DMABurst_WriteStop	16	static
stm32f7xx_hal_tim.c:4154:19:HAL_TIM_DMABurst_ReadStart	24	static
stm32f7xx_hal_tim.c:4318:19:HAL_TIM_DMABurst_ReadStop	16	static
stm32f7xx_hal_tim.c:4397:19:HAL_TIM_GenerateEvent	8	static
stm32f7xx_hal_tim.c:4436:19:HAL_TIM_ConfigOCrefClear	12	static
stm32f7xx_hal_tim.c:4588:19:HAL_TIM_ConfigClockSource	16	static
stm32f7xx_hal_tim.c:4740:19:HAL_TIM_ConfigTI1Input	0	static
stm32f7xx_hal_tim.c:4772:19:HAL_TIM_SlaveConfigSynchro	16	static
stm32f7xx_hal_tim.c:4812:19:HAL_TIM_SlaveConfigSynchro_IT	16	static
stm32f7xx_hal_tim.c:4855:10:HAL_TIM_ReadCapturedValue	0	static
stm32f7xx_hal_tim.c:4939:13:HAL_TIM_PeriodElapsedCallback	0	static
stm32f7xx_hal_tim.c:5854:13:TIM_DMAPeriodElapsedCplt	8	static
stm32f7xx_hal_tim.c:4954:13:HAL_TIM_PeriodElapsedHalfCpltCallback	0	static
stm32f7xx_hal_tim.c:5872:13:TIM_DMAPeriodElapsedHalfCplt	8	static
stm32f7xx_hal_tim.c:4969:13:HAL_TIM_OC_DelayElapsedCallback	0	static
stm32f7xx_hal_tim.c:4984:13:HAL_TIM_IC_CaptureCallback	0	static
stm32f7xx_hal_tim.c:5772:6:TIM_DMACaptureCplt	8	static
stm32f7xx_hal_tim.c:4999:13:HAL_TIM_IC_CaptureHalfCpltCallback	0	static
stm32f7xx_hal_tim.c:5813:6:TIM_DMACaptureHalfCplt	8	static
stm32f7xx_hal_tim.c:5014:13:HAL_TIM_PWM_PulseFinishedCallback	0	static
stm32f7xx_hal_tim.c:5690:6:TIM_DMADelayPulseCplt	8	static
stm32f7xx_hal_tim.c:5029:13:HAL_TIM_PWM_PulseFinishedHalfCpltCallback	0	static
stm32f7xx_hal_tim.c:5731:6:TIM_DMADelayPulseHalfCplt	8	static
stm32f7xx_hal_tim.c:5044:13:HAL_TIM_TriggerCallback	0	static
stm32f7xx_hal_tim.c:3169:6:HAL_TIM_IRQHandler	8	static
stm32f7xx_hal_tim.c:5890:13:TIM_DMATriggerCplt	8	static
stm32f7xx_hal_tim.c:5059:13:HAL_TIM_TriggerHalfCpltCallback	0	static
stm32f7xx_hal_tim.c:5908:13:TIM_DMATriggerHalfCplt	8	static
stm32f7xx_hal_tim.c:5074:13:HAL_TIM_ErrorCallback	0	static
stm32f7xx_hal_tim.c:5672:6:TIM_DMAError	8	static
stm32f7xx_hal_tim.c:5600:22:HAL_TIM_Base_GetState	0	static
stm32f7xx_hal_tim.c:5610:22:HAL_TIM_OC_GetState	0	static
stm32f7xx_hal_tim.c:5620:22:HAL_TIM_PWM_GetState	0	static
stm32f7xx_hal_tim.c:5630:22:HAL_TIM_IC_GetState	0	static
stm32f7xx_hal_tim.c:5640:22:HAL_TIM_OnePulse_GetState	0	static
stm32f7xx_hal_tim.c:5650:22:HAL_TIM_Encoder_GetState	0	static
stm32f7xx_hal_tim.c:5927:6:TIM_Base_SetConfig	16	static
stm32f7xx_hal_tim.c:6050:6:TIM_OC2_SetConfig	16	static
stm32f7xx_hal_tim.c:6498:6:TIM_TI1_SetConfig	12	static
stm32f7xx_hal_tim.c:6792:6:TIM_ETR_SetConfig	4	static
stm32f7xx_hal_tim.c:6824:6:TIM_CCxChannelCmd	4	static
