stm32f7xx_hal.c:197:13:HAL_MspInit	0	static
stm32f7xx_hal.c:208:13:HAL_MspDeInit	0	static
stm32f7xx_hal.c:168:19:HAL_DeInit	8	static
stm32f7xx_hal.c:231:26:HAL_InitTick	8	static
stm32f7xx_hal.c:138:19:HAL_Init	8	static
stm32f7xx_hal.c:290:13:HAL_IncTick	0	static
stm32f7xx_hal.c:301:17:HAL_GetTick	0	static
stm32f7xx_hal.c:310:10:HAL_GetTickPrio	0	static
stm32f7xx_hal.c:319:19:HAL_SetTickFreq	8	static
stm32f7xx_hal.c:339:21:HAL_GetTickFreq	0	static
stm32f7xx_hal.c:355:13:HAL_Delay	16	static
stm32f7xx_hal.c:381:13:HAL_SuspendTick	0	static
stm32f7xx_hal.c:397:13:HAL_ResumeTick	0	static
stm32f7xx_hal.c:407:10:HAL_GetHalVersion	0	static
stm32f7xx_hal.c:416:10:HAL_GetREVID	0	static
stm32f7xx_hal.c:425:10:HAL_GetDEVID	0	static
stm32f7xx_hal.c:434:10:HAL_GetUIDw0	0	static
stm32f7xx_hal.c:443:10:HAL_GetUIDw1	0	static
stm32f7xx_hal.c:452:10:HAL_GetUIDw2	0	static
stm32f7xx_hal.c:461:6:HAL_DBGMCU_EnableDBGSleepMode	0	static
stm32f7xx_hal.c:470:6:HAL_DBGMCU_DisableDBGSleepMode	0	static
stm32f7xx_hal.c:479:6:HAL_DBGMCU_EnableDBGStopMode	0	static
stm32f7xx_hal.c:488:6:HAL_DBGMCU_DisableDBGStopMode	0	static
stm32f7xx_hal.c:497:6:HAL_DBGMCU_EnableDBGStandbyMode	0	static
stm32f7xx_hal.c:506:6:HAL_DBGMCU_DisableDBGStandbyMode	0	static
stm32f7xx_hal.c:517:6:HAL_EnableCompensationCell	0	static
stm32f7xx_hal.c:528:6:HAL_DisableCompensationCell	0	static
stm32f7xx_hal.c:541:6:HAL_EnableFMCMemorySwapping	0	static
stm32f7xx_hal.c:554:6:HAL_DisableFMCMemorySwapping	0	static
