stm32f7xx_ll_usb.c:86:19:USB_CoreInit	16	static
stm32f7xx_ll_usb.c:163:19:USB_SetTurnaroundTime	4	static
stm32f7xx_ll_usb.c:246:19:USB_EnableGlobalInt	0	static
stm32f7xx_ll_usb.c:258:19:USB_DisableGlobalInt	0	static
stm32f7xx_ll_usb.c:274:19:USB_SetCurrentMode	8	static
stm32f7xx_ll_usb.c:303:19:USB_DevInit	32	static
stm32f7xx_ll_usb.c:480:19:USB_FlushTxFifo	0	static
stm32f7xx_ll_usb.c:503:19:USB_FlushRxFifo	0	static
stm32f7xx_ll_usb.c:532:19:USB_SetDevSpeed	0	static
stm32f7xx_ll_usb.c:548:9:USB_GetDevSpeed	0	static
stm32f7xx_ll_usb.c:577:19:USB_ActivateEndpoint	12	static
stm32f7xx_ll_usb.c:615:19:USB_ActivateDedicatedEndpoint	12	static
stm32f7xx_ll_usb.c:654:19:USB_DeactivateEndpoint	8	static
stm32f7xx_ll_usb.c:689:19:USB_DeactivateDedicatedEndpoint	4	static
stm32f7xx_ll_usb.c:719:19:USB_EPStartXfer	28	static
stm32f7xx_ll_usb.c:850:19:USB_EP0StartXfer	20	static
stm32f7xx_ll_usb.c:947:19:USB_WritePacket	4	static
stm32f7xx_ll_usb.c:978:7:USB_ReadPacket	4	static
stm32f7xx_ll_usb.c:1000:19:USB_EPSetStall	0	static
stm32f7xx_ll_usb.c:1031:19:USB_EPClearStall	0	static
stm32f7xx_ll_usb.c:1060:19:USB_StopDevice	16	static
stm32f7xx_ll_usb.c:1101:20:USB_SetDevAddress	0	static
stm32f7xx_ll_usb.c:1116:20:USB_DevConnect	8	static
stm32f7xx_ll_usb.c:1131:20:USB_DevDisconnect	8	static
stm32f7xx_ll_usb.c:1146:11:USB_ReadInterrupts	0	static
stm32f7xx_ll_usb.c:1161:10:USB_ReadDevAllOutEpInterrupt	0	static
stm32f7xx_ll_usb.c:1177:10:USB_ReadDevAllInEpInterrupt	0	static
stm32f7xx_ll_usb.c:1195:10:USB_ReadDevOutEPInterrupt	0	static
stm32f7xx_ll_usb.c:1213:10:USB_ReadDevInEPInterrupt	8	static
stm32f7xx_ll_usb.c:1232:7:USB_ClearInterrupts	0	static
stm32f7xx_ll_usb.c:1245:10:USB_GetMode	0	static
stm32f7xx_ll_usb.c:1255:20:USB_ActivateSetup	0	static
stm32f7xx_ll_usb.c:1281:19:USB_EP0_OutStart	4	static
stm32f7xx_ll_usb.c:1419:19:USB_HostInit	24	static
stm32f7xx_ll_usb.c:1510:19:USB_InitFSLSPClkSel	4	static
stm32f7xx_ll_usb.c:1540:19:USB_ResetPort	24	static
stm32f7xx_ll_usb.c:1567:19:USB_DriveVbus	8	static
stm32f7xx_ll_usb.c:1597:10:USB_GetHostSpeed	8	static
stm32f7xx_ll_usb.c:1611:10:USB_GetCurrentFrame	0	static
stm32f7xx_ll_usb.c:1642:19:USB_HC_Init	28	static
stm32f7xx_ll_usb.c:1763:19:USB_HC_StartXfer	24	static
stm32f7xx_ll_usb.c:1891:10:USB_HC_ReadInterrupt	0	static
stm32f7xx_ll_usb.c:1905:19:USB_HC_Halt	4	static
stm32f7xx_ll_usb.c:1970:19:USB_DoPing	0	static
stm32f7xx_ll_usb.c:1994:19:USB_StopHost	4	static
stm32f7xx_ll_usb.c:2050:19:USB_ActivateRemoteWakeup	0	static
stm32f7xx_ll_usb.c:2068:19:USB_DeActivateRemoteWakeup	0	static
