stm32f7xx_ll_rcc.c:164:13:LL_RCC_DeInit	0	static
stm32f7xx_ll_rcc.c:256:6:LL_RCC_GetSystemClocksFreq	8	static
stm32f7xx_ll_rcc.c:281:10:LL_RCC_GetUSARTClockFreq	4	static
stm32f7xx_ll_rcc.c:420:10:LL_RCC_GetUARTClockFreq	4	static
stm32f7xx_ll_rcc.c:561:10:LL_RCC_GetI2CClockFreq	4	static
stm32f7xx_ll_rcc.c:672:10:LL_RCC_GetI2SClockFreq	4	static
stm32f7xx_ll_rcc.c:708:10:LL_RCC_GetLPTIMClockFreq	4	static
stm32f7xx_ll_rcc.c:759:10:LL_RCC_GetSAIClockFreq	8	static
stm32f7xx_ll_rcc.c:879:10:LL_RCC_GetSDMMCClockFreq	4	static
stm32f7xx_ll_rcc.c:961:10:LL_RCC_GetRNGClockFreq	4	static
stm32f7xx_ll_rcc.c:1034:10:LL_RCC_GetUSBClockFreq	4	static
stm32f7xx_ll_rcc.c:1224:10:RCC_GetSystemClockFreq	4	static
stm32f7xx_ll_rcc.c:1256:10:RCC_GetHCLKClockFreq	0	static
stm32f7xx_ll_rcc.c:1267:10:RCC_GetPCLK1ClockFreq	0	static
stm32f7xx_ll_rcc.c:1278:10:RCC_GetPCLK2ClockFreq	0	static
stm32f7xx_ll_rcc.c:1288:10:RCC_PLL_GetFreqDomain_SYS	4	static
stm32f7xx_ll_rcc.c:1319:10:RCC_PLL_GetFreqDomain_48M	4	static
stm32f7xx_ll_rcc.c:1380:10:RCC_PLLSAI_GetFreqDomain_SAI	4	static
stm32f7xx_ll_rcc.c:1411:10:RCC_PLLSAI_GetFreqDomain_48M	4	static
stm32f7xx_ll_rcc.c:1475:10:RCC_PLLI2S_GetFreqDomain_SAI	4	static
stm32f7xx_ll_rcc.c:1540:10:RCC_PLLI2S_GetFreqDomain_I2S	4	static
